Component: ARM Compiler 5.06 update 6 (build 750) Tool: armlink [4d35ed]

==============================================================================

Section Cross References

    startup_stm32f407xx.o(RESET) refers to startup_stm32f407xx.o(STACK) for __initial_sp
    startup_stm32f407xx.o(RESET) refers to startup_stm32f407xx.o(.text) for Reset_Handler
    startup_stm32f407xx.o(RESET) refers to stm32f4xx_it.o(i.NMI_Handler) for NMI_Handler
    startup_stm32f407xx.o(RESET) refers to stm32f4xx_it.o(i.HardFault_Handler) for HardFault_Handler
    startup_stm32f407xx.o(RESET) refers to stm32f4xx_it.o(i.MemManage_Handler) for MemManage_Handler
    startup_stm32f407xx.o(RESET) refers to stm32f4xx_it.o(i.BusFault_Handler) for BusFault_Handler
    startup_stm32f407xx.o(RESET) refers to stm32f4xx_it.o(i.UsageFault_Handler) for UsageFault_Handler
    startup_stm32f407xx.o(RESET) refers to stm32f4xx_it.o(i.SVC_Handler) for SVC_Handler
    startup_stm32f407xx.o(RESET) refers to stm32f4xx_it.o(i.DebugMon_Handler) for DebugMon_Handler
    startup_stm32f407xx.o(RESET) refers to stm32f4xx_it.o(i.PendSV_Handler) for PendSV_Handler
    startup_stm32f407xx.o(RESET) refers to stm32f4xx_it.o(i.SysTick_Handler) for SysTick_Handler
    startup_stm32f407xx.o(RESET) refers to stm32f4xx_it.o(i.USART1_IRQHandler) for USART1_IRQHandler
    startup_stm32f407xx.o(RESET) refers to stm32f4xx_it.o(i.OTG_FS_IRQHandler) for OTG_FS_IRQHandler
    startup_stm32f407xx.o(.text) refers to system_stm32f4xx.o(i.SystemInit) for SystemInit
    startup_stm32f407xx.o(.text) refers to entry.o(.ARM.Collect$$$$00000000) for __main
    stmflash.o(i.STMFLASH_Read) refers to stmflash.o(i.STMFLASH_ReadWord) for STMFLASH_ReadWord
    stmflash.o(i.STMFLASH_Write) refers to stm32f4xx_hal_flash.o(i.HAL_FLASH_Unlock) for HAL_FLASH_Unlock
    stmflash.o(i.STMFLASH_Write) refers to stmflash.o(i.STMFLASH_ReadWord) for STMFLASH_ReadWord
    stmflash.o(i.STMFLASH_Write) refers to stmflash.o(i.STMFLASH_GetFlashSector) for STMFLASH_GetFlashSector
    stmflash.o(i.STMFLASH_Write) refers to stm32f4xx_hal_flash_ex.o(i.HAL_FLASHEx_Erase) for HAL_FLASHEx_Erase
    stmflash.o(i.STMFLASH_Write) refers to stm32f4xx_hal_flash.o(i.FLASH_WaitForLastOperation) for FLASH_WaitForLastOperation
    stmflash.o(i.STMFLASH_Write) refers to stm32f4xx_hal_flash.o(i.HAL_FLASH_Program) for HAL_FLASH_Program
    stmflash.o(i.STMFLASH_Write) refers to stm32f4xx_hal_flash.o(i.HAL_FLASH_Lock) for HAL_FLASH_Lock
    iap.o(i.iap_load_app) refers to iap.o(.emb_text) for MSR_MSP
    iap.o(i.iap_load_app) refers to iap.o(.data) for jump_app
    iap.o(i.iap_write_appbin) refers to stmflash.o(i.STMFLASH_Write) for STMFLASH_Write
    iap.o(i.iap_write_appbin) refers to iap.o(.bss) for iapbuf
    kymodem.o(i.crc16_reset) refers to kymodem.o(.bss) for g_frame_state
    kymodem.o(i.crc16_sum) refers to kymodem.o(.bss) for g_frame_state
    kymodem.o(i.parser_frame) refers to kymodem.o(i.crc16_reset) for crc16_reset
    kymodem.o(i.parser_frame) refers to kymodem.o(i.crc16_sum) for crc16_sum
    kymodem.o(i.parser_frame) refers to kymodem.o(i.parser_frame_reset) for parser_frame_reset
    kymodem.o(i.parser_frame) refers to kymodem.o(.bss) for g_frame_state
    kymodem.o(i.parser_frame_reset) refers to kymodem.o(.bss) for g_frame_state
    kymodem.o(i.ymodem_init) refers to memcpya.o(.text) for __aeabi_memcpy4
    kymodem.o(i.ymodem_init) refers to kymodem.o(.bss) for g_ymodem
    kymodem.o(i.ymodem_parser_head) refers to strlen.o(.text) for strlen
    kymodem.o(i.ymodem_parser_head) refers to kymodem.o(i.str_to_u32) for str_to_u32
    kymodem.o(i.ymodem_parser_head) refers to memcpya.o(.text) for __aeabi_memcpy
    kymodem.o(i.ymodem_parser_head) refers to kymodem.o(.bss) for g_modem_rx_packet
    kymodem.o(i.ymodem_reset) refers to memseta.o(.text) for __aeabi_memclr4
    kymodem.o(i.ymodem_reset) refers to kymodem.o(.bss) for g_frame
    kymodem.o(i.ymodem_rx_handle) refers to kymodem.o(i.parser_frame) for parser_frame
    kymodem.o(i.ymodem_rx_handle) refers to kymodem.o(i.ymodem_parser_head) for ymodem_parser_head
    kymodem.o(i.ymodem_rx_handle) refers to drv_com.o(i.drv_com1_write) for drv_com1_write
    kymodem.o(i.ymodem_rx_handle) refers to kymodem.o(i.ymodem_reset) for ymodem_reset
    kymodem.o(i.ymodem_rx_handle) refers to kymodem.o(.data) for g_write_C_disable
    kymodem.o(i.ymodem_rx_handle) refers to kymodem.o(.bss) for g_frame
    kymodem.o(i.ymodem_rx_time_handle) refers to drv_com.o(i.drv_com1_write) for drv_com1_write
    kymodem.o(i.ymodem_rx_time_handle) refers to kymodem.o(.data) for i
    kymodem.o(i.ymodem_tx_data_packet) refers to printfa.o(i.__0printf) for __2printf
    kymodem.o(i.ymodem_tx_data_packet) refers to kymodem.o(i.crc16) for crc16
    kymodem.o(i.ymodem_tx_data_packet) refers to kymodem.o(.bss) for g_modem_tx_packet
    kymodem.o(i.ymodem_tx_end_packet) refers to kymodem.o(.bss) for g_ymodem
[...]
    _printf_charcount                        0x00000000   Number         0  stubs.o ABSOLUTE
    _printf_d                                0x00000000   Number         0  stubs.o ABSOLUTE
    _printf_e                                0x00000000   Number         0  stubs.o ABSOLUTE
    _printf_f                                0x00000000   Number         0  stubs.o ABSOLUTE
    _printf_flags                            0x00000000   Number         0  stubs.o ABSOLUTE
    _printf_fp_dec                           0x00000000   Number         0  stubs.o ABSOLUTE
    _printf_fp_hex                           0x00000000   Number         0  stubs.o ABSOLUTE
    _printf_g                                0x00000000   Number         0  stubs.o ABSOLUTE
    _printf_i                                0x00000000   Number         0  stubs.o ABSOLUTE
    _printf_int_dec                          0x00000000   Number         0  stubs.o ABSOLUTE
    _printf_l                                0x00000000   Number         0  stubs.o ABSOLUTE
    _printf_lc                               0x00000000   Number         0  stubs.o ABSOLUTE
    _printf_ll                               0x00000000   Number         0  stubs.o ABSOLUTE
    _printf_lld                              0x00000000   Number         0  stubs.o ABSOLUTE
    _printf_lli                              0x00000000   Number         0  stubs.o ABSOLUTE
    _printf_llo                              0x00000000   Number         0  stubs.o ABSOLUTE
    _printf_llu                              0x00000000   Number         0  stubs.o ABSOLUTE
    _printf_llx                              0x00000000   Number         0  stubs.o ABSOLUTE
    _printf_longlong_dec                     0x00000000   Number         0  stubs.o ABSOLUTE
    _printf_longlong_hex                     0x00000000   Number         0  stubs.o ABSOLUTE
    _printf_longlong_oct                     0x00000000   Number         0  stubs.o ABSOLUTE
    _printf_ls                               0x00000000   Number         0  stubs.o ABSOLUTE
    _printf_mbtowc                           0x00000000   Number         0  stubs.o ABSOLUTE
    _printf_n                                0x00000000   Number         0  stubs.o ABSOLUTE
    _printf_o                                0x00000000   Number         0  stubs.o ABSOLUTE
    _printf_p                                0x00000000   Number         0  stubs.o ABSOLUTE
    _printf_percent                          0x00000000   Number         0  stubs.o ABSOLUTE
    _printf_pre_padding                      0x00000000   Number         0  stubs.o ABSOLUTE
    _printf_return_value                     0x00000000   Number         0  stubs.o ABSOLUTE
    _printf_s                                0x00000000   Number         0  stubs.o ABSOLUTE
    _printf_sizespec                         0x00000000   Number         0  stubs.o ABSOLUTE
    _printf_str                              0x00000000   Number         0  stubs.o ABSOLUTE
    _printf_truncate_signed                  0x00000000   Number         0  stubs.o ABSOLUTE
    _printf_truncate_unsigned                0x00000000   Number         0  stubs.o ABSOLUTE
    _printf_u                                0x00000000   Number         0  stubs.o ABSOLUTE
    _printf_wc                               0x00000000   Number         0  stubs.o ABSOLUTE
    _printf_wctomb                           0x00000000   Number         0  stubs.o ABSOLUTE
    _printf_widthprec                        0x00000000   Number         0  stubs.o ABSOLUTE
    _printf_x                                0x00000000   Number         0  stubs.o ABSOLUTE
    __cpp_initialize__aeabi_                  - Undefined Weak Reference
    __cxa_finalize                            - Undefined Weak Reference
    _clock_init                               - Undefined Weak Reference
    _microlib_exit                            - Undefined Weak Reference
    __Vectors_Size                           0x00000188   Number         0  startup_stm32f407xx.o ABSOLUTE
    __Vectors                                0x08000000   Data           4  startup_stm32f407xx.o(RESET)
    __Vectors_End                            0x08000188   Data           0  startup_stm32f407xx.o(RESET)
    __main                                   0x08000189   Thumb Code     0  entry.o(.ARM.Collect$$$$00000000)
    _main_stk                                0x08000189   Thumb Code     0  entry2.o(.ARM.Collect$$$$00000001)
    _main_scatterload                        0x0800018d   Thumb Code     0  entry5.o(.ARM.Collect$$$$00000004)
    __main_after_scatterload                 0x08000191   Thumb Code     0  entry5.o(.ARM.Collect$$$$00000004)
    _main_clock                              0x08000191   Thumb Code     0  entry7b.o(.ARM.Collect$$$$00000008)
    _main_cpp_init                           0x08000191   Thumb Code     0  entry8b.o(.ARM.Collect$$$$0000000A)
    _main_init                               0x08000191   Thumb Code     0  entry9a.o(.ARM.Collect$$$$0000000B)
    __rt_final_cpp                           0x08000199   Thumb Code     0  entry10a.o(.ARM.Collect$$$$0000000D)
    __rt_final_exit                          0x08000199   Thumb Code     0  entry11a.o(.ARM.Collect$$$$0000000F)
    MSR_MSP                                  0x0800019d   Thumb Code     6  iap.o(.emb_text)
    Reset_Handler                            0x080001a5   Thumb Code     8  startup_stm32f407xx.o(.text)
    ADC_IRQHandler                           0x080001bf   Thumb Code     0  startup_stm32f407xx.o(.text)
    CAN1_RX0_IRQHandler                      0x080001bf   Thumb Code     0  startup_stm32f407xx.o(.text)
    CAN1_RX1_IRQHandler                      0x080001bf   Thumb Code     0  startup_stm32f407xx.o(.text)
    CAN1_SCE_IRQHandler                      0x080001bf   Thumb Code     0  startup_stm32f407xx.o(.text)
    CAN1_TX_IRQHandler                       0x080001bf   Thumb Code     0  startup_stm32f407xx.o(.text)
    CAN2_RX0_IRQHandler                      0x080001bf   Thumb Code     0  startup_stm32f407xx.o(.text)
    CAN2_RX1_IRQHandler                      0x080001bf   Thumb Code     0  startup_stm32f407xx.o(.text)
    CAN2_SCE_IRQHandler                      0x080001bf   Thumb Code     0  startup_stm32f407xx.o(.text)
    CAN2_TX_IRQHandler                       0x080001bf   Thumb Code     0  startup_stm32f407xx.o(.text)
    DCMI_IRQHandler                          0x080001bf   Thumb Code     0  startup_stm32f407xx.o(.text)
    DMA1_Stream0_IRQHandler                  0x080001bf   Thumb Code     0  startup_stm32f407xx.o(.text)
    DMA1_Stream1_IRQHandler                  0x080001bf   Thumb Code     0  startup_stm32f407xx.o(.text)
    DMA1_Stream2_IRQHandler                  0x080001bf   Thumb Code     0  startup_stm32f407xx.o(.text)
    DMA1_Stream3_IRQHandler                  0x080001bf   Thumb Code     0  startup_stm32f407xx.o(.text)
    DMA1_Stream4_IRQHandler                  0x080001bf   Thumb Code     0  startup_stm32f407xx.o(.text)
    DMA1_Stream5_IRQHandler                  0x080001bf   Thumb Code     0  startup_stm32f407xx.o(.text)
    DMA1_Stream6_IRQHandler                  0x080001bf   Thumb Code     0  startup_stm32f407xx.o(.text)
    DMA1_Stream7_IRQHandler                  0x080001bf   Thumb Code     0  startup_stm32f407xx.o(.text)
    DMA2_Stream0_IRQHandler                  0x080001bf   Thumb Code     0  startup_stm32f407xx.o(.text)
    DMA2_Stream1_IRQHandler                  0x080001bf   Thumb Code     0  startup_stm32f407xx.o(.text)
    DMA2_Stream2_IRQHandler                  0x080001bf   Thumb Code     0  startup_stm32f407xx.o(.text)
    DMA2_Stream3_IRQHandler                  0x080001bf   Thumb Code     0  startup_stm32f407xx.o(.text)
    DMA2_Stream4_IRQHandler                  0x080001bf   Thumb Code     0  startup_stm32f407xx.o(.text)
    DMA2_Stream5_IRQHandler                  0x080001bf   Thumb Code     0  startup_stm32f407xx.o(.text)
    DMA2_Stream6_IRQHandler                  0x080001bf   Thumb Code     0  startup_stm32f407xx.o(.text)
    DMA2_Stream7_IRQHandler                  0x080001bf   Thumb Code     0  startup_stm32f407xx.o(.text)
    ETH_IRQHandler                           0x080001bf   Thumb Code     0  startup_stm32f407xx.o(.text)
    ETH_WKUP_IRQHandler                      0x080001bf   Thumb Code     0  startup_stm32f407xx.o(.text)
    EXTI0_IRQHandler                         0x080001bf   Thumb Code     0  startup_stm32f407xx.o(.text)
    EXTI15_10_IRQHandler                     0x080001bf   Thumb Code     0  startup_stm32f407xx.o(.text)
    EXTI1_IRQHandler                         0x080001bf   Thumb Code     0  startup_stm32f407xx.o(.text)
    EXTI2_IRQHandler                         0x080001bf   Thumb Code     0  startup_stm32f407xx.o(.text)
    EXTI3_IRQHandler                         0x080001bf   Thumb Code     0  startup_stm32f407xx.o(.text)
    EXTI4_IRQHandler                         0x080001bf   Thumb Code     0  startup_stm32f407xx.o(.text)
    EXTI9_5_IRQHandler                       0x080001bf   Thumb Code     0  startup_stm32f407xx.o(.text)
    FLASH_IRQHandler                         0x080001bf   Thumb Code     0  startup_stm32f407xx.o(.text)
    FMC_IRQHandler                           0x080001bf   Thumb Code     0  startup_stm32f407xx.o(.text)
    FPU_IRQHandler                           0x080001bf   Thumb Code     0  startup_stm32f407xx.o(.text)
    HASH_RNG_IRQHandler                      0x080001bf   Thumb Code     0  startup_stm32f407xx.o(.text)
    I2C1_ER_IRQHandler                       0x080001bf   Thumb Code     0  startup_stm32f407xx.o(.text)
    I2C1_EV_IRQHandler                       0x080001bf   Thumb Code     0  startup_stm32f407xx.o(.text)
    I2C2_ER_IRQHandler                       0x080001bf   Thumb Code     0  startup_stm32f407xx.o(.text)
    I2C2_EV_IRQHandler                       0x080001bf   Thumb Code     0  startup_stm32f407xx.o(.text)
    I2C3_ER_IRQHandler                       0x080001bf   Thumb Code     0  startup_stm32f407xx.o(.text)
    I2C3_EV_IRQHandler                       0x080001bf   Thumb Code     0  startup_stm32f407xx.o(.text)
    OTG_FS_WKUP_IRQHandler                   0x080001bf   Thumb Code     0  startup_stm32f407xx.o(.text)
    OTG_HS_EP1_IN_IRQHandler                 0x080001bf   Thumb Code     0  startup_stm32f407xx.o(.text)
    OTG_HS_EP1_OUT_IRQHandler                0x080001bf   Thumb Code     0  startup_stm32f407xx.o(.text)
    OTG_HS_IRQHandler                        0x080001bf   Thumb Code     0  startup_stm32f407xx.o(.text)
    OTG_HS_WKUP_IRQHandler                   0x080001bf   Thumb Code     0  startup_stm32f407xx.o(.text)
    PVD_IRQHandler                           0x080001bf   Thumb Code     0  startup_stm32f407xx.o(.text)
    RCC_IRQHandler                           0x080001bf   Thumb Code     0  startup_stm32f407xx.o(.text)
    RTC_Alarm_IRQHandler                     0x080001bf   Thumb Code     0  startup_stm32f407xx.o(.text)
    RTC_WKUP_IRQHandler                      0x080001bf   Thumb Code     0  startup_stm32f407xx.o(.text)
    SDIO_IRQHandler                          0x080001bf   Thumb Code     0  startup_stm32f407xx.o(.text)
    SPI1_IRQHandler                          0x080001bf   Thumb Code     0  startup_stm32f407xx.o(.text)
    SPI2_IRQHandler                          0x080001bf   Thumb Code     0  startup_stm32f407xx.o(.text)
    SPI3_IRQHandler                          0x080001bf   Thumb Code     0  startup_stm32f407xx.o(.text)
    TAMP_STAMP_IRQHandler                    0x080001bf   Thumb Code     0  startup_stm32f407xx.o(.text)
    TIM1_BRK_TIM9_IRQHandler                 0x080001bf   Thumb Code     0  startup_stm32f407xx.o(.text)
    TIM1_CC_IRQHandler                       0x080001bf   Thumb Code     0  startup_stm32f407xx.o(.text)
    TIM1_TRG_COM_TIM11_IRQHandler            0x080001bf   Thumb Code     0  startup_stm32f407xx.o(.text)
    TIM1_UP_TIM10_IRQHandler                 0x080001bf   Thumb Code     0  startup_stm32f407xx.o(.text)
    TIM2_IRQHandler                          0x080001bf   Thumb Code     0  startup_stm32f407xx.o(.text)
    TIM3_IRQHandler                          0x080001bf   Thumb Code     0  startup_stm32f407xx.o(.text)
    TIM4_IRQHandler                          0x080001bf   Thumb Code     0  startup_stm32f407xx.o(.text)
    TIM5_IRQHandler                          0x080001bf   Thumb Code     0  startup_stm32f407xx.o(.text)
    TIM6_DAC_IRQHandler                      0x080001bf   Thumb Code     0  startup_stm32f407xx.o(.text)
    TIM7_IRQHandler                          0x080001bf   Thumb Code     0  startup_stm32f407xx.o(.text)
    TIM8_BRK_TIM12_IRQHandler                0x080001bf   Thumb Code     0  startup_stm32f407xx.o(.text)
    TIM8_CC_IRQHandler                       0x080001bf   Thumb Code     0  startup_stm32f407xx.o(.text)
    TIM8_TRG_COM_TIM14_IRQHandler            0x080001bf   Thumb Code     0  startup_stm32f407xx.o(.text)
    TIM8_UP_TIM13_IRQHandler                 0x080001bf   Thumb Code     0  startup_stm32f407xx.o(.text)
    UART4_IRQHandler                         0x080001bf   Thumb Code     0  startup_stm32f407xx.o(.text)
    UART5_IRQHandler                         0x080001bf   Thumb Code     0  startup_stm32f407xx.o(.text)
    USART2_IRQHandler                        0x080001bf   Thumb Code     0  startup_stm32f407xx.o(.text)
    USART3_IRQHandler                        0x080001bf   Thumb Code     0  startup_stm32f407xx.o(.text)
    USART6_IRQHandler                        0x080001bf   Thumb Code     0  startup_stm32f407xx.o(.text)
    WWDG_IRQHandler                          0x080001bf   Thumb Code     0  startup_stm32f407xx.o(.text)
    __aeabi_uldivmod                         0x080001c9   Thumb Code    98  uldiv.o(.text)
    __aeabi_memcpy                           0x0800022b   Thumb Code    36  memcpya.o(.text)
    __aeabi_memcpy4                          0x0800022b   Thumb Code     0  memcpya.o(.text)
    __aeabi_memcpy8                          0x0800022b   Thumb Code     0  memcpya.o(.text)
    __aeabi_memset                           0x0800024f   Thumb Code    14  memseta.o(.text)
    __aeabi_memset4                          0x0800024f   Thumb Code     0  memseta.o(.text)
    __aeabi_memset8                          0x0800024f   Thumb Code     0  memseta.o(.text)
    __aeabi_memclr                           0x0800025d   Thumb Code     4  memseta.o(.text)
    __aeabi_memclr4                          0x0800025d   Thumb Code     0  memseta.o(.text)
    __aeabi_memclr8                          0x0800025d   Thumb Code     0  memseta.o(.text)
    _memset$wrapper                          0x08000261   Thumb Code    18  memseta.o(.text)
    __aeabi_uidiv                            0x08000273   Thumb Code     0  uidiv.o(.text)
    __aeabi_uidivmod                         0x08000273   Thumb Code    44  uidiv.o(.text)
    __aeabi_llsl                             0x0800029f   Thumb Code    30  llshl.o(.text)
    _ll_shift_l                              0x0800029f   Thumb Code     0  llshl.o(.text)
    __aeabi_llsr                             0x080002bd   Thumb Code    32  llushr.o(.text)
    _ll_ushift_r                             0x080002bd   Thumb Code     0  llushr.o(.text)
    __I$use$fp                               0x080002dd   Thumb Code     0  iusefp.o(.text)
    __aeabi_dadd                             0x080002dd   Thumb Code   322  dadd.o(.text)
    __aeabi_dsub                             0x0800041f   Thumb Code     6  dadd.o(.text)
    __aeabi_drsub                            0x08000425   Thumb Code     6  dadd.o(.text)
    __aeabi_dmul                             0x0800042b   Thumb Code   228  dmul.o(.text)
    __aeabi_ddiv                             0x0800050f   Thumb Code   222  ddiv.o(.text)
    __aeabi_d2ulz                            0x080005ed   Thumb Code    48  dfixul.o(.text)
    __aeabi_cdrcmple                         0x0800061d   Thumb Code    48  cdrcmple.o(.text)
    __scatterload                            0x0800064d   Thumb Code    28  init.o(.text)
    __scatterload_rt2                        0x0800064d   Thumb Code     0  init.o(.text)
    __aeabi_lasr                             0x08000671   Thumb Code    36  llsshr.o(.text)
    _ll_sshift_r                             0x08000671   Thumb Code     0  llsshr.o(.text)
    _double_round                            0x08000695   Thumb Code    30  depilogue.o(.text)
    _double_epilogue                         0x080006b3   Thumb Code   156  depilogue.o(.text)
    __decompress                             0x0800074f   Thumb Code     0  __dczerorl2.o(.text)
    __decompress1                            0x0800074f   Thumb Code    86  __dczerorl2.o(.text)
    BusFault_Handler                         0x080007a5   Thumb Code     4  stm32f4xx_it.o(i.BusFault_Handler)
    DebugMon_Handler                         0x080007a9   Thumb Code     2  stm32f4xx_it.o(i.DebugMon_Handler)
    Error_Handler                            0x080007ab   Thumb Code     2  main.o(i.Error_Handler)
    FATFS_LinkDriver                         0x080007ad   Thumb Code    18  ff_gen_drv.o(i.FATFS_LinkDriver)
    FATFS_LinkDriverEx                       0x080007c1   Thumb Code    78  ff_gen_drv.o(i.FATFS_LinkDriverEx)
    FLASH_Erase_Sector                       0x08000815   Thumb Code    86  stm32f4xx_hal_flash_ex.o(i.FLASH_Erase_Sector)
    FLASH_FlushCaches                        0x08000871   Thumb Code   114  stm32f4xx_hal_flash_ex.o(i.FLASH_FlushCaches)
    FLASH_If_Erase                           0x080008e9   Thumb Code    52  flash_if.o(i.FLASH_If_Erase)
    FLASH_If_Init                            0x08000921   Thumb Code    14  flash_if.o(i.FLASH_If_Init)
    FLASH_If_Write                           0x08000935   Thumb Code    74  flash_if.o(i.FLASH_If_Write)
    FLASH_WaitForLastOperation               0x08000afd   Thumb Code    90  stm32f4xx_hal_flash.o(i.FLASH_WaitForLastOperation)
    HAL_Delay                                0x08000c29   Thumb Code    36  stm32f4xx_hal.o(i.HAL_Delay)
    HAL_FLASHEx_Erase                        0x08000c51   Thumb Code   164  stm32f4xx_hal_flash_ex.o(i.HAL_FLASHEx_Erase)
    HAL_FLASH_Program                        0x08000cfd   Thumb Code   142  stm32f4xx_hal_flash.o(i.HAL_FLASH_Program)
    HAL_FLASH_Unlock                         0x08000d95   Thumb Code    38  stm32f4xx_hal_flash.o(i.HAL_FLASH_Unlock)
    HAL_GPIO_Init                            0x08000dc9   Thumb Code   466  stm32f4xx_hal_gpio.o(i.HAL_GPIO_Init)
    HAL_GPIO_WritePin                        0x08000fc9   Thumb Code    12  stm32f4xx_hal_gpio.o(i.HAL_GPIO_WritePin)
    HAL_GetTick                              0x08000fd5   Thumb Code     6  stm32f4xx_hal.o(i.HAL_GetTick)
    HAL_IncTick                              0x08000fe1   Thumb Code    16  stm32f4xx_hal.o(i.HAL_IncTick)
    HAL_Init                                 0x08000ff9   Thumb Code    54  stm32f4xx_hal.o(i.HAL_Init)
    HAL_InitTick                             0x08001035   Thumb Code    64  stm32f4xx_hal.o(i.HAL_InitTick)
    HAL_MspInit                              0x08001081   Thumb Code    68  stm32f4xx_hal_msp.o(i.HAL_MspInit)
    HAL_NVIC_EnableIRQ                       0x080010c9   Thumb Code    32  stm32f4xx_hal_cortex.o(i.HAL_NVIC_EnableIRQ)
    HAL_NVIC_SetPriority                     0x080010e9   Thumb Code   124  stm32f4xx_hal_cortex.o(i.HAL_NVIC_SetPriority)
    HAL_NVIC_SetPriorityGrouping             0x08001165   Thumb Code    32  stm32f4xx_hal_cortex.o(i.HAL_NVIC_SetPriorityGrouping)
    HAL_PCDEx_LPM_Callback                   0x0800118d   Thumb Code     2  stm32f4xx_hal_pcd_ex.o(i.HAL_PCDEx_LPM_Callback)
    HAL_PCDEx_SetRxFiFo                      0x0800118f   Thumb Code    10  stm32f4xx_hal_pcd_ex.o(i.HAL_PCDEx_SetRxFiFo)
    HAL_PCDEx_SetTxFiFo                      0x08001199   Thumb Code    78  stm32f4xx_hal_pcd_ex.o(i.HAL_PCDEx_SetTxFiFo)
    HAL_PCD_ConnectCallback                  0x080011e7   Thumb Code    14  usbd_conf.o(i.HAL_PCD_ConnectCallback)
    HAL_PCD_DataInStageCallback              0x080011f5   Thumb Code    32  usbd_conf.o(i.HAL_PCD_DataInStageCallback)
    HAL_PCD_DataOutStageCallback             0x08001215   Thumb Code    32  usbd_conf.o(i.HAL_PCD_DataOutStageCallback)
    HAL_PCD_DisconnectCallback               0x08001235   Thumb Code    14  usbd_conf.o(i.HAL_PCD_DisconnectCallback)
    HAL_PCD_EP_Close                         0x08001243   Thumb Code   106  stm32f4xx_hal_pcd.o(i.HAL_PCD_EP_Close)
    HAL_PCD_EP_ClrStall                      0x080012ad   Thumb Code   124  stm32f4xx_hal_pcd.o(i.HAL_PCD_EP_ClrStall)
    HAL_PCD_EP_Flush                         0x08001329   Thumb Code    68  stm32f4xx_hal_pcd.o(i.HAL_PCD_EP_Flush)
    HAL_PCD_EP_GetRxCount                    0x0800136d   Thumb Code    22  stm32f4xx_hal_pcd.o(i.HAL_PCD_EP_GetRxCount)
    HAL_PCD_EP_Open                          0x08001383   Thumb Code   140  stm32f4xx_hal_pcd.o(i.HAL_PCD_EP_Open)
    HAL_PCD_EP_Receive                       0x0800140f   Thumb Code    88  stm32f4xx_hal_pcd.o(i.HAL_PCD_EP_Receive)
    HAL_PCD_EP_SetStall                      0x08001467   Thumb Code   138  stm32f4xx_hal_pcd.o(i.HAL_PCD_EP_SetStall)
    HAL_PCD_EP_Transmit                      0x080014f1   Thumb Code    90  stm32f4xx_hal_pcd.o(i.HAL_PCD_EP_Transmit)
    HAL_PCD_IRQHandler                       0x0800154b   Thumb Code  1372  stm32f4xx_hal_pcd.o(i.HAL_PCD_IRQHandler)
    HAL_PCD_ISOINIncompleteCallback          0x08001aa7   Thumb Code    18  usbd_conf.o(i.HAL_PCD_ISOINIncompleteCallback)
    HAL_PCD_ISOOUTIncompleteCallback         0x08001ab9   Thumb Code    18  usbd_conf.o(i.HAL_PCD_ISOOUTIncompleteCallback)
    HAL_PCD_Init                             0x08001acb   Thumb Code   358  stm32f4xx_hal_pcd.o(i.HAL_PCD_Init)
    HAL_PCD_MspInit                          0x08001c31   Thumb Code   160  usbd_conf.o(i.HAL_PCD_MspInit)
    HAL_PCD_ResetCallback                    0x08001cd9   Thumb Code    48  usbd_conf.o(i.HAL_PCD_ResetCallback)
    HAL_PCD_ResumeCallback                   0x08001d09   Thumb Code    14  usbd_conf.o(i.HAL_PCD_ResumeCallback)
    HAL_PCD_SOFCallback                      0x08001d17   Thumb Code    14  usbd_conf.o(i.HAL_PCD_SOFCallback)
    HAL_PCD_SetAddress                       0x08001d25   Thumb Code    54  stm32f4xx_hal_pcd.o(i.HAL_PCD_SetAddress)
    HAL_PCD_SetupStageCallback               0x08001d5b   Thumb Code    18  usbd_conf.o(i.HAL_PCD_SetupStageCallback)
    HAL_PCD_Start                            0x08001d6d   Thumb Code    74  stm32f4xx_hal_pcd.o(i.HAL_PCD_Start)
    HAL_PCD_SuspendCallback                  0x08001db9   Thumb Code    46  usbd_conf.o(i.HAL_PCD_SuspendCallback)
    HAL_RCC_ClockConfig                      0x08001ded   Thumb Code   368  stm32f4xx_hal_rcc.o(i.HAL_RCC_ClockConfig)
    HAL_RCC_GetHCLKFreq                      0x08001f71   Thumb Code     6  stm32f4xx_hal_rcc.o(i.HAL_RCC_GetHCLKFreq)
    HAL_RCC_GetSysClockFreq                  0x08001f7d   Thumb Code   162  stm32f4xx_hal_rcc.o(i.HAL_RCC_GetSysClockFreq)
    HAL_RCC_OscConfig                        0x0800202d   Thumb Code  1152  stm32f4xx_hal_rcc.o(i.HAL_RCC_OscConfig)
    HAL_SYSTICK_Config                       0x080024b5   Thumb Code    52  stm32f4xx_hal_cortex.o(i.HAL_SYSTICK_Config)
    HardFault_Handler                        0x080024e9   Thumb Code     4  stm32f4xx_it.o(i.HardFault_Handler)
    LL_GPIO_Init                             0x08002549   Thumb Code   312  stm32f4xx_ll_gpio.o(i.LL_GPIO_Init)
    LL_RCC_GetSystemClocksFreq               0x08002681   Thumb Code    36  stm32f4xx_ll_rcc.o(i.LL_RCC_GetSystemClocksFreq)
    LL_USART_Init                            0x080026d1   Thumb Code   170  stm32f4xx_ll_usart.o(i.LL_USART_Init)
    MSC_BOT_CplClrFeature                    0x08002a7d   Thumb Code    64  usbd_msc_bot.o(i.MSC_BOT_CplClrFeature)
    MSC_BOT_DataIn                           0x08002abd   Thumb Code    74  usbd_msc_bot.o(i.MSC_BOT_DataIn)
    MSC_BOT_DataOut                          0x08002b07   Thumb Code    64  usbd_msc_bot.o(i.MSC_BOT_DataOut)
    MSC_BOT_DeInit                           0x08002b47   Thumb Code    10  usbd_msc_bot.o(i.MSC_BOT_DeInit)
    MSC_BOT_Init                             0x08002b51   Thumb Code    68  usbd_msc_bot.o(i.MSC_BOT_Init)
    MSC_BOT_Reset                            0x08002b95   Thumb Code    48  usbd_msc_bot.o(i.MSC_BOT_Reset)
    MSC_BOT_SendCSW                          0x08002bc5   Thumb Code    56  usbd_msc_bot.o(i.MSC_BOT_SendCSW)
    MX_FATFS_Init                            0x08002c4d   Thumb Code    16  fatfs.o(i.MX_FATFS_Init)
    MX_GPIO_Init                             0x08002c69   Thumb Code   170  gpio.o(i.MX_GPIO_Init)
    MX_USART1_UART_Init                      0x08002d1d   Thumb Code   296  usart.o(i.MX_USART1_UART_Init)
    MX_USART2_UART_Init                      0x08002e59   Thumb Code   130  usart.o(i.MX_USART2_UART_Init)
    MX_USB_DEVICE_Init                       0x08002ee9   Thumb Code    60  usb_device.o(i.MX_USB_DEVICE_Init)
    MemManage_Handler                        0x08002f35   Thumb Code     4  stm32f4xx_it.o(i.MemManage_Handler)
    NMI_Handler                              0x08002f39   Thumb Code     2  stm32f4xx_it.o(i.NMI_Handler)
    OTG_FS_IRQHandler                        0x08002f3d   Thumb Code    10  stm32f4xx_it.o(i.OTG_FS_IRQHandler)
    PendSV_Handler                           0x080031e3   Thumb Code     2  stm32f4xx_it.o(i.PendSV_Handler)
    RCC_GetHCLKClockFreq                     0x080031e5   Thumb Code    24  stm32f4xx_ll_rcc.o(i.RCC_GetHCLKClockFreq)
    RCC_GetPCLK1ClockFreq                    0x08003205   Thumb Code    26  stm32f4xx_ll_rcc.o(i.RCC_GetPCLK1ClockFreq)
    RCC_GetPCLK2ClockFreq                    0x08003229   Thumb Code    26  stm32f4xx_ll_rcc.o(i.RCC_GetPCLK2ClockFreq)
    RCC_GetSystemClockFreq                   0x0800324d   Thumb Code    54  stm32f4xx_ll_rcc.o(i.RCC_GetSystemClockFreq)
    RCC_PLL_GetFreqDomain_SYS                0x08003291   Thumb Code   100  stm32f4xx_ll_rcc.o(i.RCC_PLL_GetFreqDomain_SYS)
    SCSI_ProcessCmd                          0x08003451   Thumb Code   330  usbd_msc_scsi.o(i.SCSI_ProcessCmd)
    SCSI_SenseCode                           0x08003b97   Thumb Code    72  usbd_msc_scsi.o(i.SCSI_SenseCode)
    SVC_Handler                              0x08003ff9   Thumb Code     2  stm32f4xx_it.o(i.SVC_Handler)
    SysTick_Handler                          0x0800400d   Thumb Code     8  stm32f4xx_it.o(i.SysTick_Handler)
    SystemClock_Config                       0x08004015   Thumb Code   172  main.o(i.SystemClock_Config)
    SystemInit                               0x080040c9   Thumb Code    24  system_stm32f4xx.o(i.SystemInit)
    USART1_IRQHandler                        0x080040e5   Thumb Code    32  stm32f4xx_it.o(i.USART1_IRQHandler)
    USBD_ClrClassConfig                      0x0800410d   Thumb Code    28  usbd_core.o(i.USBD_ClrClassConfig)
    USBD_CtlContinueRx                       0x08004167   Thumb Code    24  usbd_ioreq.o(i.USBD_CtlContinueRx)
    USBD_CtlContinueSendData                 0x0800417f   Thumb Code    24  usbd_ioreq.o(i.USBD_CtlContinueSendData)
    USBD_CtlError                            0x08004197   Thumb Code    24  usbd_ctlreq.o(i.USBD_CtlError)
    USBD_CtlReceiveStatus                    0x080041af   Thumb Code    26  usbd_ioreq.o(i.USBD_CtlReceiveStatus)
    USBD_CtlSendData                         0x080041c9   Thumb Code    34  usbd_ioreq.o(i.USBD_CtlSendData)
    USBD_CtlSendStatus                       0x080041eb   Thumb Code    26  usbd_ioreq.o(i.USBD_CtlSendStatus)
    USBD_FS_ConfigStrDescriptor              0x08004205   Thumb Code    34  usbd_desc.o(i.USBD_FS_ConfigStrDescriptor)
    USBD_FS_DeviceDescriptor                 0x08004239   Thumb Code    10  usbd_desc.o(i.USBD_FS_DeviceDescriptor)
    USBD_FS_InterfaceStrDescriptor           0x08004249   Thumb Code    34  usbd_desc.o(i.USBD_FS_InterfaceStrDescriptor)
    USBD_FS_LangIDStrDescriptor              0x08004281   Thumb Code    10  usbd_desc.o(i.USBD_FS_LangIDStrDescriptor)
    USBD_FS_ManufacturerStrDescriptor        0x08004291   Thumb Code    20  usbd_desc.o(i.USBD_FS_ManufacturerStrDescriptor)
    USBD_FS_ProductStrDescriptor             0x080042bd   Thumb Code    34  usbd_desc.o(i.USBD_FS_ProductStrDescriptor)
    USBD_FS_SerialStrDescriptor              0x080042f9   Thumb Code    18  usbd_desc.o(i.USBD_FS_SerialStrDescriptor)
    USBD_GetString                           0x080045d3   Thumb Code    84  usbd_ctlreq.o(i.USBD_GetString)
    USBD_Get_USB_Status                      0x08004627   Thumb Code    44  usbd_conf.o(i.USBD_Get_USB_Status)
    USBD_Init                                0x08004653   Thumb Code    68  usbd_core.o(i.USBD_Init)
    USBD_LL_ClearStallEP                     0x08004697   Thumb Code    38  usbd_conf.o(i.USBD_LL_ClearStallEP)
    USBD_LL_CloseEP                          0x080046bd   Thumb Code    38  usbd_conf.o(i.USBD_LL_CloseEP)
    USBD_LL_DataInStage                      0x080046e3   Thumb Code   230  usbd_core.o(i.USBD_LL_DataInStage)
    USBD_LL_DataOutStage                     0x080047c9   Thumb Code   146  usbd_core.o(i.USBD_LL_DataOutStage)
    USBD_LL_DevConnected                     0x0800485b   Thumb Code     6  usbd_core.o(i.USBD_LL_DevConnected)
    USBD_LL_DevDisconnected                  0x08004861   Thumb Code    32  usbd_core.o(i.USBD_LL_DevDisconnected)
    USBD_LL_FlushEP                          0x08004881   Thumb Code    38  usbd_conf.o(i.USBD_LL_FlushEP)
    USBD_LL_GetRxDataSize                    0x080048a7   Thumb Code    18  usbd_conf.o(i.USBD_LL_GetRxDataSize)
    USBD_LL_Init                             0x080048b9   Thumb Code   108  usbd_conf.o(i.USBD_LL_Init)
    USBD_LL_IsStallEP                        0x08004939   Thumb Code    56  usbd_conf.o(i.USBD_LL_IsStallEP)
    USBD_LL_IsoINIncomplete                  0x08004971   Thumb Code     6  usbd_core.o(i.USBD_LL_IsoINIncomplete)
    USBD_LL_IsoOUTIncomplete                 0x08004977   Thumb Code     6  usbd_core.o(i.USBD_LL_IsoOUTIncomplete)
    USBD_LL_OpenEP                           0x0800497d   Thumb Code    48  usbd_conf.o(i.USBD_LL_OpenEP)
    USBD_LL_PrepareReceive                   0x080049ad   Thumb Code    48  usbd_conf.o(i.USBD_LL_PrepareReceive)
    USBD_LL_Reset                            0x080049dd   Thumb Code    90  usbd_core.o(i.USBD_LL_Reset)
    USBD_LL_Resume                           0x08004a37   Thumb Code    22  usbd_core.o(i.USBD_LL_Resume)
    USBD_LL_SOF                              0x08004a4d   Thumb Code    34  usbd_core.o(i.USBD_LL_SOF)
    USBD_LL_SetSpeed                         0x08004a6f   Thumb Code     8  usbd_core.o(i.USBD_LL_SetSpeed)
    USBD_LL_SetUSBAddress                    0x08004a77   Thumb Code    38  usbd_conf.o(i.USBD_LL_SetUSBAddress)
    USBD_LL_SetupStage                       0x08004a9d   Thumb Code   118  usbd_core.o(i.USBD_LL_SetupStage)
    USBD_LL_StallEP                          0x08004b13   Thumb Code    38  usbd_conf.o(i.USBD_LL_StallEP)
    USBD_LL_Start                            0x08004b39   Thumb Code    30  usbd_conf.o(i.USBD_LL_Start)
    USBD_LL_Suspend                          0x08004b57   Thumb Code    20  usbd_core.o(i.USBD_LL_Suspend)
    USBD_LL_Transmit                         0x08004b6b   Thumb Code    48  usbd_conf.o(i.USBD_LL_Transmit)
    USBD_MSC_DataIn                          0x08004b9b   Thumb Code    18  usbd_msc.o(i.USBD_MSC_DataIn)
    USBD_MSC_DataOut                         0x08004bad   Thumb Code    18  usbd_msc.o(i.USBD_MSC_DataOut)
    USBD_MSC_DeInit                          0x08004bbf   Thumb Code    62  usbd_msc.o(i.USBD_MSC_DeInit)
    USBD_MSC_GetDeviceQualifierDescriptor    0x08004bfd   Thumb Code    10  usbd_msc.o(i.USBD_MSC_GetDeviceQualifierDescriptor)
    USBD_MSC_GetFSCfgDesc                    0x08004c0d   Thumb Code    10  usbd_msc.o(i.USBD_MSC_GetFSCfgDesc)
    USBD_MSC_GetHSCfgDesc                    0x08004c1d   Thumb Code    10  usbd_msc.o(i.USBD_MSC_GetHSCfgDesc)
    USBD_MSC_GetOtherSpeedCfgDesc            0x08004c2d   Thumb Code    10  usbd_msc.o(i.USBD_MSC_GetOtherSpeedCfgDesc)
    USBD_MSC_Init                            0x08004c3d   Thumb Code   118  usbd_msc.o(i.USBD_MSC_Init)
    USBD_MSC_RegisterStorage                 0x08004cb3   Thumb Code    16  usbd_msc.o(i.USBD_MSC_RegisterStorage)
    USBD_MSC_Setup                           0x08004cc3   Thumb Code   324  usbd_msc.o(i.USBD_MSC_Setup)
    USBD_ParseSetupRequest                   0x08004e07   Thumb Code    54  usbd_ctlreq.o(i.USBD_ParseSetupRequest)
    USBD_RegisterClass                       0x08004e3d   Thumb Code    38  usbd_core.o(i.USBD_RegisterClass)
    USBD_RunTestMode                         0x08004e63   Thumb Code     6  usbd_core.o(i.USBD_RunTestMode)
    USBD_SetClassConfig                      0x08004ec3   Thumb Code    32  usbd_core.o(i.USBD_SetClassConfig)
    USBD_Start                               0x08004ff9   Thumb Code    12  usbd_core.o(i.USBD_Start)
    USBD_StdDevReq                           0x08005005   Thumb Code   166  usbd_ctlreq.o(i.USBD_StdDevReq)
    USBD_StdEPReq                            0x080050ab   Thumb Code   554  usbd_ctlreq.o(i.USBD_StdEPReq)
    USBD_StdItfReq                           0x080052d5   Thumb Code   126  usbd_ctlreq.o(i.USBD_StdItfReq)
    USB_ActivateEndpoint                     0x08005355   Thumb Code   202  stm32f4xx_ll_usb.o(i.USB_ActivateEndpoint)
    USB_ActivateSetup                        0x08005425   Thumb Code    40  stm32f4xx_ll_usb.o(i.USB_ActivateSetup)
    USB_CoreInit                             0x0800544d   Thumb Code   128  stm32f4xx_ll_usb.o(i.USB_CoreInit)
    USB_DeactivateEndpoint                   0x0800551d   Thumb Code   318  stm32f4xx_ll_usb.o(i.USB_DeactivateEndpoint)
    USB_DevConnect                           0x08005669   Thumb Code    36  stm32f4xx_ll_usb.o(i.USB_DevConnect)
    USB_DevDisconnect                        0x0800568d   Thumb Code    36  stm32f4xx_ll_usb.o(i.USB_DevDisconnect)
    USB_DevInit                              0x080056b1   Thumb Code   472  stm32f4xx_ll_usb.o(i.USB_DevInit)
    USB_DisableGlobalInt                     0x08005891   Thumb Code    14  stm32f4xx_ll_usb.o(i.USB_DisableGlobalInt)
    USB_EP0StartXfer                         0x080058a1   Thumb Code   468  stm32f4xx_ll_usb.o(i.USB_EP0StartXfer)
    USB_EP0_OutStart                         0x08005a79   Thumb Code   106  stm32f4xx_ll_usb.o(i.USB_EP0_OutStart)
    USB_EPClearStall                         0x08005ae9   Thumb Code   142  stm32f4xx_ll_usb.o(i.USB_EPClearStall)
    USB_EPSetStall                           0x08005b77   Thumb Code   154  stm32f4xx_ll_usb.o(i.USB_EPSetStall)
    USB_EPStartXfer                          0x08005c11   Thumb Code   832  stm32f4xx_ll_usb.o(i.USB_EPStartXfer)
    USB_EnableGlobalInt                      0x08005f55   Thumb Code    14  stm32f4xx_ll_usb.o(i.USB_EnableGlobalInt)
    USB_FlushRxFifo                          0x08005f65   Thumb Code    38  stm32f4xx_ll_usb.o(i.USB_FlushRxFifo)
    USB_FlushTxFifo                          0x08005f91   Thumb Code    44  stm32f4xx_ll_usb.o(i.USB_FlushTxFifo)
    USB_GetDevSpeed                          0x08005fc1   Thumb Code    38  stm32f4xx_ll_usb.o(i.USB_GetDevSpeed)
    USB_GetMode                              0x08005fe7   Thumb Code    10  stm32f4xx_ll_usb.o(i.USB_GetMode)
    USB_ReadDevAllInEpInterrupt              0x08005ff1   Thumb Code    20  stm32f4xx_ll_usb.o(i.USB_ReadDevAllInEpInterrupt)
    USB_ReadDevAllOutEpInterrupt             0x08006005   Thumb Code    20  stm32f4xx_ll_usb.o(i.USB_ReadDevAllOutEpInterrupt)
    USB_ReadDevInEPInterrupt                 0x08006019   Thumb Code    50  stm32f4xx_ll_usb.o(i.USB_ReadDevInEPInterrupt)
    USB_ReadDevOutEPInterrupt                0x0800604b   Thumb Code    26  stm32f4xx_ll_usb.o(i.USB_ReadDevOutEPInterrupt)
    USB_ReadInterrupts                       0x08006065   Thumb Code    10  stm32f4xx_ll_usb.o(i.USB_ReadInterrupts)
    USB_ReadPacket                           0x0800606f   Thumb Code    34  stm32f4xx_ll_usb.o(i.USB_ReadPacket)
    USB_SetCurrentMode                       0x08006091   Thumb Code    54  stm32f4xx_ll_usb.o(i.USB_SetCurrentMode)
    USB_SetDevAddress                        0x080060c7   Thumb Code    42  stm32f4xx_ll_usb.o(i.USB_SetDevAddress)
    USB_SetDevSpeed                          0x080060f1   Thumb Code    18  stm32f4xx_ll_usb.o(i.USB_SetDevSpeed)
    USB_SetTurnaroundTime                    0x08006105   Thumb Code   192  stm32f4xx_ll_usb.o(i.USB_SetTurnaroundTime)
    USB_WritePacket                          0x080061ed   Thumb Code    60  stm32f4xx_ll_usb.o(i.USB_WritePacket)
    USER_initialize                          0x08006229   Thumb Code    24  user_diskio.o(i.USER_initialize)
    USER_ioctl                               0x08006245   Thumb Code    46  user_diskio.o(i.USER_ioctl)
    USER_read                                0x08006273   Thumb Code    30  user_diskio.o(i.USER_read)
    USER_status                              0x08006291   Thumb Code    24  user_diskio.o(i.USER_status)
    USER_write                               0x080062ad   Thumb Code    30  user_diskio.o(i.USER_write)
    UsageFault_Handler                       0x080062cb   Thumb Code     4  stm32f4xx_it.o(i.UsageFault_Handler)
    __0printf                                0x080062d1   Thumb Code    22  printfa.o(i.__0printf)
    __1printf                                0x080062d1   Thumb Code     0  printfa.o(i.__0printf)
    __2printf                                0x080062d1   Thumb Code     0  printfa.o(i.__0printf)
    __c89printf                              0x080062d1   Thumb Code     0  printfa.o(i.__0printf)
    printf                                   0x080062d1   Thumb Code     0  printfa.o(i.__0printf)
    __scatterload_copy                       0x08006329   Thumb Code    14  handlers.o(i.__scatterload_copy)
    __scatterload_null                       0x08006337   Thumb Code     2  handlers.o(i.__scatterload_null)
    __scatterload_zeroinit                   0x08006339   Thumb Code    14  handlers.o(i.__scatterload_zeroinit)
    dev_comctrl_handle                       0x08006f95   Thumb Code    12  dev_com.o(i.dev_comctrl_handle)
    dev_comctrl_init                         0x08006fa1   Thumb Code    16  dev_com.o(i.dev_comctrl_init)
    disk_initialize                          0x08007319   Thumb Code    40  diskio.o(i.disk_initialize)
    disk_ioctl                               0x08007345   Thumb Code    36  diskio.o(i.disk_ioctl)
    disk_read                                0x0800736d   Thumb Code    42  diskio.o(i.disk_read)
    disk_status                              0x0800739d   Thumb Code    24  diskio.o(i.disk_status)
    disk_write                               0x080073b9   Thumb Code    42  diskio.o(i.disk_write)
    driver_com_regist_reccallback            0x080073e9   Thumb Code    16  drv_com.o(i.driver_com_regist_reccallback)
    f_close                                  0x08007421   Thumb Code    44  ff.o(i.f_close)
    f_mkfs                                   0x0800744d   Thumb Code  1654  ff.o(i.f_mkfs)
    f_mount                                  0x08007ad1   Thumb Code    92  ff.o(i.f_mount)
    f_open                                   0x08007b31   Thumb Code   560  ff.o(i.f_open)
    f_read                                   0x08007d61   Thumb Code   428  ff.o(i.f_read)
    f_sync                                   0x08007f0d   Thumb Code   160  ff.o(i.f_sync)
    fatfs_init                               0x08007fad   Thumb Code    44  main.o(i.fatfs_init)
    fputc                                    0x080083b9   Thumb Code    28  usart.o(i.fputc)
    free                                     0x080083d9   Thumb Code    76  malloc.o(i.free)
    get_fattime                              0x08008509   Thumb Code     4  fatfs.o(i.get_fattime)
    iap_load_app                             0x08008555   Thumb Code    36  iap.o(i.iap_load_app)
    main                                     0x08008689   Thumb Code   184  main.o(i.main)
    malloc                                   0x080087ad   Thumb Code    92  malloc.o(i.malloc)
    ramdisk_read                             0x080089d5   Thumb Code    22  ramdisk.o(i.ramdisk_read)
    ramdisk_write                            0x080089f1   Thumb Code    22  ramdisk.o(i.ramdisk_write)
    sys_com_regist_reccallback               0x08008bd5   Thumb Code    46  stm32f4xx_it.o(i.sys_com_regist_reccallback)
    system_usb_finish_read                   0x08008c15   Thumb Code   176  main.o(i.system_usb_finish_read)
    AHBPrescTable                            0x08008df4   Data          16  system_stm32f4xx.o(.constdata)
    APBPrescTable                            0x08008e04   Data           8  system_stm32f4xx.o(.constdata)
    STORAGE_Inquirydata_FS                   0x08008e14   Data          36  usbd_storage_if.o(.constdata)
    Region$$Table$$Base                      0x08008edc   Number         0  anon$$obj.o(Region$$Table)
    Region$$Table$$Limit                     0x08008efc   Number         0  anon$$obj.o(Region$$Table)
    jump_app                                 0x20000000   Data           4  iap.o(.data)
    m_com_rev_callBack                       0x20000004   Data           4  dev_com.o(.data)
    filename                                 0x20000008   Data          17  main.o(.data)
    count                                    0x2000001c   Data           4  main.o(.data)
    write_buf                                0x20000020   Data          50  main.o(.data)
    drv_com1_handle                          0x20000054   Data           4  stm32f4xx_it.o(.data)
    drv_com2_handle                          0x20000058   Data           4  stm32f4xx_it.o(.data)
    drv_com3_handle                          0x2000005c   Data           4  stm32f4xx_it.o(.data)
    drv_com4_handle                          0x20000060   Data           4  stm32f4xx_it.o(.data)
    uwTick                                   0x20000064   Data           4  stm32f4xx_hal.o(.data)
    uwTickPrio                               0x20000068   Data           4  stm32f4xx_hal.o(.data)
    uwTickFreq                               0x2000006c   Data           1  stm32f4xx_hal.o(.data)
    SystemCoreClock                          0x20000070   Data           4  system_stm32f4xx.o(.data)
    FS_Desc                                  0x20000074   Data          28  usbd_desc.o(.data)
    USBD_FS_DeviceDesc                       0x20000090   Data          18  usbd_desc.o(.data)
    USBD_LangIDDesc                          0x200000a4   Data           4  usbd_desc.o(.data)
    USBD_StringSerial                        0x200000a8   Data          26  usbd_desc.o(.data)
    USBD_Storage_Interface_fops_FS           0x200000c4   Data          32  usbd_storage_if.o(.data)
    USBD_MSC                                 0x200000e8   Data          56  usbd_msc.o(.data)
    MSC_Page00_Inquiry_Data                  0x2000018a   Data           6  usbd_msc_data.o(.data)
    MSC_Page80_Inquiry_Data                  0x20000190   Data           8  usbd_msc_data.o(.data)
    MSC_Mode_Sense6_data                     0x20000198   Data          23  usbd_msc_data.o(.data)
    MSC_Mode_Sense10_data                    0x200001af   Data          27  usbd_msc_data.o(.data)
    USER_Driver                              0x200001d0   Data          20  user_diskio.o(.data)
    retUSER                                  0x200001e4   Data           1  fatfs.o(.data)
    USERPath                                 0x200001e5   Data           4  fatfs.o(.data)
    __stdout                                 0x200001f4   Data           4  stdout.o(.data)
    __microlib_freelist                      0x200001f8   Data           4  mvars.o(.data)
    __microlib_freelist_initialised          0x200001fc   Data           4  mvars.o(.data)
    m_com_buf                                0x20000200   Data        8208  dev_com.o(.bss)
    RamDisk                                  0x20002210   Data       102400  ramdisk.o(.bss)
    fs                                       0x2001b210   Data         560  main.o(.bss)
    fil                                      0x2001b440   Data         560  main.o(.bss)
    read_buf                                 0x2001b670   Data        8192  main.o(.bss)
    pFlash                                   0x2001d870   Data          32  stm32f4xx_hal_flash.o(.bss)
    hUsbDeviceFS                             0x2001d890   Data         720  usb_device.o(.bss)
    USBD_StrDesc                             0x2001db60   Data         512  usbd_desc.o(.bss)
    hpcd_USB_OTG_FS                          0x2001dd60   Data        1032  usbd_conf.o(.bss)
    USERFatFS                                0x2001e168   Data         560  fatfs.o(.bss)
    USERFile                                 0x2001e398   Data         560  fatfs.o(.bss)
    disk                                     0x2001e5e8   Data          12  ff_gen_drv.o(.bss)
    __heap_base                              0x2001e5f8   Data           0  startup_stm32f407xx.o(HEAP)
    __heap_limit                             0x2001f5f8   Data           0  startup_stm32f407xx.o(HEAP)
    __initial_sp                             0x2001f9f8   Data           0  startup_stm32f407xx.o(STACK)



==============================================================================

Memory Map of the image

  Image Entry point : 0x08000189

  Load Region LR_IROM1 (Base: 0x08000000, Size: 0x000090fc, Max: 0x00080000, ABSOLUTE, COMPRESSED[0x00008ff0])

    Execution Region ER_IROM1 (Exec base: 0x08000000, Load base: 0x08000000, Size: 0x00008efc, Max: 0x00080000, ABSOLUTE)

    Exec Addr    Load Addr    Size         Type   Attr      Idx    E Section Name        Object

    0x08000000   0x08000000   0x00000188   Data   RO            3    RESET               startup_stm32f407xx.o
    0x08000188   0x08000188   0x00000000   Code   RO         4878  * .ARM.Collect$$$$00000000  mc_w.l(entry.o)
    0x08000188   0x08000188   0x00000004   Code   RO         5180    .ARM.Collect$$$$00000001  mc_w.l(entry2.o)
    0x0800018c   0x0800018c   0x00000004   Code   RO         5183    .ARM.Collect$$$$00000004  mc_w.l(entry5.o)
    0x08000190   0x08000190   0x00000000   Code   RO         5185    .ARM.Collect$$$$00000008  mc_w.l(entry7b.o)
    0x08000190   0x08000190   0x00000000   Code   RO         5187    .ARM.Collect$$$$0000000A  mc_w.l(entry8b.o)
    0x08000190   0x08000190   0x00000008   Code   RO         5188    .ARM.Collect$$$$0000000B  mc_w.l(entry9a.o)
    0x08000198   0x08000198   0x00000000   Code   RO         5190    .ARM.Collect$$$$0000000D  mc_w.l(entry10a.o)
    0x08000198   0x08000198   0x00000000   Code   RO         5192    .ARM.Collect$$$$0000000F  mc_w.l(entry11a.o)
    0x08000198   0x08000198   0x00000004   Code   RO         5181    .ARM.Collect$$$$00002712  mc_w.l(entry2.o)
    0x0800019c   0x0800019c   0x00000006   Code   RO          197    .emb_text           iap.o
    0x080001a2   0x080001a2   0x00000002   PAD
    0x080001a4   0x080001a4   0x00000024   Code   RO            4    .text               startup_stm32f407xx.o
    0x080001c8   0x080001c8   0x00000062   Code   RO         4881    .text               mc_w.l(uldiv.o)
    0x0800022a   0x0800022a   0x00000024   Code   RO         4883    .text               mc_w.l(memcpya.o)
    0x0800024e   0x0800024e   0x00000024   Code   RO         4885    .text               mc_w.l(memseta.o)
    0x08000272   0x08000272   0x0000002c   Code   RO         5195    .text               mc_w.l(uidiv.o)
    0x0800029e   0x0800029e   0x0000001e   Code   RO         5197    .text               mc_w.l(llshl.o)
    0x080002bc   0x080002bc   0x00000020   Code   RO         5199    .text               mc_w.l(llushr.o)
    0x080002dc   0x080002dc   0x00000000   Code   RO         5203    .text               mc_w.l(iusefp.o)
    0x080002dc   0x080002dc   0x0000014e   Code   RO         5204    .text               mf_w.l(dadd.o)
    0x0800042a   0x0800042a   0x000000e4   Code   RO         5206    .text               mf_w.l(dmul.o)
    0x0800050e   0x0800050e   0x000000de   Code   RO         5208    .text               mf_w.l(ddiv.o)
    0x080005ec   0x080005ec   0x00000030   Code   RO         5210    .text               mf_w.l(dfixul.o)
    0x0800061c   0x0800061c   0x00000030   Code   RO         5212    .text               mf_w.l(cdrcmple.o)
    0x0800064c   0x0800064c   0x00000024   Code   RO         5214    .text               mc_w.l(init.o)
    0x08000670   0x08000670   0x00000024   Code   RO         5216    .text               mc_w.l(llsshr.o)
    0x08000694   0x08000694   0x000000ba   Code   RO         5218    .text               mf_w.l(depilogue.o)
    0x0800074e   0x0800074e   0x00000056   Code   RO         5228    .text               mc_w.l(__dczerorl2.o)
    0x080007a4   0x080007a4   0x00000004   Code   RO          834    i.BusFault_Handler  stm32f4xx_it.o
    0x080007a8   0x080007a8   0x00000002   Code   RO          835    i.DebugMon_Handler  stm32f4xx_it.o
    0x080007aa   0x080007aa   0x00000002   Code   RO          633    i.Error_Handler     main.o
    0x080007ac   0x080007ac   0x00000012   Code   RO         4804    i.FATFS_LinkDriver  ff_gen_drv.o
    0x080007be   0x080007be   0x00000002   PAD
    0x080007c0   0x080007c0   0x00000054   Code   RO         4805    i.FATFS_LinkDriverEx  ff_gen_drv.o
    0x08000814   0x08000814   0x0000005c   Code   RO         1811    i.FLASH_Erase_Sector  stm32f4xx_hal_flash_ex.o
    0x08000870   0x08000870   0x00000078   Code   RO         1812    i.FLASH_FlushCaches  stm32f4xx_hal_flash_ex.o
    0x080008e8   0x080008e8   0x00000038   Code   RO          537    i.FLASH_If_Erase    flash_if.o
    0x08000920   0x08000920   0x00000014   Code   RO          539    i.FLASH_If_Init     flash_if.o
    0x08000934   0x08000934   0x00000050   Code   RO          540    i.FLASH_If_Write    flash_if.o
    0x08000984   0x08000984   0x00000030   Code   RO         1813    i.FLASH_MassErase   stm32f4xx_hal_flash_ex.o
    0x080009b4   0x080009b4   0x00000024   Code   RO         1693    i.FLASH_Program_Byte  stm32f4xx_hal_flash.o
    0x080009d8   0x080009d8   0x0000003c   Code   RO         1694    i.FLASH_Program_DoubleWord  stm32f4xx_hal_flash.o
    0x08000a14   0x08000a14   0x00000028   Code   RO         1695    i.FLASH_Program_HalfWord  stm32f4xx_hal_flash.o
    0x08000a3c   0x08000a3c   0x00000028   Code   RO         1696    i.FLASH_Program_Word  stm32f4xx_hal_flash.o
    0x08000a64   0x08000a64   0x00000098   Code   RO         1697    i.FLASH_SetErrorCode  stm32f4xx_hal_flash.o
    0x08000afc   0x08000afc   0x00000064   Code   RO         1698    i.FLASH_WaitForLastOperation  stm32f4xx_hal_flash.o
    0x08000b60   0x08000b60   0x00000094   Code   RO          542    i.GetSector         flash_if.o
    0x08000bf4   0x08000bf4   0x00000034   Code   RO         3320    i.Get_SerialNum     usbd_desc.o
    0x08000c28   0x08000c28   0x00000028   Code   RO         2468    i.HAL_Delay         stm32f4xx_hal.o
    0x08000c50   0x08000c50   0x000000ac   Code   RO         1823    i.HAL_FLASHEx_Erase  stm32f4xx_hal_flash_ex.o
    0x08000cfc   0x08000cfc   0x00000098   Code   RO         1707    i.HAL_FLASH_Program  stm32f4xx_hal_flash.o
    0x08000d94   0x08000d94   0x00000034   Code   RO         1709    i.HAL_FLASH_Unlock  stm32f4xx_hal_flash.o
    0x08000dc8   0x08000dc8   0x00000200   Code   RO         1937    i.HAL_GPIO_Init     stm32f4xx_hal_gpio.o
    0x08000fc8   0x08000fc8   0x0000000c   Code   RO         1941    i.HAL_GPIO_WritePin  stm32f4xx_hal_gpio.o
    0x08000fd4   0x08000fd4   0x0000000c   Code   RO         2474    i.HAL_GetTick       stm32f4xx_hal.o
    0x08000fe0   0x08000fe0   0x00000018   Code   RO         2480    i.HAL_IncTick       stm32f4xx_hal.o
    0x08000ff8   0x08000ff8   0x0000003c   Code   RO         2481    i.HAL_Init          stm32f4xx_hal.o
    0x08001034   0x08001034   0x0000004c   Code   RO         2482    i.HAL_InitTick      stm32f4xx_hal.o
    0x08001080   0x08001080   0x00000048   Code   RO          932    i.HAL_MspInit       stm32f4xx_hal_msp.o
    0x080010c8   0x080010c8   0x00000020   Code   RO         2326    i.HAL_NVIC_EnableIRQ  stm32f4xx_hal_cortex.o
    0x080010e8   0x080010e8   0x0000007c   Code   RO         2332    i.HAL_NVIC_SetPriority  stm32f4xx_hal_cortex.o
    0x08001164   0x08001164   0x00000028   Code   RO         2333    i.HAL_NVIC_SetPriorityGrouping  stm32f4xx_hal_cortex.o
    0x0800118c   0x0800118c   0x00000002   Code   RO         1190    i.HAL_PCDEx_LPM_Callback  stm32f4xx_hal_pcd_ex.o
    0x0800118e   0x0800118e   0x0000000a   Code   RO         1191    i.HAL_PCDEx_SetRxFiFo  stm32f4xx_hal_pcd_ex.o
    0x08001198   0x08001198   0x0000004e   Code   RO         1192    i.HAL_PCDEx_SetTxFiFo  stm32f4xx_hal_pcd_ex.o
    0x080011e6   0x080011e6   0x0000000e   Code   RO         3469    i.HAL_PCD_ConnectCallback  usbd_conf.o
    0x080011f4   0x080011f4   0x00000020   Code   RO         3470    i.HAL_PCD_DataInStageCallback  usbd_conf.o
    0x08001214   0x08001214   0x00000020   Code   RO         3471    i.HAL_PCD_DataOutStageCallback  usbd_conf.o
    0x08001234   0x08001234   0x0000000e   Code   RO         3472    i.HAL_PCD_DisconnectCallback  usbd_conf.o
    0x08001242   0x08001242   0x0000006a   Code   RO          967    i.HAL_PCD_EP_Close  stm32f4xx_hal_pcd.o
    0x080012ac   0x080012ac   0x0000007c   Code   RO          968    i.HAL_PCD_EP_ClrStall  stm32f4xx_hal_pcd.o
    0x08001328   0x08001328   0x00000044   Code   RO          969    i.HAL_PCD_EP_Flush  stm32f4xx_hal_pcd.o
    0x0800136c   0x0800136c   0x00000016   Code   RO          970    i.HAL_PCD_EP_GetRxCount  stm32f4xx_hal_pcd.o
    0x08001382   0x08001382   0x0000008c   Code   RO          971    i.HAL_PCD_EP_Open   stm32f4xx_hal_pcd.o
    0x0800140e   0x0800140e   0x00000058   Code   RO          972    i.HAL_PCD_EP_Receive  stm32f4xx_hal_pcd.o
    0x08001466   0x08001466   0x0000008a   Code   RO          973    i.HAL_PCD_EP_SetStall  stm32f4xx_hal_pcd.o
    0x080014f0   0x080014f0   0x0000005a   Code   RO          974    i.HAL_PCD_EP_Transmit  stm32f4xx_hal_pcd.o
    0x0800154a   0x0800154a   0x0000055c   Code   RO          976    i.HAL_PCD_IRQHandler  stm32f4xx_hal_pcd.o
    0x08001aa6   0x08001aa6   0x00000012   Code   RO         3473    i.HAL_PCD_ISOINIncompleteCallback  usbd_conf.o
    0x08001ab8   0x08001ab8   0x00000012   Code   RO         3474    i.HAL_PCD_ISOOUTIncompleteCallback  usbd_conf.o
    0x08001aca   0x08001aca   0x00000166   Code   RO          979    i.HAL_PCD_Init      stm32f4xx_hal_pcd.o
    0x08001c30   0x08001c30   0x000000a8   Code   RO         3476    i.HAL_PCD_MspInit   usbd_conf.o
    0x08001cd8   0x08001cd8   0x00000030   Code   RO         3477    i.HAL_PCD_ResetCallback  usbd_conf.o
    0x08001d08   0x08001d08   0x0000000e   Code   RO         3478    i.HAL_PCD_ResumeCallback  usbd_conf.o
    0x08001d16   0x08001d16   0x0000000e   Code   RO         3479    i.HAL_PCD_SOFCallback  usbd_conf.o
    0x08001d24   0x08001d24   0x00000036   Code   RO          985    i.HAL_PCD_SetAddress  stm32f4xx_hal_pcd.o
    0x08001d5a   0x08001d5a   0x00000012   Code   RO         3480    i.HAL_PCD_SetupStageCallback  usbd_conf.o
    0x08001d6c   0x08001d6c   0x0000004a   Code   RO          987    i.HAL_PCD_Start     stm32f4xx_hal_pcd.o
    0x08001db6   0x08001db6   0x00000002   PAD
    0x08001db8   0x08001db8   0x00000034   Code   RO         3481    i.HAL_PCD_SuspendCallback  usbd_conf.o
    0x08001dec   0x08001dec   0x00000184   Code   RO         1538    i.HAL_RCC_ClockConfig  stm32f4xx_hal_rcc.o
    0x08001f70   0x08001f70   0x0000000c   Code   RO         1543    i.HAL_RCC_GetHCLKFreq  stm32f4xx_hal_rcc.o
    0x08001f7c   0x08001f7c   0x000000b0   Code   RO         1547    i.HAL_RCC_GetSysClockFreq  stm32f4xx_hal_rcc.o
    0x0800202c   0x0800202c   0x00000488   Code   RO         1550    i.HAL_RCC_OscConfig  stm32f4xx_hal_rcc.o
    0x080024b4   0x080024b4   0x00000034   Code   RO         2337    i.HAL_SYSTICK_Config  stm32f4xx_hal_cortex.o
    0x080024e8   0x080024e8   0x00000004   Code   RO          836    i.HardFault_Handler  stm32f4xx_it.o
    0x080024ec   0x080024ec   0x0000003e   Code   RO         3321    i.IntToUnicode      usbd_desc.o
    0x0800252a   0x0800252a   0x00000002   PAD
    0x0800252c   0x0800252c   0x0000001c   Code   RO          767    i.LL_AHB1_GRP1_EnableClock  usart.o
    0x08002548   0x08002548   0x00000138   Code   RO         3120    i.LL_GPIO_Init      stm32f4xx_ll_gpio.o
    0x08002680   0x08002680   0x00000024   Code   RO         2723    i.LL_RCC_GetSystemClocksFreq  stm32f4xx_ll_rcc.o
    0x080026a4   0x080026a4   0x00000010   Code   RO         2725    i.LL_RCC_PLL_GetN   stm32f4xx_ll_rcc.o
    0x080026b4   0x080026b4   0x00000012   Code   RO          768    i.LL_USART_ConfigAsyncMode  usart.o
    0x080026c6   0x080026c6   0x0000000a   Code   RO          769    i.LL_USART_Enable   usart.o
    0x080026d0   0x080026d0   0x000000c4   Code   RO         3040    i.LL_USART_Init     stm32f4xx_ll_usart.o
    0x08002794   0x08002794   0x0000000a   Code   RO         3041    i.LL_USART_IsEnabled  stm32f4xx_ll_usart.o
    0x0800279e   0x0800279e   0x000001b8   Code   RO         3042    i.LL_USART_SetBaudRate  stm32f4xx_ll_usart.o
    0x08002956   0x08002956   0x00000044   Code   RO         4057    i.MSC_BOT_Abort     usbd_msc_bot.o
    0x0800299a   0x0800299a   0x00000002   PAD
    0x0800299c   0x0800299c   0x000000e0   Code   RO         4058    i.MSC_BOT_CBW_Decode  usbd_msc_bot.o
    0x08002a7c   0x08002a7c   0x00000040   Code   RO         4059    i.MSC_BOT_CplClrFeature  usbd_msc_bot.o
    0x08002abc   0x08002abc   0x0000004a   Code   RO         4060    i.MSC_BOT_DataIn    usbd_msc_bot.o
    0x08002b06   0x08002b06   0x00000040   Code   RO         4061    i.MSC_BOT_DataOut   usbd_msc_bot.o
    0x08002b46   0x08002b46   0x0000000a   Code   RO         4062    i.MSC_BOT_DeInit    usbd_msc_bot.o
    0x08002b50   0x08002b50   0x00000044   Code   RO         4063    i.MSC_BOT_Init      usbd_msc_bot.o
    0x08002b94   0x08002b94   0x00000030   Code   RO         4064    i.MSC_BOT_Reset     usbd_msc_bot.o
    0x08002bc4   0x08002bc4   0x0000003c   Code   RO         4065    i.MSC_BOT_SendCSW   usbd_msc_bot.o
    0x08002c00   0x08002c00   0x0000004c   Code   RO         4066    i.MSC_BOT_SendData  usbd_msc_bot.o
    0x08002c4c   0x08002c4c   0x0000001c   Code   RO         4355    i.MX_FATFS_Init     fatfs.o
    0x08002c68   0x08002c68   0x000000b4   Code   RO          741    i.MX_GPIO_Init      gpio.o
    0x08002d1c   0x08002d1c   0x0000013c   Code   RO          770    i.MX_USART1_UART_Init  usart.o
    0x08002e58   0x08002e58   0x00000090   Code   RO          771    i.MX_USART2_UART_Init  usart.o
    0x08002ee8   0x08002ee8   0x0000004c   Code   RO         3262    i.MX_USB_DEVICE_Init  usb_device.o
    0x08002f34   0x08002f34   0x00000004   Code   RO          837    i.MemManage_Handler  stm32f4xx_it.o
    0x08002f38   0x08002f38   0x00000002   Code   RO          838    i.NMI_Handler       stm32f4xx_it.o
    0x08002f3a   0x08002f3a   0x00000002   PAD
    0x08002f3c   0x08002f3c   0x00000010   Code   RO          839    i.OTG_FS_IRQHandler  stm32f4xx_it.o
    0x08002f4c   0x08002f4c   0x00000064   Code   RO          991    i.PCD_EP_OutSetupPacket_int  stm32f4xx_hal_pcd.o
    0x08002fb0   0x08002fb0   0x0000017c   Code   RO          992    i.PCD_EP_OutXfrComplete_int  stm32f4xx_hal_pcd.o
    0x0800312c   0x0800312c   0x000000b6   Code   RO          993    i.PCD_WriteEmptyTxFifo  stm32f4xx_hal_pcd.o
    0x080031e2   0x080031e2   0x00000002   Code   RO          840    i.PendSV_Handler    stm32f4xx_it.o
    0x080031e4   0x080031e4   0x00000020   Code   RO         2727    i.RCC_GetHCLKClockFreq  stm32f4xx_ll_rcc.o
    0x08003204   0x08003204   0x00000024   Code   RO         2728    i.RCC_GetPCLK1ClockFreq  stm32f4xx_ll_rcc.o
    0x08003228   0x08003228   0x00000024   Code   RO         2729    i.RCC_GetPCLK2ClockFreq  stm32f4xx_ll_rcc.o
    0x0800324c   0x0800324c   0x00000044   Code   RO         2730    i.RCC_GetSystemClockFreq  stm32f4xx_ll_rcc.o
    0x08003290   0x08003290   0x00000070   Code   RO         2733    i.RCC_PLL_GetFreqDomain_SYS  stm32f4xx_ll_rcc.o
    0x08003300   0x08003300   0x00000022   Code   RO         4159    i.SCSI_AllowPreventRemovable  usbd_msc_scsi.o
    0x08003322   0x08003322   0x00000032   Code   RO         4160    i.SCSI_CheckAddressRange  usbd_msc_scsi.o
    0x08003354   0x08003354   0x000000a4   Code   RO         4161    i.SCSI_Inquiry      usbd_msc_scsi.o
    0x080033f8   0x080033f8   0x0000002c   Code   RO         4162    i.SCSI_ModeSense10  usbd_msc_scsi.o
    0x08003424   0x08003424   0x0000002c   Code   RO         4163    i.SCSI_ModeSense6   usbd_msc_scsi.o
    0x08003450   0x08003450   0x0000014a   Code   RO         4164    i.SCSI_ProcessCmd   usbd_msc_scsi.o
    0x0800359a   0x0800359a   0x000000ac   Code   RO         4165    i.SCSI_ProcessRead  usbd_msc_scsi.o
    0x08003646   0x08003646   0x000000d4   Code   RO         4166    i.SCSI_ProcessWrite  usbd_msc_scsi.o
    0x0800371a   0x0800371a   0x000000ec   Code   RO         4167    i.SCSI_Read10       usbd_msc_scsi.o
    0x08003806   0x08003806   0x000000f8   Code   RO         4168    i.SCSI_Read12       usbd_msc_scsi.o
    0x080038fe   0x080038fe   0x0000008a   Code   RO         4169    i.SCSI_ReadCapacity10  usbd_msc_scsi.o
    0x08003988   0x08003988   0x000000cc   Code   RO         4170    i.SCSI_ReadCapacity16  usbd_msc_scsi.o
    0x08003a54   0x08003a54   0x00000098   Code   RO         4171    i.SCSI_ReadFormatCapacity  usbd_msc_scsi.o
    0x08003aec   0x08003aec   0x000000aa   Code   RO         4172    i.SCSI_RequestSense  usbd_msc_scsi.o
    0x08003b96   0x08003b96   0x00000048   Code   RO         4173    i.SCSI_SenseCode    usbd_msc_scsi.o
    0x08003bde   0x08003bde   0x0000006a   Code   RO         4174    i.SCSI_StartStopUnit  usbd_msc_scsi.o
    0x08003c48   0x08003c48   0x00000072   Code   RO         4175    i.SCSI_TestUnitReady  usbd_msc_scsi.o
    0x08003cba   0x08003cba   0x00000020   Code   RO         4176    i.SCSI_UpdateBotData  usbd_msc_scsi.o
    0x08003cda   0x08003cda   0x0000004c   Code   RO         4177    i.SCSI_Verify10     usbd_msc_scsi.o
    0x08003d26   0x08003d26   0x00000130   Code   RO         4178    i.SCSI_Write10      usbd_msc_scsi.o
    0x08003e56   0x08003e56   0x00000140   Code   RO         4179    i.SCSI_Write12      usbd_msc_scsi.o
    0x08003f96   0x08003f96   0x00000010   Code   RO         3408    i.STORAGE_GetCapacity_FS  usbd_storage_if.o
    0x08003fa6   0x08003fa6   0x00000004   Code   RO         3409    i.STORAGE_GetMaxLun_FS  usbd_storage_if.o
    0x08003faa   0x08003faa   0x00000006   Code   RO         3410    i.STORAGE_Init_FS   usbd_storage_if.o
    0x08003fb0   0x08003fb0   0x00000006   Code   RO         3411    i.STORAGE_IsReady_FS  usbd_storage_if.o
    0x08003fb6   0x08003fb6   0x00000006   Code   RO         3412    i.STORAGE_IsWriteProtected_FS  usbd_storage_if.o
    0x08003fbc   0x08003fbc   0x0000001e   Code   RO         3413    i.STORAGE_Read_FS   usbd_storage_if.o
    0x08003fda   0x08003fda   0x0000001e   Code   RO         3414    i.STORAGE_Write_FS  usbd_storage_if.o
    0x08003ff8   0x08003ff8   0x00000002   Code   RO          841    i.SVC_Handler       stm32f4xx_it.o
    0x08003ffa   0x08003ffa   0x00000012   Code   RO         3805    i.SWAPBYTE          usbd_ctlreq.o
    0x0800400c   0x0800400c   0x00000008   Code   RO          842    i.SysTick_Handler   stm32f4xx_it.o
    0x08004014   0x08004014   0x000000b4   Code   RO          634    i.SystemClock_Config  main.o
    0x080040c8   0x080040c8   0x0000001c   Code   RO         3226    i.SystemInit        system_stm32f4xx.o
    0x080040e4   0x080040e4   0x00000028   Code   RO          843    i.USART1_IRQHandler  stm32f4xx_it.o
    0x0800410c   0x0800410c   0x0000001c   Code   RO         3665    i.USBD_ClrClassConfig  usbd_core.o
    0x08004128   0x08004128   0x0000003e   Code   RO         3806    i.USBD_ClrFeature   usbd_ctlreq.o
    0x08004166   0x08004166   0x00000018   Code   RO         3910    i.USBD_CtlContinueRx  usbd_ioreq.o
    0x0800417e   0x0800417e   0x00000018   Code   RO         3911    i.USBD_CtlContinueSendData  usbd_ioreq.o
    0x08004196   0x08004196   0x00000018   Code   RO         3807    i.USBD_CtlError     usbd_ctlreq.o
    0x080041ae   0x080041ae   0x0000001a   Code   RO         3913    i.USBD_CtlReceiveStatus  usbd_ioreq.o
    0x080041c8   0x080041c8   0x00000022   Code   RO         3914    i.USBD_CtlSendData  usbd_ioreq.o
    0x080041ea   0x080041ea   0x0000001a   Code   RO         3915    i.USBD_CtlSendStatus  usbd_ioreq.o
    0x08004204   0x08004204   0x00000034   Code   RO         3322    i.USBD_FS_ConfigStrDescriptor  usbd_desc.o
    0x08004238   0x08004238   0x00000010   Code   RO         3323    i.USBD_FS_DeviceDescriptor  usbd_desc.o
    0x08004248   0x08004248   0x00000038   Code   RO         3324    i.USBD_FS_InterfaceStrDescriptor  usbd_desc.o
    0x08004280   0x08004280   0x00000010   Code   RO         3325    i.USBD_FS_LangIDStrDescriptor  usbd_desc.o
    0x08004290   0x08004290   0x0000002c   Code   RO         3326    i.USBD_FS_ManufacturerStrDescriptor  usbd_desc.o
    0x080042bc   0x080042bc   0x0000003c   Code   RO         3327    i.USBD_FS_ProductStrDescriptor  usbd_desc.o
    0x080042f8   0x080042f8   0x00000018   Code   RO         3328    i.USBD_FS_SerialStrDescriptor  usbd_desc.o
    0x08004310   0x08004310   0x00000056   Code   RO         3808    i.USBD_GetConfig    usbd_ctlreq.o
    0x08004366   0x08004366   0x000001fc   Code   RO         3809    i.USBD_GetDescriptor  usbd_ctlreq.o
    0x08004562   0x08004562   0x00000016   Code   RO         3810    i.USBD_GetLen       usbd_ctlreq.o
    0x08004578   0x08004578   0x0000005a   Code   RO         3811    i.USBD_GetStatus    usbd_ctlreq.o
    0x080045d2   0x080045d2   0x00000054   Code   RO         3812    i.USBD_GetString    usbd_ctlreq.o
    0x08004626   0x08004626   0x0000002c   Code   RO         3482    i.USBD_Get_USB_Status  usbd_conf.o
    0x08004652   0x08004652   0x00000044   Code   RO         3667    i.USBD_Init         usbd_core.o
    0x08004696   0x08004696   0x00000026   Code   RO         3483    i.USBD_LL_ClearStallEP  usbd_conf.o
    0x080046bc   0x080046bc   0x00000026   Code   RO         3484    i.USBD_LL_CloseEP   usbd_conf.o
    0x080046e2   0x080046e2   0x000000e6   Code   RO         3668    i.USBD_LL_DataInStage  usbd_core.o
    0x080047c8   0x080047c8   0x00000092   Code   RO         3669    i.USBD_LL_DataOutStage  usbd_core.o
    0x0800485a   0x0800485a   0x00000006   Code   RO         3670    i.USBD_LL_DevConnected  usbd_core.o
    0x08004860   0x08004860   0x00000020   Code   RO         3671    i.USBD_LL_DevDisconnected  usbd_core.o
    0x08004880   0x08004880   0x00000026   Code   RO         3487    i.USBD_LL_FlushEP   usbd_conf.o
    0x080048a6   0x080048a6   0x00000012   Code   RO         3488    i.USBD_LL_GetRxDataSize  usbd_conf.o
    0x080048b8   0x080048b8   0x00000080   Code   RO         3489    i.USBD_LL_Init      usbd_conf.o
    0x08004938   0x08004938   0x00000038   Code   RO         3490    i.USBD_LL_IsStallEP  usbd_conf.o
    0x08004970   0x08004970   0x00000006   Code   RO         3672    i.USBD_LL_IsoINIncomplete  usbd_core.o
    0x08004976   0x08004976   0x00000006   Code   RO         3673    i.USBD_LL_IsoOUTIncomplete  usbd_core.o
    0x0800497c   0x0800497c   0x00000030   Code   RO         3491    i.USBD_LL_OpenEP    usbd_conf.o
    0x080049ac   0x080049ac   0x00000030   Code   RO         3492    i.USBD_LL_PrepareReceive  usbd_conf.o
    0x080049dc   0x080049dc   0x0000005a   Code   RO         3674    i.USBD_LL_Reset     usbd_core.o
    0x08004a36   0x08004a36   0x00000016   Code   RO         3675    i.USBD_LL_Resume    usbd_core.o
    0x08004a4c   0x08004a4c   0x00000022   Code   RO         3676    i.USBD_LL_SOF       usbd_core.o
    0x08004a6e   0x08004a6e   0x00000008   Code   RO         3677    i.USBD_LL_SetSpeed  usbd_core.o
    0x08004a76   0x08004a76   0x00000026   Code   RO         3493    i.USBD_LL_SetUSBAddress  usbd_conf.o
    0x08004a9c   0x08004a9c   0x00000076   Code   RO         3678    i.USBD_LL_SetupStage  usbd_core.o
    0x08004b12   0x08004b12   0x00000026   Code   RO         3494    i.USBD_LL_StallEP   usbd_conf.o
    0x08004b38   0x08004b38   0x0000001e   Code   RO         3495    i.USBD_LL_Start     usbd_conf.o
    0x08004b56   0x08004b56   0x00000014   Code   RO         3679    i.USBD_LL_Suspend   usbd_core.o
    0x08004b6a   0x08004b6a   0x00000030   Code   RO         3497    i.USBD_LL_Transmit  usbd_conf.o
    0x08004b9a   0x08004b9a   0x00000012   Code   RO         3972    i.USBD_MSC_DataIn   usbd_msc.o
    0x08004bac   0x08004bac   0x00000012   Code   RO         3973    i.USBD_MSC_DataOut  usbd_msc.o
    0x08004bbe   0x08004bbe   0x0000003e   Code   RO         3974    i.USBD_MSC_DeInit   usbd_msc.o
    0x08004bfc   0x08004bfc   0x00000010   Code   RO         3975    i.USBD_MSC_GetDeviceQualifierDescriptor  usbd_msc.o
    0x08004c0c   0x08004c0c   0x00000010   Code   RO         3976    i.USBD_MSC_GetFSCfgDesc  usbd_msc.o
    0x08004c1c   0x08004c1c   0x00000010   Code   RO         3977    i.USBD_MSC_GetHSCfgDesc  usbd_msc.o
    0x08004c2c   0x08004c2c   0x00000010   Code   RO         3978    i.USBD_MSC_GetOtherSpeedCfgDesc  usbd_msc.o
    0x08004c3c   0x08004c3c   0x00000076   Code   RO         3979    i.USBD_MSC_Init     usbd_msc.o
    0x08004cb2   0x08004cb2   0x00000010   Code   RO         3980    i.USBD_MSC_RegisterStorage  usbd_msc.o
    0x08004cc2   0x08004cc2   0x00000144   Code   RO         3981    i.USBD_MSC_Setup    usbd_msc.o
    0x08004e06   0x08004e06   0x00000036   Code   RO         3813    i.USBD_ParseSetupRequest  usbd_ctlreq.o
    0x08004e3c   0x08004e3c   0x00000026   Code   RO         3680    i.USBD_RegisterClass  usbd_core.o
    0x08004e62   0x08004e62   0x00000006   Code   RO         3681    i.USBD_RunTestMode  usbd_core.o
    0x08004e68   0x08004e68   0x0000005a   Code   RO         3814    i.USBD_SetAddress   usbd_ctlreq.o
    0x08004ec2   0x08004ec2   0x00000020   Code   RO         3682    i.USBD_SetClassConfig  usbd_core.o
    0x08004ee2   0x08004ee2   0x00000002   PAD
    0x08004ee4   0x08004ee4   0x000000fc   Code   RO         3815    i.USBD_SetConfig    usbd_ctlreq.o
    0x08004fe0   0x08004fe0   0x00000018   Code   RO         3816    i.USBD_SetFeature   usbd_ctlreq.o
    0x08004ff8   0x08004ff8   0x0000000c   Code   RO         3683    i.USBD_Start        usbd_core.o
    0x08005004   0x08005004   0x000000a6   Code   RO         3817    i.USBD_StdDevReq    usbd_ctlreq.o
    0x080050aa   0x080050aa   0x0000022a   Code   RO         3818    i.USBD_StdEPReq     usbd_ctlreq.o
    0x080052d4   0x080052d4   0x0000007e   Code   RO         3819    i.USBD_StdItfReq    usbd_ctlreq.o
    0x08005352   0x08005352   0x00000002   PAD
    0x08005354   0x08005354   0x000000d0   Code   RO         1232    i.USB_ActivateEndpoint  stm32f4xx_ll_usb.o
    0x08005424   0x08005424   0x00000028   Code   RO         1234    i.USB_ActivateSetup  stm32f4xx_ll_usb.o
    0x0800544c   0x0800544c   0x00000084   Code   RO         1236    i.USB_CoreInit      stm32f4xx_ll_usb.o
    0x080054d0   0x080054d0   0x0000004c   Code   RO         1237    i.USB_CoreReset     stm32f4xx_ll_usb.o
    0x0800551c   0x0800551c   0x0000014c   Code   RO         1240    i.USB_DeactivateEndpoint  stm32f4xx_ll_usb.o
    0x08005668   0x08005668   0x00000024   Code   RO         1241    i.USB_DevConnect    stm32f4xx_ll_usb.o
    0x0800568c   0x0800568c   0x00000024   Code   RO         1242    i.USB_DevDisconnect  stm32f4xx_ll_usb.o
    0x080056b0   0x080056b0   0x000001e0   Code   RO         1243    i.USB_DevInit       stm32f4xx_ll_usb.o
    0x08005890   0x08005890   0x0000000e   Code   RO         1244    i.USB_DisableGlobalInt  stm32f4xx_ll_usb.o
    0x0800589e   0x0800589e   0x00000002   PAD
    0x080058a0   0x080058a0   0x000001d8   Code   RO         1247    i.USB_EP0StartXfer  stm32f4xx_ll_usb.o
    0x08005a78   0x08005a78   0x00000070   Code   RO         1248    i.USB_EP0_OutStart  stm32f4xx_ll_usb.o
    0x08005ae8   0x08005ae8   0x0000008e   Code   RO         1249    i.USB_EPClearStall  stm32f4xx_ll_usb.o
    0x08005b76   0x08005b76   0x0000009a   Code   RO         1250    i.USB_EPSetStall    stm32f4xx_ll_usb.o
    0x08005c10   0x08005c10   0x00000344   Code   RO         1251    i.USB_EPStartXfer   stm32f4xx_ll_usb.o
    0x08005f54   0x08005f54   0x0000000e   Code   RO         1252    i.USB_EnableGlobalInt  stm32f4xx_ll_usb.o
    0x08005f62   0x08005f62   0x00000002   PAD
    0x08005f64   0x08005f64   0x0000002c   Code   RO         1253    i.USB_FlushRxFifo   stm32f4xx_ll_usb.o
    0x08005f90   0x08005f90   0x00000030   Code   RO         1254    i.USB_FlushTxFifo   stm32f4xx_ll_usb.o
    0x08005fc0   0x08005fc0   0x00000026   Code   RO         1256    i.USB_GetDevSpeed   stm32f4xx_ll_usb.o
    0x08005fe6   0x08005fe6   0x0000000a   Code   RO         1258    i.USB_GetMode       stm32f4xx_ll_usb.o
    0x08005ff0   0x08005ff0   0x00000014   Code   RO         1265    i.USB_ReadDevAllInEpInterrupt  stm32f4xx_ll_usb.o
    0x08006004   0x08006004   0x00000014   Code   RO         1266    i.USB_ReadDevAllOutEpInterrupt  stm32f4xx_ll_usb.o
    0x08006018   0x08006018   0x00000032   Code   RO         1267    i.USB_ReadDevInEPInterrupt  stm32f4xx_ll_usb.o
    0x0800604a   0x0800604a   0x0000001a   Code   RO         1268    i.USB_ReadDevOutEPInterrupt  stm32f4xx_ll_usb.o
    0x08006064   0x08006064   0x0000000a   Code   RO         1269    i.USB_ReadInterrupts  stm32f4xx_ll_usb.o
    0x0800606e   0x0800606e   0x00000022   Code   RO         1270    i.USB_ReadPacket    stm32f4xx_ll_usb.o
    0x08006090   0x08006090   0x00000036   Code   RO         1272    i.USB_SetCurrentMode  stm32f4xx_ll_usb.o
    0x080060c6   0x080060c6   0x0000002a   Code   RO         1273    i.USB_SetDevAddress  stm32f4xx_ll_usb.o
    0x080060f0   0x080060f0   0x00000012   Code   RO         1274    i.USB_SetDevSpeed   stm32f4xx_ll_usb.o
    0x08006102   0x08006102   0x00000002   PAD
    0x08006104   0x08006104   0x000000e8   Code   RO         1275    i.USB_SetTurnaroundTime  stm32f4xx_ll_usb.o
    0x080061ec   0x080061ec   0x0000003c   Code   RO         1278    i.USB_WritePacket   stm32f4xx_ll_usb.o
    0x08006228   0x08006228   0x0000001c   Code   RO         4290    i.USER_initialize   user_diskio.o
    0x08006244   0x08006244   0x0000002e   Code   RO         4291    i.USER_ioctl        user_diskio.o
    0x08006272   0x08006272   0x0000001e   Code   RO         4292    i.USER_read         user_diskio.o
    0x08006290   0x08006290   0x0000001c   Code   RO         4293    i.USER_status       user_diskio.o
    0x080062ac   0x080062ac   0x0000001e   Code   RO         4294    i.USER_write        user_diskio.o
    0x080062ca   0x080062ca   0x00000004   Code   RO          844    i.UsageFault_Handler  stm32f4xx_it.o
    0x080062ce   0x080062ce   0x00000002   PAD
    0x080062d0   0x080062d0   0x00000020   Code   RO         5124    i.__0printf         mc_w.l(printfa.o)
    0x080062f0   0x080062f0   0x00000010   Code   RO         2339    i.__NVIC_GetPriorityGrouping  stm32f4xx_hal_cortex.o
    0x08006300   0x08006300   0x00000028   Code   RO         2340    i.__NVIC_SetPriority  stm32f4xx_hal_cortex.o
    0x08006328   0x08006328   0x0000000e   Code   RO         5222    i.__scatterload_copy  mc_w.l(handlers.o)
    0x08006336   0x08006336   0x00000002   Code   RO         5223    i.__scatterload_null  mc_w.l(handlers.o)
    0x08006338   0x08006338   0x0000000e   Code   RO         5224    i.__scatterload_zeroinit  mc_w.l(handlers.o)
    0x08006346   0x08006346   0x00000002   PAD
    0x08006348   0x08006348   0x00000184   Code   RO         5131    i._fp_digits        mc_w.l(printfa.o)
    0x080064cc   0x080064cc   0x000006dc   Code   RO         5132    i._printf_core      mc_w.l(printfa.o)
    0x08006ba8   0x08006ba8   0x00000024   Code   RO         5133    i._printf_post_padding  mc_w.l(printfa.o)
    0x08006bcc   0x08006bcc   0x0000002e   Code   RO         5134    i._printf_pre_padding  mc_w.l(printfa.o)
    0x08006bfa   0x08006bfa   0x00000002   PAD
    0x08006bfc   0x08006bfc   0x0000007c   Code   RO         4450    i.check_fs          ff.o
    0x08006c78   0x08006c78   0x00000014   Code   RO         4451    i.chk_chr           ff.o
    0x08006c8c   0x08006c8c   0x0000007c   Code   RO         4452    i.chk_lock          ff.o
    0x08006d08   0x08006d08   0x00000028   Code   RO         4453    i.clear_lock        ff.o
    0x08006d30   0x08006d30   0x00000032   Code   RO         4454    i.clmt_clust        ff.o
    0x08006d62   0x08006d62   0x0000001a   Code   RO         4455    i.clust2sect        ff.o
    0x08006d7c   0x08006d7c   0x000000de   Code   RO         4456    i.create_chain      ff.o
    0x08006e5a   0x08006e5a   0x00000002   PAD
    0x08006e5c   0x08006e5c   0x000000e0   Code   RO         4457    i.create_name       ff.o
    0x08006f3c   0x08006f3c   0x00000044   Code   RO         4458    i.dec_lock          ff.o
    0x08006f80   0x08006f80   0x00000014   Code   RO          473    i.dev_comctrl_buff_init  dev_com.o
    0x08006f94   0x08006f94   0x0000000c   Code   RO          474    i.dev_comctrl_handle  dev_com.o
    0x08006fa0   0x08006fa0   0x00000014   Code   RO          475    i.dev_comctrl_init  dev_com.o
    0x08006fb4   0x08006fb4   0x00000028   Code   RO          476    i.dev_comctrl_interrput_rx_handle  dev_com.o
    0x08006fdc   0x08006fdc   0x0000008c   Code   RO          478    i.dev_comctrl_rx_handle  dev_com.o
    0x08007068   0x08007068   0x00000002   Code   RO          479    i.dev_comctrl_tx_handle  dev_com.o
    0x0800706a   0x0800706a   0x00000060   Code   RO         4459    i.dir_alloc         ff.o
    0x080070ca   0x080070ca   0x0000006c   Code   RO         4460    i.dir_find          ff.o
    0x08007136   0x08007136   0x0000010c   Code   RO         4461    i.dir_next          ff.o
    0x08007242   0x08007242   0x0000003c   Code   RO         4463    i.dir_register      ff.o
    0x0800727e   0x0800727e   0x0000009a   Code   RO         4465    i.dir_sdi           ff.o
    0x08007318   0x08007318   0x0000002c   Code   RO         4393    i.disk_initialize   diskio.o
    0x08007344   0x08007344   0x00000028   Code   RO         4394    i.disk_ioctl        diskio.o
    0x0800736c   0x0800736c   0x00000030   Code   RO         4395    i.disk_read         diskio.o
    0x0800739c   0x0800739c   0x0000001c   Code   RO         4396    i.disk_status       diskio.o
    0x080073b8   0x080073b8   0x00000030   Code   RO         4397    i.disk_write        diskio.o
    0x080073e8   0x080073e8   0x00000010   Code   RO          373    i.driver_com_regist_reccallback  drv_com.o
    0x080073f8   0x080073f8   0x00000028   Code   RO         4466    i.enq_lock          ff.o
    0x08007420   0x08007420   0x0000002c   Code   RO         4467    i.f_close           ff.o
    0x0800744c   0x0800744c   0x00000684   Code   RO         4473    i.f_mkfs            ff.o
    0x08007ad0   0x08007ad0   0x00000060   Code   RO         4474    i.f_mount           ff.o
    0x08007b30   0x08007b30   0x00000230   Code   RO         4475    i.f_open            ff.o
    0x08007d60   0x08007d60   0x000001ac   Code   RO         4480    i.f_read            ff.o
    0x08007f0c   0x08007f0c   0x000000a0   Code   RO         4484    i.f_sync            ff.o
    0x08007fac   0x08007fac   0x00000068   Code   RO          635    i.fatfs_init        main.o
    0x08008014   0x08008014   0x00000300   Code   RO         4488    i.find_volume       ff.o
    0x08008314   0x08008314   0x000000a2   Code   RO         4489    i.follow_path       ff.o
    0x080083b6   0x080083b6   0x00000002   PAD
    0x080083b8   0x080083b8   0x00000020   Code   RO          772    i.fputc             usart.o
    0x080083d8   0x080083d8   0x00000050   Code   RO         5152    i.free              mc_w.l(malloc.o)
    0x08008428   0x08008428   0x000000e0   Code   RO         4490    i.get_fat           ff.o
    0x08008508   0x08008508   0x00000004   Code   RO         4356    i.get_fattime       fatfs.o
    0x0800850c   0x0800850c   0x00000048   Code   RO         4492    i.get_ldnumber      ff.o
    0x08008554   0x08008554   0x0000002c   Code   RO          198    i.iap_load_app      iap.o
    0x08008580   0x08008580   0x000000bc   Code   RO         4493    i.inc_lock          ff.o
    0x0800863c   0x0800863c   0x00000026   Code   RO         4494    i.ld_clust          ff.o
    0x08008662   0x08008662   0x00000018   Code   RO         4495    i.ld_dword          ff.o
    0x0800867a   0x0800867a   0x0000000c   Code   RO         4496    i.ld_word           ff.o
    0x08008686   0x08008686   0x00000002   PAD
    0x08008688   0x08008688   0x00000124   Code   RO          636    i.main              main.o
    0x080087ac   0x080087ac   0x0000006c   Code   RO         5153    i.malloc            mc_w.l(malloc.o)
    0x08008818   0x08008818   0x00000024   Code   RO         4497    i.mem_cmp           ff.o
    0x0800883c   0x0800883c   0x0000001a   Code   RO         4498    i.mem_cpy           ff.o
    0x08008856   0x08008856   0x00000012   Code   RO         4499    i.mem_set           ff.o
    0x08008868   0x08008868   0x00000034   Code   RO         4500    i.move_window       ff.o
    0x0800889c   0x0800889c   0x00000138   Code   RO         4501    i.put_fat           ff.o
    0x080089d4   0x080089d4   0x0000001c   Code   RO          596    i.ramdisk_read      ramdisk.o
    0x080089f0   0x080089f0   0x0000001c   Code   RO          597    i.ramdisk_write     ramdisk.o
    0x08008a0c   0x08008a0c   0x0000009a   Code   RO         4505    i.remove_chain      ff.o
    0x08008aa6   0x08008aa6   0x00000024   Code   RO         4506    i.st_clust          ff.o
    0x08008aca   0x08008aca   0x00000018   Code   RO         4507    i.st_dword          ff.o
    0x08008ae2   0x08008ae2   0x0000000c   Code   RO         4508    i.st_word           ff.o
    0x08008aee   0x08008aee   0x00000002   PAD
    0x08008af0   0x08008af0   0x00000090   Code   RO         4509    i.sync_fs           ff.o
    0x08008b80   0x08008b80   0x00000052   Code   RO         4510    i.sync_window       ff.o
    0x08008bd2   0x08008bd2   0x00000002   PAD
    0x08008bd4   0x08008bd4   0x00000040   Code   RO          845    i.sys_com_regist_reccallback  stm32f4xx_it.o
    0x08008c14   0x08008c14   0x000001a4   Code   RO          638    i.system_usb_finish_read  main.o
    0x08008db8   0x08008db8   0x0000003c   Code   RO         4511    i.validate          ff.o
    0x08008df4   0x08008df4   0x00000018   Data   RO         3227    .constdata          system_stm32f4xx.o
    0x08008e0c   0x08008e0c   0x0000002c   Data   RO         3415    .constdata          usbd_storage_if.o
    0x08008e38   0x08008e38   0x000000a4   Data   RO         4513    .constdata          ff.o
    0x08008edc   0x08008edc   0x00000020   Data   RO         5220    Region$$Table       anon$$obj.o


    Execution Region RW_IRAM1 (Exec base: 0x20000000, Load base: 0x08008efc, Size: 0x0001f9f8, Max: 0x00020000, ABSOLUTE, COMPRESSED[0x000000f4])

    Exec Addr    Load Addr    Size         Type   Attr      Idx    E Section Name        Object

    0x20000000   COMPRESSED   0x00000004   Data   RW          202    .data               iap.o
    0x20000004   COMPRESSED   0x00000004   Data   RW          482    .data               dev_com.o
    0x20000008   COMPRESSED   0x0000004a   Data   RW          641    .data               main.o
    0x20000052   COMPRESSED   0x00000002   PAD
    0x20000054   COMPRESSED   0x00000010   Data   RW          847    .data               stm32f4xx_it.o
    0x20000064   COMPRESSED   0x00000009   Data   RW         2488    .data               stm32f4xx_hal.o
    0x2000006d   COMPRESSED   0x00000003   PAD
    0x20000070   COMPRESSED   0x00000004   Data   RW         3228    .data               system_stm32f4xx.o
    0x20000074   COMPRESSED   0x0000004e   Data   RW         3331    .data               usbd_desc.o
    0x200000c2   COMPRESSED   0x00000002   PAD
    0x200000c4   COMPRESSED   0x00000020   Data   RW         3416    .data               usbd_storage_if.o
    0x200000e4   COMPRESSED   0x00000001   Data   RW         3821    .data               usbd_ctlreq.o
    0x200000e5   COMPRESSED   0x00000003   PAD
    0x200000e8   COMPRESSED   0x000000a2   Data   RW         3983    .data               usbd_msc.o
    0x2000018a   COMPRESSED   0x00000040   Data   RW         4135    .data               usbd_msc_data.o
    0x200001ca   COMPRESSED   0x00000002   PAD
    0x200001cc   COMPRESSED   0x00000018   Data   RW         4296    .data               user_diskio.o
    0x200001e4   COMPRESSED   0x00000005   Data   RW         4359    .data               fatfs.o
    0x200001e9   COMPRESSED   0x00000003   PAD
    0x200001ec   COMPRESSED   0x00000006   Data   RW         4514    .data               ff.o
    0x200001f2   COMPRESSED   0x00000002   PAD
    0x200001f4   COMPRESSED   0x00000004   Data   RW         5194    .data               mc_w.l(stdout.o)
    0x200001f8   COMPRESSED   0x00000004   Data   RW         5201    .data               mc_w.l(mvars.o)
    0x200001fc   COMPRESSED   0x00000004   Data   RW         5202    .data               mc_w.l(mvars.o)
    0x20000200        -       0x00002010   Zero   RW          480    .bss                dev_com.o
    0x20002210        -       0x00019000   Zero   RW          598    .bss                ramdisk.o
    0x2001b210        -       0x00002660   Zero   RW          639    .bss                main.o
    0x2001d870        -       0x00000020   Zero   RW         1710    .bss                stm32f4xx_hal_flash.o
    0x2001d890        -       0x000002d0   Zero   RW         3263    .bss                usb_device.o
    0x2001db60        -       0x00000200   Zero   RW         3329    .bss                usbd_desc.o
    0x2001dd60        -       0x00000408   Zero   RW         3498    .bss                usbd_conf.o
    0x2001e168        -       0x00000460   Zero   RW         4357    .bss                fatfs.o
    0x2001e5c8        -       0x00000020   Zero   RW         4512    .bss                ff.o
    0x2001e5e8        -       0x0000000c   Zero   RW         4808    .bss                ff_gen_drv.o
    0x2001e5f4   COMPRESSED   0x00000004   PAD
    0x2001e5f8        -       0x00001000   Zero   RW            2    HEAP                startup_stm32f407xx.o
    0x2001f5f8        -       0x00000400   Zero   RW            1    STACK               startup_stm32f407xx.o


==============================================================================

Image component sizes


      Code (inc. data)   RO Data    RW Data    ZI Data      Debug   Object Name

       234         28          0          4       8208       4163   dev_com.o
       208         24          0          0          0       3921   diskio.o
        16          0          0          0          0        652   drv_com.o
        32         12          0          5       1120       1588   fatfs.o
      7024        166        164          6         32      38788   ff.o
       102          6          0          0         12       1719   ff_gen_drv.o
       304         46          0          0          0       2934   flash_if.o
       180         10          0          0          0        979   gpio.o
        50          8          0          4          0       1493   iap.o
       998        420          0         74       9824      25801   main.o
        56         12          0          0     102400       1785   ramdisk.o
        36          8        392          0       5120        836   startup_stm32f407xx.o
       212         36          0          9          0       9437   stm32f4xx_hal.o
       304         22          0          0          0      34515   stm32f4xx_hal_cortex.o
       632         60          0          0         32       5473   stm32f4xx_hal_flash.o
       432         26          0          0          0       3282   stm32f4xx_hal_flash_ex.o
       524         46          0          0          0       2328   stm32f4xx_hal_gpio.o
        72          4          0          0          0        866   stm32f4xx_hal_msp.o
      3296         14          0          0          0      13692   stm32f4xx_hal_pcd.o
        90          0          0          0          0       2453   stm32f4xx_hal_pcd_ex.o
      1736         64          0          0          0       4474   stm32f4xx_hal_rcc.o
       152         32          0         16          0      19079   stm32f4xx_it.o
       312          0          0          0          0       7347   stm32f4xx_ll_gpio.o
       336         60          0          0          0      28325   stm32f4xx_ll_rcc.o
       646         26          0          0          0      16648   stm32f4xx_ll_usart.o
      3790        102          0          0          0      22750   stm32f4xx_ll_usb.o
         0          0          0          0          0     690260   stmflash.o
        28          4         24          4          0       1171   system_stm32f4xx.o
       548         42          0          0          0      53611   usart.o
        76         16          0          0        720       5567   usb_device.o
      1052         34          0          0       1032      17286   usbd_conf.o
       902          0          0          0          0      13337   usbd_core.o
      2160         28          0          1          0      16988   usbd_ctlreq.o
       382        118          0         78        512       6977   usbd_desc.o
       134          0          0          0          0       3992   usbd_ioreq.o
       620         24          0        162          0       9606   usbd_msc.o
       756         10          0          0          0       7693   usbd_msc_bot.o
         0          0          0         64          0        973   usbd_msc_data.o
      3222         18          0          0          0      18919   usbd_msc_scsi.o
        98          0         44         32          0       4959   usbd_storage_if.o
       162          8          0         24          0       3996   user_diskio.o

    ----------------------------------------------------------------------
     31948       1534        656        500     129016    1110663   Object Totals
         0          0         32          0          0          0   (incl. Generated)
        34          0          0         17          4          0   (incl. Padding)

    ----------------------------------------------------------------------

      Code (inc. data)   RO Data    RW Data    ZI Data      Debug   Library Member Name

        86          0          0          0          0          0   __dczerorl2.o
         0          0          0          0          0          0   entry.o
         0          0          0          0          0          0   entry10a.o
         0          0          0          0          0          0   entry11a.o
         8          4          0          0          0          0   entry2.o
         4          0          0          0          0          0   entry5.o
         0          0          0          0          0          0   entry7b.o
         0          0          0          0          0          0   entry8b.o
         8          4          0          0          0          0   entry9a.o
        30          0          0          0          0          0   handlers.o
        36          8          0          0          0         68   init.o
         0          0          0          0          0          0   iusefp.o
        30          0          0          0          0         68   llshl.o
        36          0          0          0          0         68   llsshr.o
        32          0          0          0          0         68   llushr.o
       188         20          0          0          0        160   malloc.o
        36          0          0          0          0         68   memcpya.o
        36          0          0          0          0        108   memseta.o
         0          0          0          8          0          0   mvars.o
      2258         90          0          0          0        452   printfa.o
         0          0          0          4          0          0   stdout.o
        44          0          0          0          0         80   uidiv.o
        98          0          0          0          0         92   uldiv.o
        48          0          0          0          0         68   cdrcmple.o
       334          0          0          0          0        148   dadd.o
       222          0          0          0          0        100   ddiv.o
       186          0          0          0          0        176   depilogue.o
        48          0          0          0          0         68   dfixul.o
       228          0          0          0          0         96   dmul.o

    ----------------------------------------------------------------------
      4000        126          0         12          0       1888   Library Totals
         4          0          0          0          0          0   (incl. Padding)

    ----------------------------------------------------------------------

      Code (inc. data)   RO Data    RW Data    ZI Data      Debug   Library Name

      2930        126          0         12          0       1232   mc_w.l
      1066          0          0          0          0        656   mf_w.l

    ----------------------------------------------------------------------
      4000        126          0         12          0       1888   Library Totals

    ----------------------------------------------------------------------

==============================================================================


      Code (inc. data)   RO Data    RW Data    ZI Data      Debug   

     35948       1660        656        512     129016    1082047   Grand Totals
     35948       1660        656        244     129016    1082047   ELF Image Totals (compressed)
     35948       1660        656        244          0          0   ROM Totals

==============================================================================

    Total RO  Size (Code + RO Data)                36604 (  35.75kB)
    Total RW  Size (RW Data + ZI Data)            129528 ( 126.49kB)
    Total ROM Size (Code + RO Data + RW Data)      36848 (  35.98kB)

==============================================================================

