<!doctype html public "-//w3c//dtd html 4.0 transitional//en">
<html><head>
<title>Static Call Graph - [boot1\boot1.axf]</title></head>
<body><HR>
<H1>Static Call Graph for image boot1\boot1.axf</H1><HR>
<BR><P>#&#060CALLGRAPH&#062# ARM Linker, 5060750: Last Updated: Sun Nov 29 22:01:09 2020
<BR><P>
<H3>Maximum Stack Usage =        328 bytes + Unknown(Cycles, Untraceable Function Pointers)</H3><H3>
Call chain for Maximum Stack Depth:</H3>
main &rArr; system_usb_finish_read &rArr; f_open &rArr; follow_path &rArr; dir_find &rArr; dir_next &rArr; create_chain &rArr; put_fat &rArr; move_window &rArr; sync_window &rArr; disk_write
<P>
<H3>
Mutually Recursive functions
</H3> <LI><a href="#[38]">ADC_IRQHandler</a>&nbsp;&nbsp;&nbsp;&rArr;&nbsp;&nbsp;&nbsp;<a href="#[38]">ADC_IRQHandler</a><BR>
</UL>
<P>
<H3>
Function Pointers
</H3><UL>
 <LI><a href="#[38]">ADC_IRQHandler</a> from startup_stm32f407xx.o(.text) referenced from startup_stm32f407xx.o(RESET)
 <LI><a href="#[20]">BusFault_Handler</a> from stm32f4xx_it.o(i.BusFault_Handler) referenced from startup_stm32f407xx.o(RESET)
 <LI><a href="#[3a]">CAN1_RX0_IRQHandler</a> from startup_stm32f407xx.o(.text) referenced from startup_stm32f407xx.o(RESET)
 <LI><a href="#[3b]">CAN1_RX1_IRQHandler</a> from startup_stm32f407xx.o(.text) referenced from startup_stm32f407xx.o(RESET)
 <LI><a href="#[3c]">CAN1_SCE_IRQHandler</a> from startup_stm32f407xx.o(.text) referenced from startup_stm32f407xx.o(RESET)
 <LI><a href="#[39]">CAN1_TX_IRQHandler</a> from startup_stm32f407xx.o(.text) referenced from startup_stm32f407xx.o(RESET)
 <LI><a href="#[66]">CAN2_RX0_IRQHandler</a> from startup_stm32f407xx.o(.text) referenced from startup_stm32f407xx.o(RESET)
 <LI><a href="#[67]">CAN2_RX1_IRQHandler</a> from startup_stm32f407xx.o(.text) referenced from startup_stm32f407xx.o(RESET)
 <LI><a href="#[68]">CAN2_SCE_IRQHandler</a> from startup_stm32f407xx.o(.text) referenced from startup_stm32f407xx.o(RESET)
 <LI><a href="#[65]">CAN2_TX_IRQHandler</a> from startup_stm32f407xx.o(.text) referenced from startup_stm32f407xx.o(RESET)
 <LI><a href="#[74]">DCMI_IRQHandler</a> from startup_stm32f407xx.o(.text) referenced from startup_stm32f407xx.o(RESET)
 <LI><a href="#[31]">DMA1_Stream0_IRQHandler</a> from startup_stm32f407xx.o(.text) referenced from startup_stm32f407xx.o(RESET)
 <LI><a href="#[32]">DMA1_Stream1_IRQHandler</a> from startup_stm32f407xx.o(.text) referenced from startup_stm32f407xx.o(RESET)
 <LI><a href="#[33]">DMA1_Stream2_IRQHandler</a> from startup_stm32f407xx.o(.text) referenced from startup_stm32f407xx.o(RESET)
 <LI><a href="#[34]">DMA1_Stream3_IRQHandler</a> from startup_stm32f407xx.o(.text) referenced from startup_stm32f407xx.o(RESET)
 <LI><a href="#[35]">DMA1_Stream4_IRQHandler</a> from startup_stm32f407xx.o(.text) referenced from startup_stm32f407xx.o(RESET)
 <LI><a href="#[36]">DMA1_Stream5_IRQHandler</a> from startup_stm32f407xx.o(.text) referenced from startup_stm32f407xx.o(RESET)
 <LI><a href="#[37]">DMA1_Stream6_IRQHandler</a> from startup_stm32f407xx.o(.text) referenced from startup_stm32f407xx.o(RESET)
 <LI><a href="#[55]">DMA1_Stream7_IRQHandler</a> from startup_stm32f407xx.o(.text) referenced from startup_stm32f407xx.o(RESET)
 <LI><a href="#[5e]">DMA2_Stream0_IRQHandler</a> from startup_stm32f407xx.o(.text) referenced from startup_stm32f407xx.o(RESET)
 <LI><a href="#[5f]">DMA2_Stream1_IRQHandler</a> from startup_stm32f407xx.o(.text) referenced from startup_stm32f407xx.o(RESET)
 <LI><a href="#[60]">DMA2_Stream2_IRQHandler</a> from startup_stm32f407xx.o(.text) referenced from startup_stm32f407xx.o(RESET)
 <LI><a href="#[61]">DMA2_Stream3_IRQHandler</a> from startup_stm32f407xx.o(.text) referenced from startup_stm32f407xx.o(RESET)
 <LI><a href="#[62]">DMA2_Stream4_IRQHandler</a> from startup_stm32f407xx.o(.text) referenced from startup_stm32f407xx.o(RESET)
 <LI><a href="#[6a]">DMA2_Stream5_IRQHandler</a> from startup_stm32f407xx.o(.text) referenced from startup_stm32f407xx.o(RESET)
 <LI><a href="#[6b]">DMA2_Stream6_IRQHandler</a> from startup_stm32f407xx.o(.text) referenced from startup_stm32f407xx.o(RESET)
 <LI><a href="#[6c]">DMA2_Stream7_IRQHandler</a> from startup_stm32f407xx.o(.text) referenced from startup_stm32f407xx.o(RESET)
 <LI><a href="#[23]">DebugMon_Handler</a> from stm32f4xx_it.o(i.DebugMon_Handler) referenced from startup_stm32f407xx.o(RESET)
 <LI><a href="#[63]">ETH_IRQHandler</a> from startup_stm32f407xx.o(.text) referenced from startup_stm32f407xx.o(RESET)
 <LI><a href="#[64]">ETH_WKUP_IRQHandler</a> from startup_stm32f407xx.o(.text) referenced from startup_stm32f407xx.o(RESET)
 <LI><a href="#[2c]">EXTI0_IRQHandler</a> from startup_stm32f407xx.o(.text) referenced from startup_stm32f407xx.o(RESET)
 <LI><a href="#[4e]">EXTI15_10_IRQHandler</a> from startup_stm32f407xx.o(.text) referenced from startup_stm32f407xx.o(RESET)
 <LI><a href="#[2d]">EXTI1_IRQHandler</a> from startup_stm32f407xx.o(.text) referenced from startup_stm32f407xx.o(RESET)
 <LI><a href="#[2e]">EXTI2_IRQHandler</a> from startup_stm32f407xx.o(.text) referenced from startup_stm32f407xx.o(RESET)
 <LI><a href="#[2f]">EXTI3_IRQHandler</a> from startup_stm32f407xx.o(.text) referenced from startup_stm32f407xx.o(RESET)
 <LI><a href="#[30]">EXTI4_IRQHandler</a> from startup_stm32f407xx.o(.text) referenced from startup_stm32f407xx.o(RESET)
 <LI><a href="#[3d]">EXTI9_5_IRQHandler</a> from startup_stm32f407xx.o(.text) referenced from startup_stm32f407xx.o(RESET)
 <LI><a href="#[2a]">FLASH_IRQHandler</a> from startup_stm32f407xx.o(.text) referenced from startup_stm32f407xx.o(RESET)
 <LI><a href="#[56]">FMC_IRQHandler</a> from startup_stm32f407xx.o(.text) referenced from startup_stm32f407xx.o(RESET)
 <LI><a href="#[76]">FPU_IRQHandler</a> from startup_stm32f407xx.o(.text) referenced from startup_stm32f407xx.o(RESET)
 <LI><a href="#[75]">HASH_RNG_IRQHandler</a> from startup_stm32f407xx.o(.text) referenced from startup_stm32f407xx.o(RESET)
 <LI><a href="#[1e]">HardFault_Handler</a> from stm32f4xx_it.o(i.HardFault_Handler) referenced from startup_stm32f407xx.o(RESET)
 <LI><a href="#[46]">I2C1_ER_IRQHandler</a> from startup_stm32f407xx.o(.text) referenced from startup_stm32f407xx.o(RESET)
 <LI><a href="#[45]">I2C1_EV_IRQHandler</a> from startup_stm32f407xx.o(.text) referenced from startup_stm32f407xx.o(RESET)
 <LI><a href="#[48]">I2C2_ER_IRQHandler</a> from startup_stm32f407xx.o(.text) referenced from startup_stm32f407xx.o(RESET)
 <LI><a href="#[47]">I2C2_EV_IRQHandler</a> from startup_stm32f407xx.o(.text) referenced from startup_stm32f407xx.o(RESET)
 <LI><a href="#[6f]">I2C3_ER_IRQHandler</a> from startup_stm32f407xx.o(.text) referenced from startup_stm32f407xx.o(RESET)
 <LI><a href="#[6e]">I2C3_EV_IRQHandler</a> from startup_stm32f407xx.o(.text) referenced from startup_stm32f407xx.o(RESET)
 <LI><a href="#[1f]">MemManage_Handler</a> from stm32f4xx_it.o(i.MemManage_Handler) referenced from startup_stm32f407xx.o(RESET)
 <LI><a href="#[1d]">NMI_Handler</a> from stm32f4xx_it.o(i.NMI_Handler) referenced from startup_stm32f407xx.o(RESET)
 <LI><a href="#[69]">OTG_FS_IRQHandler</a> from stm32f4xx_it.o(i.OTG_FS_IRQHandler) referenced from startup_stm32f407xx.o(RESET)
 <LI><a href="#[50]">OTG_FS_WKUP_IRQHandler</a> from startup_stm32f407xx.o(.text) referenced from startup_stm32f407xx.o(RESET)
 <LI><a href="#[71]">OTG_HS_EP1_IN_IRQHandler</a> from startup_stm32f407xx.o(.text) referenced from startup_stm32f407xx.o(RESET)
 <LI><a href="#[70]">OTG_HS_EP1_OUT_IRQHandler</a> from startup_stm32f407xx.o(.text) referenced from startup_stm32f407xx.o(RESET)
 <LI><a href="#[73]">OTG_HS_IRQHandler</a> from startup_stm32f407xx.o(.text) referenced from startup_stm32f407xx.o(RESET)
 <LI><a href="#[72]">OTG_HS_WKUP_IRQHandler</a> from startup_stm32f407xx.o(.text) referenced from startup_stm32f407xx.o(RESET)
 <LI><a href="#[27]">PVD_IRQHandler</a> from startup_stm32f407xx.o(.text) referenced from startup_stm32f407xx.o(RESET)
 <LI><a href="#[24]">PendSV_Handler</a> from stm32f4xx_it.o(i.PendSV_Handler) referenced from startup_stm32f407xx.o(RESET)
 <LI><a href="#[2b]">RCC_IRQHandler</a> from startup_stm32f407xx.o(.text) referenced from startup_stm32f407xx.o(RESET)
 <LI><a href="#[4f]">RTC_Alarm_IRQHandler</a> from startup_stm32f407xx.o(.text) referenced from startup_stm32f407xx.o(RESET)
 <LI><a href="#[29]">RTC_WKUP_IRQHandler</a> from startup_stm32f407xx.o(.text) referenced from startup_stm32f407xx.o(RESET)
 <LI><a href="#[1c]">Reset_Handler</a> from startup_stm32f407xx.o(.text) referenced from startup_stm32f407xx.o(RESET)
 <LI><a href="#[57]">SDIO_IRQHandler</a> from startup_stm32f407xx.o(.text) referenced from startup_stm32f407xx.o(RESET)
 <LI><a href="#[49]">SPI1_IRQHandler</a> from startup_stm32f407xx.o(.text) referenced from startup_stm32f407xx.o(RESET)
 <LI><a href="#[4a]">SPI2_IRQHandler</a> from startup_stm32f407xx.o(.text) referenced from startup_stm32f407xx.o(RESET)
 <LI><a href="#[59]">SPI3_IRQHandler</a> from startup_stm32f407xx.o(.text) referenced from startup_stm32f407xx.o(RESET)
 <LI><a href="#[8]">STORAGE_GetCapacity_FS</a> from usbd_storage_if.o(i.STORAGE_GetCapacity_FS) referenced 2 times from usbd_storage_if.o(.data)
 <LI><a href="#[d]">STORAGE_GetMaxLun_FS</a> from usbd_storage_if.o(i.STORAGE_GetMaxLun_FS) referenced 2 times from usbd_storage_if.o(.data)
 <LI><a href="#[7]">STORAGE_Init_FS</a> from usbd_storage_if.o(i.STORAGE_Init_FS) referenced 2 times from usbd_storage_if.o(.data)
 <LI><a href="#[9]">STORAGE_IsReady_FS</a> from usbd_storage_if.o(i.STORAGE_IsReady_FS) referenced 2 times from usbd_storage_if.o(.data)
 <LI><a href="#[a]">STORAGE_IsWriteProtected_FS</a> from usbd_storage_if.o(i.STORAGE_IsWriteProtected_FS) referenced 2 times from usbd_storage_if.o(.data)
 <LI><a href="#[b]">STORAGE_Read_FS</a> from usbd_storage_if.o(i.STORAGE_Read_FS) referenced 2 times from usbd_storage_if.o(.data)
 <LI><a href="#[c]">STORAGE_Write_FS</a> from usbd_storage_if.o(i.STORAGE_Write_FS) referenced 2 times from usbd_storage_if.o(.data)
 <LI><a href="#[22]">SVC_Handler</a> from stm32f4xx_it.o(i.SVC_Handler) referenced from startup_stm32f407xx.o(RESET)
 <LI><a href="#[25]">SysTick_Handler</a> from stm32f4xx_it.o(i.SysTick_Handler) referenced from startup_stm32f407xx.o(RESET)
 <LI><a href="#[78]">SystemInit</a> from system_stm32f4xx.o(i.SystemInit) referenced from startup_stm32f407xx.o(.text)
 <LI><a href="#[28]">TAMP_STAMP_IRQHandler</a> from startup_stm32f407xx.o(.text) referenced from startup_stm32f407xx.o(RESET)
 <LI><a href="#[3e]">TIM1_BRK_TIM9_IRQHandler</a> from startup_stm32f407xx.o(.text) referenced from startup_stm32f407xx.o(RESET)
 <LI><a href="#[41]">TIM1_CC_IRQHandler</a> from startup_stm32f407xx.o(.text) referenced from startup_stm32f407xx.o(RESET)
 <LI><a href="#[40]">TIM1_TRG_COM_TIM11_IRQHandler</a> from startup_stm32f407xx.o(.text) referenced from startup_stm32f407xx.o(RESET)
 <LI><a href="#[3f]">TIM1_UP_TIM10_IRQHandler</a> from startup_stm32f407xx.o(.text) referenced from startup_stm32f407xx.o(RESET)
 <LI><a href="#[42]">TIM2_IRQHandler</a> from startup_stm32f407xx.o(.text) referenced from startup_stm32f407xx.o(RESET)
 <LI><a href="#[43]">TIM3_IRQHandler</a> from startup_stm32f407xx.o(.text) referenced from startup_stm32f407xx.o(RESET)
 <LI><a href="#[44]">TIM4_IRQHandler</a> from startup_stm32f407xx.o(.text) referenced from startup_stm32f407xx.o(RESET)
 <LI><a href="#[58]">TIM5_IRQHandler</a> from startup_stm32f407xx.o(.text) referenced from startup_stm32f407xx.o(RESET)
 <LI><a href="#[5c]">TIM6_DAC_IRQHandler</a> from startup_stm32f407xx.o(.text) referenced from startup_stm32f407xx.o(RESET)
 <LI><a href="#[5d]">TIM7_IRQHandler</a> from startup_stm32f407xx.o(.text) referenced from startup_stm32f407xx.o(RESET)
 <LI><a href="#[51]">TIM8_BRK_TIM12_IRQHandler</a> from startup_stm32f407xx.o(.text) referenced from startup_stm32f407xx.o(RESET)
 <LI><a href="#[54]">TIM8_CC_IRQHandler</a> from startup_stm32f407xx.o(.text) referenced from startup_stm32f407xx.o(RESET)
 <LI><a href="#[53]">TIM8_TRG_COM_TIM14_IRQHandler</a> from startup_stm32f407xx.o(.text) referenced from startup_stm32f407xx.o(RESET)
 <LI><a href="#[52]">TIM8_UP_TIM13_IRQHandler</a> from startup_stm32f407xx.o(.text) referenced from startup_stm32f407xx.o(RESET)
 <LI><a href="#[5a]">UART4_IRQHandler</a> from startup_stm32f407xx.o(.text) referenced from startup_stm32f407xx.o(RESET)
 <LI><a href="#[5b]">UART5_IRQHandler</a> from startup_stm32f407xx.o(.text) referenced from startup_stm32f407xx.o(RESET)
 <LI><a href="#[4b]">USART1_IRQHandler</a> from stm32f4xx_it.o(i.USART1_IRQHandler) referenced from startup_stm32f407xx.o(RESET)
 <LI><a href="#[4c]">USART2_IRQHandler</a> from startup_stm32f407xx.o(.text) referenced from startup_stm32f407xx.o(RESET)
 <LI><a href="#[4d]">USART3_IRQHandler</a> from startup_stm32f407xx.o(.text) referenced from startup_stm32f407xx.o(RESET)
 <LI><a href="#[6d]">USART6_IRQHandler</a> from startup_stm32f407xx.o(.text) referenced from startup_stm32f407xx.o(RESET)
 <LI><a href="#[5]">USBD_FS_ConfigStrDescriptor</a> from usbd_desc.o(i.USBD_FS_ConfigStrDescriptor) referenced 2 times from usbd_desc.o(.data)
 <LI><a href="#[0]">USBD_FS_DeviceDescriptor</a> from usbd_desc.o(i.USBD_FS_DeviceDescriptor) referenced 2 times from usbd_desc.o(.data)
 <LI><a href="#[6]">USBD_FS_InterfaceStrDescriptor</a> from usbd_desc.o(i.USBD_FS_InterfaceStrDescriptor) referenced 2 times from usbd_desc.o(.data)
 <LI><a href="#[1]">USBD_FS_LangIDStrDescriptor</a> from usbd_desc.o(i.USBD_FS_LangIDStrDescriptor) referenced 2 times from usbd_desc.o(.data)
 <LI><a href="#[2]">USBD_FS_ManufacturerStrDescriptor</a> from usbd_desc.o(i.USBD_FS_ManufacturerStrDescriptor) referenced 2 times from usbd_desc.o(.data)
 <LI><a href="#[3]">USBD_FS_ProductStrDescriptor</a> from usbd_desc.o(i.USBD_FS_ProductStrDescriptor) referenced 2 times from usbd_desc.o(.data)
 <LI><a href="#[4]">USBD_FS_SerialStrDescriptor</a> from usbd_desc.o(i.USBD_FS_SerialStrDescriptor) referenced 2 times from usbd_desc.o(.data)
 <LI><a href="#[11]">USBD_MSC_DataIn</a> from usbd_msc.o(i.USBD_MSC_DataIn) referenced 2 times from usbd_msc.o(.data)
 <LI><a href="#[12]">USBD_MSC_DataOut</a> from usbd_msc.o(i.USBD_MSC_DataOut) referenced 2 times from usbd_msc.o(.data)
 <LI><a href="#[f]">USBD_MSC_DeInit</a> from usbd_msc.o(i.USBD_MSC_DeInit) referenced 2 times from usbd_msc.o(.data)
 <LI><a href="#[16]">USBD_MSC_GetDeviceQualifierDescriptor</a> from usbd_msc.o(i.USBD_MSC_GetDeviceQualifierDescriptor) referenced 2 times from usbd_msc.o(.data)
 <LI><a href="#[14]">USBD_MSC_GetFSCfgDesc</a> from usbd_msc.o(i.USBD_MSC_GetFSCfgDesc) referenced 2 times from usbd_msc.o(.data)
 <LI><a href="#[13]">USBD_MSC_GetHSCfgDesc</a> from usbd_msc.o(i.USBD_MSC_GetHSCfgDesc) referenced 2 times from usbd_msc.o(.data)
 <LI><a href="#[15]">USBD_MSC_GetOtherSpeedCfgDesc</a> from usbd_msc.o(i.USBD_MSC_GetOtherSpeedCfgDesc) referenced 2 times from usbd_msc.o(.data)
 <LI><a href="#[e]">USBD_MSC_Init</a> from usbd_msc.o(i.USBD_MSC_Init) referenced 2 times from usbd_msc.o(.data)
 <LI><a href="#[10]">USBD_MSC_Setup</a> from usbd_msc.o(i.USBD_MSC_Setup) referenced 2 times from usbd_msc.o(.data)
 <LI><a href="#[17]">USER_initialize</a> from user_diskio.o(i.USER_initialize) referenced 2 times from user_diskio.o(.data)
 <LI><a href="#[1b]">USER_ioctl</a> from user_diskio.o(i.USER_ioctl) referenced 2 times from user_diskio.o(.data)
 <LI><a href="#[19]">USER_read</a> from user_diskio.o(i.USER_read) referenced 2 times from user_diskio.o(.data)
 <LI><a href="#[18]">USER_status</a> from user_diskio.o(i.USER_status) referenced 2 times from user_diskio.o(.data)
 <LI><a href="#[1a]">USER_write</a> from user_diskio.o(i.USER_write) referenced 2 times from user_diskio.o(.data)
 <LI><a href="#[21]">UsageFault_Handler</a> from stm32f4xx_it.o(i.UsageFault_Handler) referenced from startup_stm32f407xx.o(RESET)
 <LI><a href="#[26]">WWDG_IRQHandler</a> from startup_stm32f407xx.o(.text) referenced from startup_stm32f407xx.o(RESET)
 <LI><a href="#[79]">__main</a> from entry.o(.ARM.Collect$$$$00000000) referenced from startup_stm32f407xx.o(.text)
 <LI><a href="#[7b]">dev_comctrl_interrput_rx_handle</a> from dev_com.o(i.dev_comctrl_interrput_rx_handle) referenced from dev_com.o(i.dev_comctrl_init)
 <LI><a href="#[7a]">fputc</a> from usart.o(i.fputc) referenced from printfa.o(i.__0printf)
 <LI><a href="#[77]">main</a> from main.o(i.main) referenced from entry9a.o(.ARM.Collect$$$$0000000B)
</UL>
<P>
<H3>
Global Symbols
</H3>
<P><STRONG><a name="[79]"></a>__main</STRONG> (Thumb, 0 bytes, Stack size unknown bytes, entry.o(.ARM.Collect$$$$00000000))
<BR>[Address Reference Count : 1]<UL><LI> startup_stm32f407xx.o(.text)
</UL>
<P><STRONG><a name="[1a1]"></a>_main_stk</STRONG> (Thumb, 0 bytes, Stack size unknown bytes, entry2.o(.ARM.Collect$$$$00000001))

<P><STRONG><a name="[7c]"></a>_main_scatterload</STRONG> (Thumb, 0 bytes, Stack size unknown bytes, entry5.o(.ARM.Collect$$$$00000004))
<BR><BR>[Calls]<UL><LI><a href="#[7d]">&gt;&gt;</a>&nbsp;&nbsp;&nbsp;__scatterload
</UL>

<P><STRONG><a name="[8d]"></a>__main_after_scatterload</STRONG> (Thumb, 0 bytes, Stack size unknown bytes, entry5.o(.ARM.Collect$$$$00000004))
<BR><BR>[Called By]<UL><LI><a href="#[7d]">&gt;&gt;</a>&nbsp;&nbsp;&nbsp;__scatterload
</UL>

<P><STRONG><a name="[1a2]"></a>_main_clock</STRONG> (Thumb, 0 bytes, Stack size unknown bytes, entry7b.o(.ARM.Collect$$$$00000008))

<P><STRONG><a name="[1a3]"></a>_main_cpp_init</STRONG> (Thumb, 0 bytes, Stack size unknown bytes, entry8b.o(.ARM.Collect$$$$0000000A))

<P><STRONG><a name="[1a4]"></a>_main_init</STRONG> (Thumb, 0 bytes, Stack size unknown bytes, entry9a.o(.ARM.Collect$$$$0000000B))

<P><STRONG><a name="[1a5]"></a>__rt_final_cpp</STRONG> (Thumb, 0 bytes, Stack size unknown bytes, entry10a.o(.ARM.Collect$$$$0000000D))

<P><STRONG><a name="[1a6]"></a>__rt_final_exit</STRONG> (Thumb, 0 bytes, Stack size unknown bytes, entry11a.o(.ARM.Collect$$$$0000000F))

<P><STRONG><a name="[19e]"></a>MSR_MSP</STRONG> (Thumb, 6 bytes, Stack size 0 bytes, iap.o(.emb_text))
<BR><BR>[Called By]<UL><LI><a href="#[19d]">&gt;&gt;</a>&nbsp;&nbsp;&nbsp;iap_load_app
</UL>

<P><STRONG><a name="[1c]"></a>Reset_Handler</STRONG> (Thumb, 8 bytes, Stack size 0 bytes, startup_stm32f407xx.o(.text))
<BR>[Address Reference Count : 1]<UL><LI> startup_stm32f407xx.o(RESET)
</UL>
<P><STRONG><a name="[38]"></a>ADC_IRQHandler</STRONG> (Thumb, 0 bytes, Stack size 0 bytes, startup_stm32f407xx.o(.text))
<BR><BR>[Calls]<UL><LI><a href="#[38]">&gt;&gt;</a>&nbsp;&nbsp;&nbsp;ADC_IRQHandler
</UL>
<BR>[Called By]<UL><LI><a href="#[38]">&gt;&gt;</a>&nbsp;&nbsp;&nbsp;ADC_IRQHandler
</UL>
<BR>[Address Reference Count : 1]<UL><LI> startup_stm32f407xx.o(RESET)
</UL>
<P><STRONG><a name="[3a]"></a>CAN1_RX0_IRQHandler</STRONG> (Thumb, 0 bytes, Stack size 0 bytes, startup_stm32f407xx.o(.text))
<BR>[Address Reference Count : 1]<UL><LI> startup_stm32f407xx.o(RESET)
</UL>
<P><STRONG><a name="[3b]"></a>CAN1_RX1_IRQHandler</STRONG> (Thumb, 0 bytes, Stack size 0 bytes, startup_stm32f407xx.o(.text))
<BR>[Address Reference Count : 1]<UL><LI> startup_stm32f407xx.o(RESET)
</UL>
<P><STRONG><a name="[3c]"></a>CAN1_SCE_IRQHandler</STRONG> (Thumb, 0 bytes, Stack size 0 bytes, startup_stm32f407xx.o(.text))
<BR>[Address Reference Count : 1]<UL><LI> startup_stm32f407xx.o(RESET)
</UL>
<P><STRONG><a name="[39]"></a>CAN1_TX_IRQHandler</STRONG> (Thumb, 0 bytes, Stack size 0 bytes, startup_stm32f407xx.o(.text))
<BR>[Address Reference Count : 1]<UL><LI> startup_stm32f407xx.o(RESET)
</UL>
<P><STRONG><a name="[66]"></a>CAN2_RX0_IRQHandler</STRONG> (Thumb, 0 bytes, Stack size 0 bytes, startup_stm32f407xx.o(.text))
<BR>[Address Reference Count : 1]<UL><LI> startup_stm32f407xx.o(RESET)
</UL>
<P><STRONG><a name="[67]"></a>CAN2_RX1_IRQHandler</STRONG> (Thumb, 0 bytes, Stack size 0 bytes, startup_stm32f407xx.o(.text))
<BR>[Address Reference Count : 1]<UL><LI> startup_stm32f407xx.o(RESET)
</UL>
<P><STRONG><a name="[68]"></a>CAN2_SCE_IRQHandler</STRONG> (Thumb, 0 bytes, Stack size 0 bytes, startup_stm32f407xx.o(.text))
<BR>[Address Reference Count : 1]<UL><LI> startup_stm32f407xx.o(RESET)
</UL>
<P><STRONG><a name="[65]"></a>CAN2_TX_IRQHandler</STRONG> (Thumb, 0 bytes, Stack size 0 bytes, startup_stm32f407xx.o(.text))
<BR>[Address Reference Count : 1]<UL><LI> startup_stm32f407xx.o(RESET)
</UL>
<P><STRONG><a name="[74]"></a>DCMI_IRQHandler</STRONG> (Thumb, 0 bytes, Stack size 0 bytes, startup_stm32f407xx.o(.text))
<BR>[Address Reference Count : 1]<UL><LI> startup_stm32f407xx.o(RESET)
</UL>
<P><STRONG><a name="[31]"></a>DMA1_Stream0_IRQHandler</STRONG> (Thumb, 0 bytes, Stack size 0 bytes, startup_stm32f407xx.o(.text))
<BR>[Address Reference Count : 1]<UL><LI> startup_stm32f407xx.o(RESET)
</UL>
<P><STRONG><a name="[32]"></a>DMA1_Stream1_IRQHandler</STRONG> (Thumb, 0 bytes, Stack size 0 bytes, startup_stm32f407xx.o(.text))
<BR>[Address Reference Count : 1]<UL><LI> startup_stm32f407xx.o(RESET)
</UL>
<P><STRONG><a name="[33]"></a>DMA1_Stream2_IRQHandler</STRONG> (Thumb, 0 bytes, Stack size 0 bytes, startup_stm32f407xx.o(.text))
<BR>[Address Reference Count : 1]<UL><LI> startup_stm32f407xx.o(RESET)
</UL>
<P><STRONG><a name="[34]"></a>DMA1_Stream3_IRQHandler</STRONG> (Thumb, 0 bytes, Stack size 0 bytes, startup_stm32f407xx.o(.text))
<BR>[Address Reference Count : 1]<UL><LI> startup_stm32f407xx.o(RESET)
</UL>
<P><STRONG><a name="[35]"></a>DMA1_Stream4_IRQHandler</STRONG> (Thumb, 0 bytes, Stack size 0 bytes, startup_stm32f407xx.o(.text))
<BR>[Address Reference Count : 1]<UL><LI> startup_stm32f407xx.o(RESET)
</UL>
<P><STRONG><a name="[36]"></a>DMA1_Stream5_IRQHandler</STRONG> (Thumb, 0 bytes, Stack size 0 bytes, startup_stm32f407xx.o(.text))
<BR>[Address Reference Count : 1]<UL><LI> startup_stm32f407xx.o(RESET)
</UL>
<P><STRONG><a name="[37]"></a>DMA1_Stream6_IRQHandler</STRONG> (Thumb, 0 bytes, Stack size 0 bytes, startup_stm32f407xx.o(.text))
<BR>[Address Reference Count : 1]<UL><LI> startup_stm32f407xx.o(RESET)
</UL>
<P><STRONG><a name="[55]"></a>DMA1_Stream7_IRQHandler</STRONG> (Thumb, 0 bytes, Stack size 0 bytes, startup_stm32f407xx.o(.text))
<BR>[Address Reference Count : 1]<UL><LI> startup_stm32f407xx.o(RESET)
</UL>
<P><STRONG><a name="[5e]"></a>DMA2_Stream0_IRQHandler</STRONG> (Thumb, 0 bytes, Stack size 0 bytes, startup_stm32f407xx.o(.text))
<BR>[Address Reference Count : 1]<UL><LI> startup_stm32f407xx.o(RESET)
</UL>
<P><STRONG><a name="[5f]"></a>DMA2_Stream1_IRQHandler</STRONG> (Thumb, 0 bytes, Stack size 0 bytes, startup_stm32f407xx.o(.text))
<BR>[Address Reference Count : 1]<UL><LI> startup_stm32f407xx.o(RESET)
</UL>
<P><STRONG><a name="[60]"></a>DMA2_Stream2_IRQHandler</STRONG> (Thumb, 0 bytes, Stack size 0 bytes, startup_stm32f407xx.o(.text))
<BR>[Address Reference Count : 1]<UL><LI> startup_stm32f407xx.o(RESET)
</UL>
<P><STRONG><a name="[61]"></a>DMA2_Stream3_IRQHandler</STRONG> (Thumb, 0 bytes, Stack size 0 bytes, startup_stm32f407xx.o(.text))
<BR>[Address Reference Count : 1]<UL><LI> startup_stm32f407xx.o(RESET)
</UL>
<P><STRONG><a name="[62]"></a>DMA2_Stream4_IRQHandler</STRONG> (Thumb, 0 bytes, Stack size 0 bytes, startup_stm32f407xx.o(.text))
<BR>[Address Reference Count : 1]<UL><LI> startup_stm32f407xx.o(RESET)
</UL>
<P><STRONG><a name="[6a]"></a>DMA2_Stream5_IRQHandler</STRONG> (Thumb, 0 bytes, Stack size 0 bytes, startup_stm32f407xx.o(.text))
<BR>[Address Reference Count : 1]<UL><LI> startup_stm32f407xx.o(RESET)
</UL>
<P><STRONG><a name="[6b]"></a>DMA2_Stream6_IRQHandler</STRONG> (Thumb, 0 bytes, Stack size 0 bytes, startup_stm32f407xx.o(.text))
<BR>[Address Reference Count : 1]<UL><LI> startup_stm32f407xx.o(RESET)
</UL>
<P><STRONG><a name="[6c]"></a>DMA2_Stream7_IRQHandler</STRONG> (Thumb, 0 bytes, Stack size 0 bytes, startup_stm32f407xx.o(.text))
<BR>[Address Reference Count : 1]<UL><LI> startup_stm32f407xx.o(RESET)
</UL>
<P><STRONG><a name="[63]"></a>ETH_IRQHandler</STRONG> (Thumb, 0 bytes, Stack size 0 bytes, startup_stm32f407xx.o(.text))
<BR>[Address Reference Count : 1]<UL><LI> startup_stm32f407xx.o(RESET)
</UL>
<P><STRONG><a name="[64]"></a>ETH_WKUP_IRQHandler</STRONG> (Thumb, 0 bytes, Stack size 0 bytes, startup_stm32f407xx.o(.text))
<BR>[Address Reference Count : 1]<UL><LI> startup_stm32f407xx.o(RESET)
</UL>
<P><STRONG><a name="[2c]"></a>EXTI0_IRQHandler</STRONG> (Thumb, 0 bytes, Stack size 0 bytes, startup_stm32f407xx.o(.text))
<BR>[Address Reference Count : 1]<UL><LI> startup_stm32f407xx.o(RESET)
</UL>
<P><STRONG><a name="[4e]"></a>EXTI15_10_IRQHandler</STRONG> (Thumb, 0 bytes, Stack size 0 bytes, startup_stm32f407xx.o(.text))
<BR>[Address Reference Count : 1]<UL><LI> startup_stm32f407xx.o(RESET)
</UL>
<P><STRONG><a name="[2d]"></a>EXTI1_IRQHandler</STRONG> (Thumb, 0 bytes, Stack size 0 bytes, startup_stm32f407xx.o(.text))
<BR>[Address Reference Count : 1]<UL><LI> startup_stm32f407xx.o(RESET)
</UL>
<P><STRONG><a name="[2e]"></a>EXTI2_IRQHandler</STRONG> (Thumb, 0 bytes, Stack size 0 bytes, startup_stm32f407xx.o(.text))
<BR>[Address Reference Count : 1]<UL><LI> startup_stm32f407xx.o(RESET)
</UL>
<P><STRONG><a name="[2f]"></a>EXTI3_IRQHandler</STRONG> (Thumb, 0 bytes, Stack size 0 bytes, startup_stm32f407xx.o(.text))
<BR>[Address Reference Count : 1]<UL><LI> startup_stm32f407xx.o(RESET)
</UL>
<P><STRONG><a name="[30]"></a>EXTI4_IRQHandler</STRONG> (Thumb, 0 bytes, Stack size 0 bytes, startup_stm32f407xx.o(.text))
<BR>[Address Reference Count : 1]<UL><LI> startup_stm32f407xx.o(RESET)
</UL>
<P><STRONG><a name="[3d]"></a>EXTI9_5_IRQHandler</STRONG> (Thumb, 0 bytes, Stack size 0 bytes, startup_stm32f407xx.o(.text))
<BR>[Address Reference Count : 1]<UL><LI> startup_stm32f407xx.o(RESET)
</UL>
<P><STRONG><a name="[2a]"></a>FLASH_IRQHandler</STRONG> (Thumb, 0 bytes, Stack size 0 bytes, startup_stm32f407xx.o(.text))
<BR>[Address Reference Count : 1]<UL><LI> startup_stm32f407xx.o(RESET)
</UL>
<P><STRONG><a name="[56]"></a>FMC_IRQHandler</STRONG> (Thumb, 0 bytes, Stack size 0 bytes, startup_stm32f407xx.o(.text))
<BR>[Address Reference Count : 1]<UL><LI> startup_stm32f407xx.o(RESET)
</UL>
<P><STRONG><a name="[76]"></a>FPU_IRQHandler</STRONG> (Thumb, 0 bytes, Stack size 0 bytes, startup_stm32f407xx.o(.text))
<BR>[Address Reference Count : 1]<UL><LI> startup_stm32f407xx.o(RESET)
</UL>
<P><STRONG><a name="[75]"></a>HASH_RNG_IRQHandler</STRONG> (Thumb, 0 bytes, Stack size 0 bytes, startup_stm32f407xx.o(.text))
<BR>[Address Reference Count : 1]<UL><LI> startup_stm32f407xx.o(RESET)
</UL>
<P><STRONG><a name="[46]"></a>I2C1_ER_IRQHandler</STRONG> (Thumb, 0 bytes, Stack size 0 bytes, startup_stm32f407xx.o(.text))
<BR>[Address Reference Count : 1]<UL><LI> startup_stm32f407xx.o(RESET)
</UL>
<P><STRONG><a name="[45]"></a>I2C1_EV_IRQHandler</STRONG> (Thumb, 0 bytes, Stack size 0 bytes, startup_stm32f407xx.o(.text))
<BR>[Address Reference Count : 1]<UL><LI> startup_stm32f407xx.o(RESET)
</UL>
<P><STRONG><a name="[48]"></a>I2C2_ER_IRQHandler</STRONG> (Thumb, 0 bytes, Stack size 0 bytes, startup_stm32f407xx.o(.text))
<BR>[Address Reference Count : 1]<UL><LI> startup_stm32f407xx.o(RESET)
</UL>
<P><STRONG><a name="[47]"></a>I2C2_EV_IRQHandler</STRONG> (Thumb, 0 bytes, Stack size 0 bytes, startup_stm32f407xx.o(.text))
<BR>[Address Reference Count : 1]<UL><LI> startup_stm32f407xx.o(RESET)
</UL>
<P><STRONG><a name="[6f]"></a>I2C3_ER_IRQHandler</STRONG> (Thumb, 0 bytes, Stack size 0 bytes, startup_stm32f407xx.o(.text))
<BR>[Address Reference Count : 1]<UL><LI> startup_stm32f407xx.o(RESET)
</UL>
<P><STRONG><a name="[6e]"></a>I2C3_EV_IRQHandler</STRONG> (Thumb, 0 bytes, Stack size 0 bytes, startup_stm32f407xx.o(.text))
<BR>[Address Reference Count : 1]<UL><LI> startup_stm32f407xx.o(RESET)
</UL>
<P><STRONG><a name="[50]"></a>OTG_FS_WKUP_IRQHandler</STRONG> (Thumb, 0 bytes, Stack size 0 bytes, startup_stm32f407xx.o(.text))
<BR>[Address Reference Count : 1]<UL><LI> startup_stm32f407xx.o(RESET)
</UL>
<P><STRONG><a name="[71]"></a>OTG_HS_EP1_IN_IRQHandler</STRONG> (Thumb, 0 bytes, Stack size 0 bytes, startup_stm32f407xx.o(.text))
<BR>[Address Reference Count : 1]<UL><LI> startup_stm32f407xx.o(RESET)
</UL>
<P><STRONG><a name="[70]"></a>OTG_HS_EP1_OUT_IRQHandler</STRONG> (Thumb, 0 bytes, Stack size 0 bytes, startup_stm32f407xx.o(.text))
<BR>[Address Reference Count : 1]<UL><LI> startup_stm32f407xx.o(RESET)
</UL>
<P><STRONG><a name="[73]"></a>OTG_HS_IRQHandler</STRONG> (Thumb, 0 bytes, Stack size 0 bytes, startup_stm32f407xx.o(.text))
<BR>[Address Reference Count : 1]<UL><LI> startup_stm32f407xx.o(RESET)
</UL>
<P><STRONG><a name="[72]"></a>OTG_HS_WKUP_IRQHandler</STRONG> (Thumb, 0 bytes, Stack size 0 bytes, startup_stm32f407xx.o(.text))
<BR>[Address Reference Count : 1]<UL><LI> startup_stm32f407xx.o(RESET)
</UL>
<P><STRONG><a name="[27]"></a>PVD_IRQHandler</STRONG> (Thumb, 0 bytes, Stack size 0 bytes, startup_stm32f407xx.o(.text))
<BR>[Address Reference Count : 1]<UL><LI> startup_stm32f407xx.o(RESET)
</UL>
<P><STRONG><a name="[2b]"></a>RCC_IRQHandler</STRONG> (Thumb, 0 bytes, Stack size 0 bytes, startup_stm32f407xx.o(.text))
<BR>[Address Reference Count : 1]<UL><LI> startup_stm32f407xx.o(RESET)
</UL>
<P><STRONG><a name="[4f]"></a>RTC_Alarm_IRQHandler</STRONG> (Thumb, 0 bytes, Stack size 0 bytes, startup_stm32f407xx.o(.text))
<BR>[Address Reference Count : 1]<UL><LI> startup_stm32f407xx.o(RESET)
</UL>
<P><STRONG><a name="[29]"></a>RTC_WKUP_IRQHandler</STRONG> (Thumb, 0 bytes, Stack size 0 bytes, startup_stm32f407xx.o(.text))
<BR>[Address Reference Count : 1]<UL><LI> startup_stm32f407xx.o(RESET)
</UL>
<P><STRONG><a name="[57]"></a>SDIO_IRQHandler</STRONG> (Thumb, 0 bytes, Stack size 0 bytes, startup_stm32f407xx.o(.text))
<BR>[Address Reference Count : 1]<UL><LI> startup_stm32f407xx.o(RESET)
</UL>
<P><STRONG><a name="[49]"></a>SPI1_IRQHandler</STRONG> (Thumb, 0 bytes, Stack size 0 bytes, startup_stm32f407xx.o(.text))
<BR>[Address Reference Count : 1]<UL><LI> startup_stm32f407xx.o(RESET)
</UL>
<P><STRONG><a name="[4a]"></a>SPI2_IRQHandler</STRONG> (Thumb, 0 bytes, Stack size 0 bytes, startup_stm32f407xx.o(.text))
<BR>[Address Reference Count : 1]<UL><LI> startup_stm32f407xx.o(RESET)
</UL>
<P><STRONG><a name="[59]"></a>SPI3_IRQHandler</STRONG> (Thumb, 0 bytes, Stack size 0 bytes, startup_stm32f407xx.o(.text))
<BR>[Address Reference Count : 1]<UL><LI> startup_stm32f407xx.o(RESET)
</UL>
<P><STRONG><a name="[28]"></a>TAMP_STAMP_IRQHandler</STRONG> (Thumb, 0 bytes, Stack size 0 bytes, startup_stm32f407xx.o(.text))
<BR>[Address Reference Count : 1]<UL><LI> startup_stm32f407xx.o(RESET)
</UL>
<P><STRONG><a name="[3e]"></a>TIM1_BRK_TIM9_IRQHandler</STRONG> (Thumb, 0 bytes, Stack size 0 bytes, startup_stm32f407xx.o(.text))
<BR>[Address Reference Count : 1]<UL><LI> startup_stm32f407xx.o(RESET)
</UL>
<P><STRONG><a name="[41]"></a>TIM1_CC_IRQHandler</STRONG> (Thumb, 0 bytes, Stack size 0 bytes, startup_stm32f407xx.o(.text))
<BR>[Address Reference Count : 1]<UL><LI> startup_stm32f407xx.o(RESET)
</UL>
<P><STRONG><a name="[40]"></a>TIM1_TRG_COM_TIM11_IRQHandler</STRONG> (Thumb, 0 bytes, Stack size 0 bytes, startup_stm32f407xx.o(.text))
<BR>[Address Reference Count : 1]<UL><LI> startup_stm32f407xx.o(RESET)
</UL>
<P><STRONG><a name="[3f]"></a>TIM1_UP_TIM10_IRQHandler</STRONG> (Thumb, 0 bytes, Stack size 0 bytes, startup_stm32f407xx.o(.text))
<BR>[Address Reference Count : 1]<UL><LI> startup_stm32f407xx.o(RESET)
</UL>
<P><STRONG><a name="[42]"></a>TIM2_IRQHandler</STRONG> (Thumb, 0 bytes, Stack size 0 bytes, startup_stm32f407xx.o(.text))
<BR>[Address Reference Count : 1]<UL><LI> startup_stm32f407xx.o(RESET)
</UL>
<P><STRONG><a name="[43]"></a>TIM3_IRQHandler</STRONG> (Thumb, 0 bytes, Stack size 0 bytes, startup_stm32f407xx.o(.text))
<BR>[Address Reference Count : 1]<UL><LI> startup_stm32f407xx.o(RESET)
</UL>
<P><STRONG><a name="[44]"></a>TIM4_IRQHandler</STRONG> (Thumb, 0 bytes, Stack size 0 bytes, startup_stm32f407xx.o(.text))
<BR>[Address Reference Count : 1]<UL><LI> startup_stm32f407xx.o(RESET)
</UL>
<P><STRONG><a name="[58]"></a>TIM5_IRQHandler</STRONG> (Thumb, 0 bytes, Stack size 0 bytes, startup_stm32f407xx.o(.text))
<BR>[Address Reference Count : 1]<UL><LI> startup_stm32f407xx.o(RESET)
</UL>
<P><STRONG><a name="[5c]"></a>TIM6_DAC_IRQHandler</STRONG> (Thumb, 0 bytes, Stack size 0 bytes, startup_stm32f407xx.o(.text))
<BR>[Address Reference Count : 1]<UL><LI> startup_stm32f407xx.o(RESET)
</UL>
<P><STRONG><a name="[5d]"></a>TIM7_IRQHandler</STRONG> (Thumb, 0 bytes, Stack size 0 bytes, startup_stm32f407xx.o(.text))
<BR>[Address Reference Count : 1]<UL><LI> startup_stm32f407xx.o(RESET)
</UL>
<P><STRONG><a name="[51]"></a>TIM8_BRK_TIM12_IRQHandler</STRONG> (Thumb, 0 bytes, Stack size 0 bytes, startup_stm32f407xx.o(.text))
<BR>[Address Reference Count : 1]<UL><LI> startup_stm32f407xx.o(RESET)
</UL>
<P><STRONG><a name="[54]"></a>TIM8_CC_IRQHandler</STRONG> (Thumb, 0 bytes, Stack size 0 bytes, startup_stm32f407xx.o(.text))
<BR>[Address Reference Count : 1]<UL><LI> startup_stm32f407xx.o(RESET)
</UL>
<P><STRONG><a name="[53]"></a>TIM8_TRG_COM_TIM14_IRQHandler</STRONG> (Thumb, 0 bytes, Stack size 0 bytes, startup_stm32f407xx.o(.text))
<BR>[Address Reference Count : 1]<UL><LI> startup_stm32f407xx.o(RESET)
</UL>
<P><STRONG><a name="[52]"></a>TIM8_UP_TIM13_IRQHandler</STRONG> (Thumb, 0 bytes, Stack size 0 bytes, startup_stm32f407xx.o(.text))
<BR>[Address Reference Count : 1]<UL><LI> startup_stm32f407xx.o(RESET)
</UL>
<P><STRONG><a name="[5a]"></a>UART4_IRQHandler</STRONG> (Thumb, 0 bytes, Stack size 0 bytes, startup_stm32f407xx.o(.text))
<BR>[Address Reference Count : 1]<UL><LI> startup_stm32f407xx.o(RESET)
</UL>
<P><STRONG><a name="[5b]"></a>UART5_IRQHandler</STRONG> (Thumb, 0 bytes, Stack size 0 bytes, startup_stm32f407xx.o(.text))
<BR>[Address Reference Count : 1]<UL><LI> startup_stm32f407xx.o(RESET)
</UL>
<P><STRONG><a name="[4c]"></a>USART2_IRQHandler</STRONG> (Thumb, 0 bytes, Stack size 0 bytes, startup_stm32f407xx.o(.text))
<BR>[Address Reference Count : 1]<UL><LI> startup_stm32f407xx.o(RESET)
</UL>
<P><STRONG><a name="[4d]"></a>USART3_IRQHandler</STRONG> (Thumb, 0 bytes, Stack size 0 bytes, startup_stm32f407xx.o(.text))
<BR>[Address Reference Count : 1]<UL><LI> startup_stm32f407xx.o(RESET)
</UL>
<P><STRONG><a name="[6d]"></a>USART6_IRQHandler</STRONG> (Thumb, 0 bytes, Stack size 0 bytes, startup_stm32f407xx.o(.text))
<BR>[Address Reference Count : 1]<UL><LI> startup_stm32f407xx.o(RESET)
</UL>
<P><STRONG><a name="[26]"></a>WWDG_IRQHandler</STRONG> (Thumb, 0 bytes, Stack size 0 bytes, startup_stm32f407xx.o(.text))
<BR>[Address Reference Count : 1]<UL><LI> startup_stm32f407xx.o(RESET)
</UL>
<P><STRONG><a name="[7e]"></a>__aeabi_uldivmod</STRONG> (Thumb, 98 bytes, Stack size 40 bytes, uldiv.o(.text))
<BR><BR>[Stack]<UL><LI>Max Depth = 40<LI>Call Chain = __aeabi_uldivmod
</UL>
<BR>[Calls]<UL><LI><a href="#[7f]">&gt;&gt;</a>&nbsp;&nbsp;&nbsp;__aeabi_llsr
<LI><a href="#[80]">&gt;&gt;</a>&nbsp;&nbsp;&nbsp;__aeabi_llsl
</UL>
<BR>[Called By]<UL><LI><a href="#[f5]">&gt;&gt;</a>&nbsp;&nbsp;&nbsp;HAL_RCC_GetSysClockFreq
<LI><a href="#[fe]">&gt;&gt;</a>&nbsp;&nbsp;&nbsp;LL_USART_SetBaudRate
<LI><a href="#[160]">&gt;&gt;</a>&nbsp;&nbsp;&nbsp;_printf_core
<LI><a href="#[161]">&gt;&gt;</a>&nbsp;&nbsp;&nbsp;_fp_digits
</UL>

<P><STRONG><a name="[1a0]"></a>__aeabi_memcpy</STRONG> (Thumb, 36 bytes, Stack size 0 bytes, memcpya.o(.text))
<BR><BR>[Called By]<UL><LI><a href="#[135]">&gt;&gt;</a>&nbsp;&nbsp;&nbsp;ramdisk_write
<LI><a href="#[134]">&gt;&gt;</a>&nbsp;&nbsp;&nbsp;ramdisk_read
</UL>

<P><STRONG><a name="[df]"></a>__aeabi_memcpy4</STRONG> (Thumb, 0 bytes, Stack size 0 bytes, memcpya.o(.text))
<BR><BR>[Called By]<UL><LI><a href="#[dc]">&gt;&gt;</a>&nbsp;&nbsp;&nbsp;HAL_PCD_Init
</UL>

<P><STRONG><a name="[1a7]"></a>__aeabi_memcpy8</STRONG> (Thumb, 0 bytes, Stack size 0 bytes, memcpya.o(.text), UNUSED)

<P><STRONG><a name="[82]"></a>__aeabi_memset</STRONG> (Thumb, 14 bytes, Stack size 0 bytes, memseta.o(.text), UNUSED)
<BR><BR>[Called By]<UL><LI><a href="#[83]">&gt;&gt;</a>&nbsp;&nbsp;&nbsp;_memset$wrapper
<LI><a href="#[81]">&gt;&gt;</a>&nbsp;&nbsp;&nbsp;__aeabi_memclr
</UL>

<P><STRONG><a name="[1a8]"></a>__aeabi_memset4</STRONG> (Thumb, 0 bytes, Stack size 0 bytes, memseta.o(.text), UNUSED)

<P><STRONG><a name="[1a9]"></a>__aeabi_memset8</STRONG> (Thumb, 0 bytes, Stack size 0 bytes, memseta.o(.text), UNUSED)

<P><STRONG><a name="[81]"></a>__aeabi_memclr</STRONG> (Thumb, 4 bytes, Stack size 0 bytes, memseta.o(.text), UNUSED)
<BR><BR>[Calls]<UL><LI><a href="#[82]">&gt;&gt;</a>&nbsp;&nbsp;&nbsp;__aeabi_memset
</UL>

<P><STRONG><a name="[e4]"></a>__aeabi_memclr4</STRONG> (Thumb, 0 bytes, Stack size 0 bytes, memseta.o(.text))
<BR><BR>[Called By]<UL><LI><a href="#[170]">&gt;&gt;</a>&nbsp;&nbsp;&nbsp;dev_comctrl_buff_init
<LI><a href="#[118]">&gt;&gt;</a>&nbsp;&nbsp;&nbsp;MX_USART2_UART_Init
<LI><a href="#[113]">&gt;&gt;</a>&nbsp;&nbsp;&nbsp;MX_USART1_UART_Init
<LI><a href="#[111]">&gt;&gt;</a>&nbsp;&nbsp;&nbsp;MX_GPIO_Init
<LI><a href="#[137]">&gt;&gt;</a>&nbsp;&nbsp;&nbsp;SystemClock_Config
<LI><a href="#[dd]">&gt;&gt;</a>&nbsp;&nbsp;&nbsp;HAL_PCD_MspInit
</UL>

<P><STRONG><a name="[1aa]"></a>__aeabi_memclr8</STRONG> (Thumb, 0 bytes, Stack size 0 bytes, memseta.o(.text), UNUSED)

<P><STRONG><a name="[83]"></a>_memset$wrapper</STRONG> (Thumb, 18 bytes, Stack size 8 bytes, memseta.o(.text), UNUSED)
<BR><BR>[Calls]<UL><LI><a href="#[82]">&gt;&gt;</a>&nbsp;&nbsp;&nbsp;__aeabi_memset
</UL>

<P><STRONG><a name="[1ab]"></a>__aeabi_uidiv</STRONG> (Thumb, 0 bytes, Stack size 12 bytes, uidiv.o(.text), UNUSED)

<P><STRONG><a name="[165]"></a>__aeabi_uidivmod</STRONG> (Thumb, 44 bytes, Stack size 12 bytes, uidiv.o(.text), UNUSED)
<BR><BR>[Called By]<UL><LI><a href="#[160]">&gt;&gt;</a>&nbsp;&nbsp;&nbsp;_printf_core
</UL>

<P><STRONG><a name="[80]"></a>__aeabi_llsl</STRONG> (Thumb, 30 bytes, Stack size 0 bytes, llshl.o(.text))
<BR><BR>[Called By]<UL><LI><a href="#[84]">&gt;&gt;</a>&nbsp;&nbsp;&nbsp;__aeabi_dadd
<LI><a href="#[8c]">&gt;&gt;</a>&nbsp;&nbsp;&nbsp;__aeabi_d2ulz
<LI><a href="#[7e]">&gt;&gt;</a>&nbsp;&nbsp;&nbsp;__aeabi_uldivmod
<LI><a href="#[86]">&gt;&gt;</a>&nbsp;&nbsp;&nbsp;_double_epilogue
</UL>

<P><STRONG><a name="[1ac]"></a>_ll_shift_l</STRONG> (Thumb, 0 bytes, Stack size 0 bytes, llshl.o(.text), UNUSED)

<P><STRONG><a name="[7f]"></a>__aeabi_llsr</STRONG> (Thumb, 32 bytes, Stack size 0 bytes, llushr.o(.text))
<BR><BR>[Called By]<UL><LI><a href="#[8c]">&gt;&gt;</a>&nbsp;&nbsp;&nbsp;__aeabi_d2ulz
<LI><a href="#[7e]">&gt;&gt;</a>&nbsp;&nbsp;&nbsp;__aeabi_uldivmod
<LI><a href="#[86]">&gt;&gt;</a>&nbsp;&nbsp;&nbsp;_double_epilogue
</UL>

<P><STRONG><a name="[1ad]"></a>_ll_ushift_r</STRONG> (Thumb, 0 bytes, Stack size 0 bytes, llushr.o(.text), UNUSED)

<P><STRONG><a name="[1ae]"></a>__I$use$fp</STRONG> (Thumb, 0 bytes, Stack size 48 bytes, iusefp.o(.text), UNUSED)

<P><STRONG><a name="[84]"></a>__aeabi_dadd</STRONG> (Thumb, 322 bytes, Stack size 48 bytes, dadd.o(.text), UNUSED)
<BR><BR>[Calls]<UL><LI><a href="#[85]">&gt;&gt;</a>&nbsp;&nbsp;&nbsp;__aeabi_lasr
<LI><a href="#[87]">&gt;&gt;</a>&nbsp;&nbsp;&nbsp;_double_round
<LI><a href="#[86]">&gt;&gt;</a>&nbsp;&nbsp;&nbsp;_double_epilogue
<LI><a href="#[80]">&gt;&gt;</a>&nbsp;&nbsp;&nbsp;__aeabi_llsl
</UL>
<BR>[Called By]<UL><LI><a href="#[161]">&gt;&gt;</a>&nbsp;&nbsp;&nbsp;_fp_digits
<LI><a href="#[89]">&gt;&gt;</a>&nbsp;&nbsp;&nbsp;__aeabi_drsub
<LI><a href="#[88]">&gt;&gt;</a>&nbsp;&nbsp;&nbsp;__aeabi_dsub
</UL>

<P><STRONG><a name="[88]"></a>__aeabi_dsub</STRONG> (Thumb, 6 bytes, Stack size 0 bytes, dadd.o(.text), UNUSED)
<BR><BR>[Calls]<UL><LI><a href="#[84]">&gt;&gt;</a>&nbsp;&nbsp;&nbsp;__aeabi_dadd
</UL>

<P><STRONG><a name="[89]"></a>__aeabi_drsub</STRONG> (Thumb, 6 bytes, Stack size 0 bytes, dadd.o(.text), UNUSED)
<BR><BR>[Calls]<UL><LI><a href="#[84]">&gt;&gt;</a>&nbsp;&nbsp;&nbsp;__aeabi_dadd
</UL>

<P><STRONG><a name="[8a]"></a>__aeabi_dmul</STRONG> (Thumb, 228 bytes, Stack size 48 bytes, dmul.o(.text), UNUSED)
<BR><BR>[Calls]<UL><LI><a href="#[86]">&gt;&gt;</a>&nbsp;&nbsp;&nbsp;_double_epilogue
</UL>
<BR>[Called By]<UL><LI><a href="#[161]">&gt;&gt;</a>&nbsp;&nbsp;&nbsp;_fp_digits
</UL>

<P><STRONG><a name="[8b]"></a>__aeabi_ddiv</STRONG> (Thumb, 222 bytes, Stack size 32 bytes, ddiv.o(.text), UNUSED)
<BR><BR>[Calls]<UL><LI><a href="#[87]">&gt;&gt;</a>&nbsp;&nbsp;&nbsp;_double_round
</UL>
<BR>[Called By]<UL><LI><a href="#[161]">&gt;&gt;</a>&nbsp;&nbsp;&nbsp;_fp_digits
</UL>

<P><STRONG><a name="[8c]"></a>__aeabi_d2ulz</STRONG> (Thumb, 48 bytes, Stack size 0 bytes, dfixul.o(.text), UNUSED)
<BR><BR>[Calls]<UL><LI><a href="#[7f]">&gt;&gt;</a>&nbsp;&nbsp;&nbsp;__aeabi_llsr
<LI><a href="#[80]">&gt;&gt;</a>&nbsp;&nbsp;&nbsp;__aeabi_llsl
</UL>
<BR>[Called By]<UL><LI><a href="#[161]">&gt;&gt;</a>&nbsp;&nbsp;&nbsp;_fp_digits
</UL>

<P><STRONG><a name="[162]"></a>__aeabi_cdrcmple</STRONG> (Thumb, 48 bytes, Stack size 0 bytes, cdrcmple.o(.text), UNUSED)
<BR><BR>[Called By]<UL><LI><a href="#[161]">&gt;&gt;</a>&nbsp;&nbsp;&nbsp;_fp_digits
</UL>

<P><STRONG><a name="[7d]"></a>__scatterload</STRONG> (Thumb, 28 bytes, Stack size 0 bytes, init.o(.text))
<BR><BR>[Calls]<UL><LI><a href="#[8d]">&gt;&gt;</a>&nbsp;&nbsp;&nbsp;__main_after_scatterload
</UL>
<BR>[Called By]<UL><LI><a href="#[7c]">&gt;&gt;</a>&nbsp;&nbsp;&nbsp;_main_scatterload
</UL>

<P><STRONG><a name="[1af]"></a>__scatterload_rt2</STRONG> (Thumb, 0 bytes, Stack size 0 bytes, init.o(.text), UNUSED)

<P><STRONG><a name="[85]"></a>__aeabi_lasr</STRONG> (Thumb, 36 bytes, Stack size 0 bytes, llsshr.o(.text), UNUSED)
<BR><BR>[Called By]<UL><LI><a href="#[84]">&gt;&gt;</a>&nbsp;&nbsp;&nbsp;__aeabi_dadd
</UL>

<P><STRONG><a name="[1b0]"></a>_ll_sshift_r</STRONG> (Thumb, 0 bytes, Stack size 0 bytes, llsshr.o(.text), UNUSED)

<P><STRONG><a name="[87]"></a>_double_round</STRONG> (Thumb, 30 bytes, Stack size 8 bytes, depilogue.o(.text), UNUSED)
<BR><BR>[Called By]<UL><LI><a href="#[8b]">&gt;&gt;</a>&nbsp;&nbsp;&nbsp;__aeabi_ddiv
<LI><a href="#[84]">&gt;&gt;</a>&nbsp;&nbsp;&nbsp;__aeabi_dadd
<LI><a href="#[86]">&gt;&gt;</a>&nbsp;&nbsp;&nbsp;_double_epilogue
</UL>

<P><STRONG><a name="[86]"></a>_double_epilogue</STRONG> (Thumb, 156 bytes, Stack size 32 bytes, depilogue.o(.text), UNUSED)
<BR><BR>[Calls]<UL><LI><a href="#[87]">&gt;&gt;</a>&nbsp;&nbsp;&nbsp;_double_round
<LI><a href="#[7f]">&gt;&gt;</a>&nbsp;&nbsp;&nbsp;__aeabi_llsr
<LI><a href="#[80]">&gt;&gt;</a>&nbsp;&nbsp;&nbsp;__aeabi_llsl
</UL>
<BR>[Called By]<UL><LI><a href="#[8a]">&gt;&gt;</a>&nbsp;&nbsp;&nbsp;__aeabi_dmul
<LI><a href="#[84]">&gt;&gt;</a>&nbsp;&nbsp;&nbsp;__aeabi_dadd
</UL>

<P><STRONG><a name="[1b1]"></a>__decompress</STRONG> (Thumb, 0 bytes, Stack size unknown bytes, __dczerorl2.o(.text), UNUSED)

<P><STRONG><a name="[1b2]"></a>__decompress1</STRONG> (Thumb, 86 bytes, Stack size unknown bytes, __dczerorl2.o(.text), UNUSED)

<P><STRONG><a name="[20]"></a>BusFault_Handler</STRONG> (Thumb, 4 bytes, Stack size 0 bytes, stm32f4xx_it.o(i.BusFault_Handler))
<BR>[Address Reference Count : 1]<UL><LI> startup_stm32f407xx.o(RESET)
</UL>
<P><STRONG><a name="[23]"></a>DebugMon_Handler</STRONG> (Thumb, 2 bytes, Stack size 0 bytes, stm32f4xx_it.o(i.DebugMon_Handler))
<BR>[Address Reference Count : 1]<UL><LI> startup_stm32f407xx.o(RESET)
</UL>
<P><STRONG><a name="[e7]"></a>Error_Handler</STRONG> (Thumb, 2 bytes, Stack size 0 bytes, main.o(i.Error_Handler))
<BR><BR>[Called By]<UL><LI><a href="#[119]">&gt;&gt;</a>&nbsp;&nbsp;&nbsp;MX_USB_DEVICE_Init
<LI><a href="#[19f]">&gt;&gt;</a>&nbsp;&nbsp;&nbsp;system_usb_finish_read
<LI><a href="#[137]">&gt;&gt;</a>&nbsp;&nbsp;&nbsp;SystemClock_Config
<LI><a href="#[144]">&gt;&gt;</a>&nbsp;&nbsp;&nbsp;USBD_LL_Init
<LI><a href="#[d6]">&gt;&gt;</a>&nbsp;&nbsp;&nbsp;HAL_PCD_ResetCallback
</UL>

<P><STRONG><a name="[8e]"></a>FATFS_LinkDriver</STRONG> (Thumb, 18 bytes, Stack size 12 bytes, ff_gen_drv.o(i.FATFS_LinkDriver))
<BR><BR>[Stack]<UL><LI>Max Depth = 32<LI>Call Chain = FATFS_LinkDriver &rArr; FATFS_LinkDriverEx
</UL>
<BR>[Calls]<UL><LI><a href="#[8f]">&gt;&gt;</a>&nbsp;&nbsp;&nbsp;FATFS_LinkDriverEx
</UL>
<BR>[Called By]<UL><LI><a href="#[110]">&gt;&gt;</a>&nbsp;&nbsp;&nbsp;MX_FATFS_Init
</UL>

<P><STRONG><a name="[8f]"></a>FATFS_LinkDriverEx</STRONG> (Thumb, 78 bytes, Stack size 20 bytes, ff_gen_drv.o(i.FATFS_LinkDriverEx))
<BR><BR>[Stack]<UL><LI>Max Depth = 20<LI>Call Chain = FATFS_LinkDriverEx
</UL>
<BR>[Called By]<UL><LI><a href="#[8e]">&gt;&gt;</a>&nbsp;&nbsp;&nbsp;FATFS_LinkDriver
</UL>

<P><STRONG><a name="[9e]"></a>FLASH_Erase_Sector</STRONG> (Thumb, 86 bytes, Stack size 8 bytes, stm32f4xx_hal_flash_ex.o(i.FLASH_Erase_Sector))
<BR><BR>[Stack]<UL><LI>Max Depth = 8<LI>Call Chain = FLASH_Erase_Sector
</UL>
<BR>[Called By]<UL><LI><a href="#[93]">&gt;&gt;</a>&nbsp;&nbsp;&nbsp;HAL_FLASHEx_Erase
</UL>

<P><STRONG><a name="[9f]"></a>FLASH_FlushCaches</STRONG> (Thumb, 114 bytes, Stack size 0 bytes, stm32f4xx_hal_flash_ex.o(i.FLASH_FlushCaches))
<BR><BR>[Called By]<UL><LI><a href="#[93]">&gt;&gt;</a>&nbsp;&nbsp;&nbsp;HAL_FLASHEx_Erase
</UL>

<P><STRONG><a name="[90]"></a>FLASH_If_Erase</STRONG> (Thumb, 52 bytes, Stack size 40 bytes, flash_if.o(i.FLASH_If_Erase))
<BR><BR>[Stack]<UL><LI>Max Depth = 80<LI>Call Chain = FLASH_If_Erase &rArr; HAL_FLASHEx_Erase &rArr; FLASH_WaitForLastOperation
</UL>
<BR>[Calls]<UL><LI><a href="#[91]">&gt;&gt;</a>&nbsp;&nbsp;&nbsp;FLASH_If_Init
<LI><a href="#[92]">&gt;&gt;</a>&nbsp;&nbsp;&nbsp;GetSector
<LI><a href="#[93]">&gt;&gt;</a>&nbsp;&nbsp;&nbsp;HAL_FLASHEx_Erase
</UL>
<BR>[Called By]<UL><LI><a href="#[19f]">&gt;&gt;</a>&nbsp;&nbsp;&nbsp;system_usb_finish_read
</UL>

<P><STRONG><a name="[91]"></a>FLASH_If_Init</STRONG> (Thumb, 14 bytes, Stack size 8 bytes, flash_if.o(i.FLASH_If_Init))
<BR><BR>[Stack]<UL><LI>Max Depth = 8<LI>Call Chain = FLASH_If_Init
</UL>
<BR>[Calls]<UL><LI><a href="#[94]">&gt;&gt;</a>&nbsp;&nbsp;&nbsp;HAL_FLASH_Unlock
</UL>
<BR>[Called By]<UL><LI><a href="#[90]">&gt;&gt;</a>&nbsp;&nbsp;&nbsp;FLASH_If_Erase
<LI><a href="#[77]">&gt;&gt;</a>&nbsp;&nbsp;&nbsp;main
</UL>

<P><STRONG><a name="[95]"></a>FLASH_If_Write</STRONG> (Thumb, 74 bytes, Stack size 24 bytes, flash_if.o(i.FLASH_If_Write))
<BR><BR>[Stack]<UL><LI>Max Depth = 64<LI>Call Chain = FLASH_If_Write &rArr; HAL_FLASH_Program &rArr; FLASH_WaitForLastOperation
</UL>
<BR>[Calls]<UL><LI><a href="#[96]">&gt;&gt;</a>&nbsp;&nbsp;&nbsp;HAL_FLASH_Program
</UL>
<BR>[Called By]<UL><LI><a href="#[19f]">&gt;&gt;</a>&nbsp;&nbsp;&nbsp;system_usb_finish_read
</UL>

<P><STRONG><a name="[97]"></a>FLASH_WaitForLastOperation</STRONG> (Thumb, 90 bytes, Stack size 16 bytes, stm32f4xx_hal_flash.o(i.FLASH_WaitForLastOperation))
<BR><BR>[Stack]<UL><LI>Max Depth = 16<LI>Call Chain = FLASH_WaitForLastOperation
</UL>
<BR>[Calls]<UL><LI><a href="#[99]">&gt;&gt;</a>&nbsp;&nbsp;&nbsp;FLASH_SetErrorCode
<LI><a href="#[98]">&gt;&gt;</a>&nbsp;&nbsp;&nbsp;HAL_GetTick
</UL>
<BR>[Called By]<UL><LI><a href="#[96]">&gt;&gt;</a>&nbsp;&nbsp;&nbsp;HAL_FLASH_Program
<LI><a href="#[93]">&gt;&gt;</a>&nbsp;&nbsp;&nbsp;HAL_FLASHEx_Erase
</UL>

<P><STRONG><a name="[9c]"></a>HAL_Delay</STRONG> (Thumb, 36 bytes, Stack size 16 bytes, stm32f4xx_hal.o(i.HAL_Delay))
<BR><BR>[Stack]<UL><LI>Max Depth = 16<LI>Call Chain = HAL_Delay
</UL>
<BR>[Calls]<UL><LI><a href="#[98]">&gt;&gt;</a>&nbsp;&nbsp;&nbsp;HAL_GetTick
</UL>
<BR>[Called By]<UL><LI><a href="#[e1]">&gt;&gt;</a>&nbsp;&nbsp;&nbsp;USB_SetCurrentMode
<LI><a href="#[77]">&gt;&gt;</a>&nbsp;&nbsp;&nbsp;main
</UL>

<P><STRONG><a name="[93]"></a>HAL_FLASHEx_Erase</STRONG> (Thumb, 164 bytes, Stack size 24 bytes, stm32f4xx_hal_flash_ex.o(i.HAL_FLASHEx_Erase))
<BR><BR>[Stack]<UL><LI>Max Depth = 40<LI>Call Chain = HAL_FLASHEx_Erase &rArr; FLASH_WaitForLastOperation
</UL>
<BR>[Calls]<UL><LI><a href="#[97]">&gt;&gt;</a>&nbsp;&nbsp;&nbsp;FLASH_WaitForLastOperation
<LI><a href="#[9d]">&gt;&gt;</a>&nbsp;&nbsp;&nbsp;FLASH_MassErase
<LI><a href="#[9f]">&gt;&gt;</a>&nbsp;&nbsp;&nbsp;FLASH_FlushCaches
<LI><a href="#[9e]">&gt;&gt;</a>&nbsp;&nbsp;&nbsp;FLASH_Erase_Sector
</UL>
<BR>[Called By]<UL><LI><a href="#[90]">&gt;&gt;</a>&nbsp;&nbsp;&nbsp;FLASH_If_Erase
</UL>

<P><STRONG><a name="[96]"></a>HAL_FLASH_Program</STRONG> (Thumb, 142 bytes, Stack size 24 bytes, stm32f4xx_hal_flash.o(i.HAL_FLASH_Program))
<BR><BR>[Stack]<UL><LI>Max Depth = 40<LI>Call Chain = HAL_FLASH_Program &rArr; FLASH_WaitForLastOperation
</UL>
<BR>[Calls]<UL><LI><a href="#[97]">&gt;&gt;</a>&nbsp;&nbsp;&nbsp;FLASH_WaitForLastOperation
<LI><a href="#[a2]">&gt;&gt;</a>&nbsp;&nbsp;&nbsp;FLASH_Program_Word
<LI><a href="#[a1]">&gt;&gt;</a>&nbsp;&nbsp;&nbsp;FLASH_Program_HalfWord
<LI><a href="#[a3]">&gt;&gt;</a>&nbsp;&nbsp;&nbsp;FLASH_Program_DoubleWord
<LI><a href="#[a0]">&gt;&gt;</a>&nbsp;&nbsp;&nbsp;FLASH_Program_Byte
</UL>
<BR>[Called By]<UL><LI><a href="#[95]">&gt;&gt;</a>&nbsp;&nbsp;&nbsp;FLASH_If_Write
</UL>

<P><STRONG><a name="[94]"></a>HAL_FLASH_Unlock</STRONG> (Thumb, 38 bytes, Stack size 0 bytes, stm32f4xx_hal_flash.o(i.HAL_FLASH_Unlock))
<BR><BR>[Called By]<UL><LI><a href="#[91]">&gt;&gt;</a>&nbsp;&nbsp;&nbsp;FLASH_If_Init
</UL>

<P><STRONG><a name="[e5]"></a>HAL_GPIO_Init</STRONG> (Thumb, 466 bytes, Stack size 24 bytes, stm32f4xx_hal_gpio.o(i.HAL_GPIO_Init))
<BR><BR>[Stack]<UL><LI>Max Depth = 24<LI>Call Chain = HAL_GPIO_Init
</UL>
<BR>[Called By]<UL><LI><a href="#[111]">&gt;&gt;</a>&nbsp;&nbsp;&nbsp;MX_GPIO_Init
<LI><a href="#[dd]">&gt;&gt;</a>&nbsp;&nbsp;&nbsp;HAL_PCD_MspInit
</UL>

<P><STRONG><a name="[112]"></a>HAL_GPIO_WritePin</STRONG> (Thumb, 12 bytes, Stack size 0 bytes, stm32f4xx_hal_gpio.o(i.HAL_GPIO_WritePin))
<BR><BR>[Called By]<UL><LI><a href="#[111]">&gt;&gt;</a>&nbsp;&nbsp;&nbsp;MX_GPIO_Init
</UL>

<P><STRONG><a name="[98]"></a>HAL_GetTick</STRONG> (Thumb, 6 bytes, Stack size 0 bytes, stm32f4xx_hal.o(i.HAL_GetTick))
<BR><BR>[Called By]<UL><LI><a href="#[97]">&gt;&gt;</a>&nbsp;&nbsp;&nbsp;FLASH_WaitForLastOperation
<LI><a href="#[f6]">&gt;&gt;</a>&nbsp;&nbsp;&nbsp;HAL_RCC_OscConfig
<LI><a href="#[f4]">&gt;&gt;</a>&nbsp;&nbsp;&nbsp;HAL_RCC_ClockConfig
<LI><a href="#[9c]">&gt;&gt;</a>&nbsp;&nbsp;&nbsp;HAL_Delay
</UL>

<P><STRONG><a name="[136]"></a>HAL_IncTick</STRONG> (Thumb, 16 bytes, Stack size 0 bytes, stm32f4xx_hal.o(i.HAL_IncTick))
<BR><BR>[Called By]<UL><LI><a href="#[25]">&gt;&gt;</a>&nbsp;&nbsp;&nbsp;SysTick_Handler
</UL>

<P><STRONG><a name="[a4]"></a>HAL_Init</STRONG> (Thumb, 54 bytes, Stack size 8 bytes, stm32f4xx_hal.o(i.HAL_Init))
<BR><BR>[Stack]<UL><LI>Max Depth = 72<LI>Call Chain = HAL_Init &rArr; HAL_InitTick &rArr; HAL_NVIC_SetPriority &rArr; __NVIC_SetPriority
</UL>
<BR>[Calls]<UL><LI><a href="#[a7]">&gt;&gt;</a>&nbsp;&nbsp;&nbsp;HAL_MspInit
<LI><a href="#[a6]">&gt;&gt;</a>&nbsp;&nbsp;&nbsp;HAL_InitTick
<LI><a href="#[a5]">&gt;&gt;</a>&nbsp;&nbsp;&nbsp;HAL_NVIC_SetPriorityGrouping
</UL>
<BR>[Called By]<UL><LI><a href="#[77]">&gt;&gt;</a>&nbsp;&nbsp;&nbsp;main
</UL>

<P><STRONG><a name="[a6]"></a>HAL_InitTick</STRONG> (Thumb, 64 bytes, Stack size 16 bytes, stm32f4xx_hal.o(i.HAL_InitTick))
<BR><BR>[Stack]<UL><LI>Max Depth = 64<LI>Call Chain = HAL_InitTick &rArr; HAL_NVIC_SetPriority &rArr; __NVIC_SetPriority
</UL>
<BR>[Calls]<UL><LI><a href="#[a8]">&gt;&gt;</a>&nbsp;&nbsp;&nbsp;HAL_SYSTICK_Config
<LI><a href="#[a9]">&gt;&gt;</a>&nbsp;&nbsp;&nbsp;HAL_NVIC_SetPriority
</UL>
<BR>[Called By]<UL><LI><a href="#[f4]">&gt;&gt;</a>&nbsp;&nbsp;&nbsp;HAL_RCC_ClockConfig
<LI><a href="#[a4]">&gt;&gt;</a>&nbsp;&nbsp;&nbsp;HAL_Init
</UL>

<P><STRONG><a name="[a7]"></a>HAL_MspInit</STRONG> (Thumb, 68 bytes, Stack size 8 bytes, stm32f4xx_hal_msp.o(i.HAL_MspInit))
<BR><BR>[Stack]<UL><LI>Max Depth = 8<LI>Call Chain = HAL_MspInit
</UL>
<BR>[Called By]<UL><LI><a href="#[a4]">&gt;&gt;</a>&nbsp;&nbsp;&nbsp;HAL_Init
</UL>

<P><STRONG><a name="[e6]"></a>HAL_NVIC_EnableIRQ</STRONG> (Thumb, 32 bytes, Stack size 0 bytes, stm32f4xx_hal_cortex.o(i.HAL_NVIC_EnableIRQ))
<BR><BR>[Called By]<UL><LI><a href="#[dd]">&gt;&gt;</a>&nbsp;&nbsp;&nbsp;HAL_PCD_MspInit
</UL>

<P><STRONG><a name="[a9]"></a>HAL_NVIC_SetPriority</STRONG> (Thumb, 124 bytes, Stack size 40 bytes, stm32f4xx_hal_cortex.o(i.HAL_NVIC_SetPriority))
<BR><BR>[Stack]<UL><LI>Max Depth = 48<LI>Call Chain = HAL_NVIC_SetPriority &rArr; __NVIC_SetPriority
</UL>
<BR>[Calls]<UL><LI><a href="#[ab]">&gt;&gt;</a>&nbsp;&nbsp;&nbsp;__NVIC_SetPriority
<LI><a href="#[aa]">&gt;&gt;</a>&nbsp;&nbsp;&nbsp;__NVIC_GetPriorityGrouping
</UL>
<BR>[Called By]<UL><LI><a href="#[a6]">&gt;&gt;</a>&nbsp;&nbsp;&nbsp;HAL_InitTick
<LI><a href="#[dd]">&gt;&gt;</a>&nbsp;&nbsp;&nbsp;HAL_PCD_MspInit
</UL>

<P><STRONG><a name="[a5]"></a>HAL_NVIC_SetPriorityGrouping</STRONG> (Thumb, 32 bytes, Stack size 0 bytes, stm32f4xx_hal_cortex.o(i.HAL_NVIC_SetPriorityGrouping))
<BR><BR>[Called By]<UL><LI><a href="#[a4]">&gt;&gt;</a>&nbsp;&nbsp;&nbsp;HAL_Init
</UL>

<P><STRONG><a name="[cf]"></a>HAL_PCDEx_LPM_Callback</STRONG> (Thumb, 2 bytes, Stack size 0 bytes, stm32f4xx_hal_pcd_ex.o(i.HAL_PCDEx_LPM_Callback))
<BR><BR>[Called By]<UL><LI><a href="#[c4]">&gt;&gt;</a>&nbsp;&nbsp;&nbsp;HAL_PCD_IRQHandler
</UL>

<P><STRONG><a name="[14a]"></a>HAL_PCDEx_SetRxFiFo</STRONG> (Thumb, 10 bytes, Stack size 0 bytes, stm32f4xx_hal_pcd_ex.o(i.HAL_PCDEx_SetRxFiFo))
<BR><BR>[Called By]<UL><LI><a href="#[144]">&gt;&gt;</a>&nbsp;&nbsp;&nbsp;USBD_LL_Init
</UL>

<P><STRONG><a name="[14b]"></a>HAL_PCDEx_SetTxFiFo</STRONG> (Thumb, 78 bytes, Stack size 20 bytes, stm32f4xx_hal_pcd_ex.o(i.HAL_PCDEx_SetTxFiFo))
<BR><BR>[Stack]<UL><LI>Max Depth = 20<LI>Call Chain = HAL_PCDEx_SetTxFiFo
</UL>
<BR>[Called By]<UL><LI><a href="#[144]">&gt;&gt;</a>&nbsp;&nbsp;&nbsp;USBD_LL_Init
</UL>

<P><STRONG><a name="[ac]"></a>HAL_PCD_ConnectCallback</STRONG> (Thumb, 14 bytes, Stack size 8 bytes, usbd_conf.o(i.HAL_PCD_ConnectCallback))
<BR><BR>[Stack]<UL><LI>Max Depth = 8<LI>Call Chain = HAL_PCD_ConnectCallback
</UL>
<BR>[Calls]<UL><LI><a href="#[ad]">&gt;&gt;</a>&nbsp;&nbsp;&nbsp;USBD_LL_DevConnected
</UL>
<BR>[Called By]<UL><LI><a href="#[c4]">&gt;&gt;</a>&nbsp;&nbsp;&nbsp;HAL_PCD_IRQHandler
</UL>

<P><STRONG><a name="[ae]"></a>HAL_PCD_DataInStageCallback</STRONG> (Thumb, 32 bytes, Stack size 16 bytes, usbd_conf.o(i.HAL_PCD_DataInStageCallback))
<BR><BR>[Stack]<UL><LI>Max Depth = 172<LI>Call Chain = HAL_PCD_DataInStageCallback &rArr; USBD_LL_DataInStage &rArr; USBD_CtlContinueSendData &rArr; USBD_LL_Transmit &rArr; HAL_PCD_EP_Transmit &rArr; USB_EPStartXfer &rArr; USB_WritePacket
</UL>
<BR>[Calls]<UL><LI><a href="#[af]">&gt;&gt;</a>&nbsp;&nbsp;&nbsp;USBD_LL_DataInStage
</UL>
<BR>[Called By]<UL><LI><a href="#[c4]">&gt;&gt;</a>&nbsp;&nbsp;&nbsp;HAL_PCD_IRQHandler
</UL>

<P><STRONG><a name="[b0]"></a>HAL_PCD_DataOutStageCallback</STRONG> (Thumb, 32 bytes, Stack size 16 bytes, usbd_conf.o(i.HAL_PCD_DataOutStageCallback))
<BR><BR>[Stack]<UL><LI>Max Depth = 172<LI>Call Chain = HAL_PCD_DataOutStageCallback &rArr; USBD_LL_DataOutStage &rArr; USBD_CtlContinueRx &rArr; USBD_LL_PrepareReceive &rArr; HAL_PCD_EP_Receive &rArr; USB_EPStartXfer &rArr; USB_WritePacket
</UL>
<BR>[Calls]<UL><LI><a href="#[b1]">&gt;&gt;</a>&nbsp;&nbsp;&nbsp;USBD_LL_DataOutStage
</UL>
<BR>[Called By]<UL><LI><a href="#[ca]">&gt;&gt;</a>&nbsp;&nbsp;&nbsp;PCD_EP_OutXfrComplete_int
</UL>

<P><STRONG><a name="[b2]"></a>HAL_PCD_DisconnectCallback</STRONG> (Thumb, 14 bytes, Stack size 8 bytes, usbd_conf.o(i.HAL_PCD_DisconnectCallback))
<BR><BR>[Stack]<UL><LI>Max Depth = 16<LI>Call Chain = HAL_PCD_DisconnectCallback &rArr; USBD_LL_DevDisconnected
</UL>
<BR>[Calls]<UL><LI><a href="#[b3]">&gt;&gt;</a>&nbsp;&nbsp;&nbsp;USBD_LL_DevDisconnected
</UL>
<BR>[Called By]<UL><LI><a href="#[c4]">&gt;&gt;</a>&nbsp;&nbsp;&nbsp;HAL_PCD_IRQHandler
</UL>

<P><STRONG><a name="[b4]"></a>HAL_PCD_EP_Close</STRONG> (Thumb, 106 bytes, Stack size 16 bytes, stm32f4xx_hal_pcd.o(i.HAL_PCD_EP_Close))
<BR><BR>[Stack]<UL><LI>Max Depth = 32<LI>Call Chain = HAL_PCD_EP_Close &rArr; USB_DeactivateEndpoint
</UL>
<BR>[Calls]<UL><LI><a href="#[b5]">&gt;&gt;</a>&nbsp;&nbsp;&nbsp;USB_DeactivateEndpoint
</UL>
<BR>[Called By]<UL><LI><a href="#[146]">&gt;&gt;</a>&nbsp;&nbsp;&nbsp;USBD_LL_CloseEP
</UL>

<P><STRONG><a name="[b6]"></a>HAL_PCD_EP_ClrStall</STRONG> (Thumb, 124 bytes, Stack size 16 bytes, stm32f4xx_hal_pcd.o(i.HAL_PCD_EP_ClrStall))
<BR><BR>[Stack]<UL><LI>Max Depth = 28<LI>Call Chain = HAL_PCD_EP_ClrStall &rArr; USB_EPClearStall
</UL>
<BR>[Calls]<UL><LI><a href="#[b7]">&gt;&gt;</a>&nbsp;&nbsp;&nbsp;USB_EPClearStall
</UL>
<BR>[Called By]<UL><LI><a href="#[10e]">&gt;&gt;</a>&nbsp;&nbsp;&nbsp;USBD_LL_ClearStallEP
</UL>

<P><STRONG><a name="[b8]"></a>HAL_PCD_EP_Flush</STRONG> (Thumb, 68 bytes, Stack size 16 bytes, stm32f4xx_hal_pcd.o(i.HAL_PCD_EP_Flush))
<BR><BR>[Stack]<UL><LI>Max Depth = 24<LI>Call Chain = HAL_PCD_EP_Flush &rArr; USB_FlushTxFifo
</UL>
<BR>[Calls]<UL><LI><a href="#[b9]">&gt;&gt;</a>&nbsp;&nbsp;&nbsp;USB_FlushTxFifo
<LI><a href="#[ba]">&gt;&gt;</a>&nbsp;&nbsp;&nbsp;USB_FlushRxFifo
</UL>
<BR>[Called By]<UL><LI><a href="#[10b]">&gt;&gt;</a>&nbsp;&nbsp;&nbsp;USBD_LL_FlushEP
</UL>

<P><STRONG><a name="[148]"></a>HAL_PCD_EP_GetRxCount</STRONG> (Thumb, 22 bytes, Stack size 0 bytes, stm32f4xx_hal_pcd.o(i.HAL_PCD_EP_GetRxCount))
<BR><BR>[Called By]<UL><LI><a href="#[102]">&gt;&gt;</a>&nbsp;&nbsp;&nbsp;USBD_LL_GetRxDataSize
</UL>

<P><STRONG><a name="[bb]"></a>HAL_PCD_EP_Open</STRONG> (Thumb, 140 bytes, Stack size 32 bytes, stm32f4xx_hal_pcd.o(i.HAL_PCD_EP_Open))
<BR><BR>[Stack]<UL><LI>Max Depth = 48<LI>Call Chain = HAL_PCD_EP_Open &rArr; USB_ActivateEndpoint
</UL>
<BR>[Calls]<UL><LI><a href="#[bc]">&gt;&gt;</a>&nbsp;&nbsp;&nbsp;USB_ActivateEndpoint
</UL>
<BR>[Called By]<UL><LI><a href="#[14c]">&gt;&gt;</a>&nbsp;&nbsp;&nbsp;USBD_LL_OpenEP
</UL>

<P><STRONG><a name="[bd]"></a>HAL_PCD_EP_Receive</STRONG> (Thumb, 88 bytes, Stack size 24 bytes, stm32f4xx_hal_pcd.o(i.HAL_PCD_EP_Receive))
<BR><BR>[Stack]<UL><LI>Max Depth = 84<LI>Call Chain = HAL_PCD_EP_Receive &rArr; USB_EPStartXfer &rArr; USB_WritePacket
</UL>
<BR>[Calls]<UL><LI><a href="#[bf]">&gt;&gt;</a>&nbsp;&nbsp;&nbsp;USB_EPStartXfer
<LI><a href="#[be]">&gt;&gt;</a>&nbsp;&nbsp;&nbsp;USB_EP0StartXfer
</UL>
<BR>[Called By]<UL><LI><a href="#[10c]">&gt;&gt;</a>&nbsp;&nbsp;&nbsp;USBD_LL_PrepareReceive
</UL>

<P><STRONG><a name="[c0]"></a>HAL_PCD_EP_SetStall</STRONG> (Thumb, 138 bytes, Stack size 16 bytes, stm32f4xx_hal_pcd.o(i.HAL_PCD_EP_SetStall))
<BR><BR>[Stack]<UL><LI>Max Depth = 32<LI>Call Chain = HAL_PCD_EP_SetStall &rArr; USB_EP0_OutStart
</UL>
<BR>[Calls]<UL><LI><a href="#[c1]">&gt;&gt;</a>&nbsp;&nbsp;&nbsp;USB_EPSetStall
<LI><a href="#[c2]">&gt;&gt;</a>&nbsp;&nbsp;&nbsp;USB_EP0_OutStart
</UL>
<BR>[Called By]<UL><LI><a href="#[100]">&gt;&gt;</a>&nbsp;&nbsp;&nbsp;USBD_LL_StallEP
</UL>

<P><STRONG><a name="[c3]"></a>HAL_PCD_EP_Transmit</STRONG> (Thumb, 90 bytes, Stack size 24 bytes, stm32f4xx_hal_pcd.o(i.HAL_PCD_EP_Transmit))
<BR><BR>[Stack]<UL><LI>Max Depth = 84<LI>Call Chain = HAL_PCD_EP_Transmit &rArr; USB_EPStartXfer &rArr; USB_WritePacket
</UL>
<BR>[Calls]<UL><LI><a href="#[bf]">&gt;&gt;</a>&nbsp;&nbsp;&nbsp;USB_EPStartXfer
<LI><a href="#[be]">&gt;&gt;</a>&nbsp;&nbsp;&nbsp;USB_EP0StartXfer
</UL>
<BR>[Called By]<UL><LI><a href="#[10f]">&gt;&gt;</a>&nbsp;&nbsp;&nbsp;USBD_LL_Transmit
</UL>

<P><STRONG><a name="[c4]"></a>HAL_PCD_IRQHandler</STRONG> (Thumb, 1372 bytes, Stack size 48 bytes, stm32f4xx_hal_pcd.o(i.HAL_PCD_IRQHandler))
<BR><BR>[Stack]<UL><LI>Max Depth = 276<LI>Call Chain = HAL_PCD_IRQHandler &rArr; PCD_EP_OutSetupPacket_int &rArr; HAL_PCD_SetupStageCallback &rArr; USBD_LL_SetupStage &rArr; USBD_StdDevReq &rArr; USBD_GetDescriptor &rArr; USBD_CtlSendData &rArr; USBD_LL_Transmit &rArr; HAL_PCD_EP_Transmit &rArr; USB_EPStartXfer &rArr; USB_WritePacket
</UL>
<BR>[Calls]<UL><LI><a href="#[d5]">&gt;&gt;</a>&nbsp;&nbsp;&nbsp;USB_SetTurnaroundTime
<LI><a href="#[c7]">&gt;&gt;</a>&nbsp;&nbsp;&nbsp;USB_ReadPacket
<LI><a href="#[c6]">&gt;&gt;</a>&nbsp;&nbsp;&nbsp;USB_ReadInterrupts
<LI><a href="#[c9]">&gt;&gt;</a>&nbsp;&nbsp;&nbsp;USB_ReadDevOutEPInterrupt
<LI><a href="#[cd]">&gt;&gt;</a>&nbsp;&nbsp;&nbsp;USB_ReadDevInEPInterrupt
<LI><a href="#[c8]">&gt;&gt;</a>&nbsp;&nbsp;&nbsp;USB_ReadDevAllOutEpInterrupt
<LI><a href="#[cc]">&gt;&gt;</a>&nbsp;&nbsp;&nbsp;USB_ReadDevAllInEpInterrupt
<LI><a href="#[c5]">&gt;&gt;</a>&nbsp;&nbsp;&nbsp;USB_GetMode
<LI><a href="#[d3]">&gt;&gt;</a>&nbsp;&nbsp;&nbsp;USB_GetDevSpeed
<LI><a href="#[b9]">&gt;&gt;</a>&nbsp;&nbsp;&nbsp;USB_FlushTxFifo
<LI><a href="#[c2]">&gt;&gt;</a>&nbsp;&nbsp;&nbsp;USB_EP0_OutStart
<LI><a href="#[d2]">&gt;&gt;</a>&nbsp;&nbsp;&nbsp;USB_ActivateSetup
<LI><a href="#[d4]">&gt;&gt;</a>&nbsp;&nbsp;&nbsp;HAL_RCC_GetHCLKFreq
<LI><a href="#[cf]">&gt;&gt;</a>&nbsp;&nbsp;&nbsp;HAL_PCDEx_LPM_Callback
<LI><a href="#[ce]">&gt;&gt;</a>&nbsp;&nbsp;&nbsp;PCD_WriteEmptyTxFifo
<LI><a href="#[ca]">&gt;&gt;</a>&nbsp;&nbsp;&nbsp;PCD_EP_OutXfrComplete_int
<LI><a href="#[cb]">&gt;&gt;</a>&nbsp;&nbsp;&nbsp;PCD_EP_OutSetupPacket_int
<LI><a href="#[d1]">&gt;&gt;</a>&nbsp;&nbsp;&nbsp;HAL_PCD_SuspendCallback
<LI><a href="#[d7]">&gt;&gt;</a>&nbsp;&nbsp;&nbsp;HAL_PCD_SOFCallback
<LI><a href="#[d0]">&gt;&gt;</a>&nbsp;&nbsp;&nbsp;HAL_PCD_ResumeCallback
<LI><a href="#[d6]">&gt;&gt;</a>&nbsp;&nbsp;&nbsp;HAL_PCD_ResetCallback
<LI><a href="#[d9]">&gt;&gt;</a>&nbsp;&nbsp;&nbsp;HAL_PCD_ISOOUTIncompleteCallback
<LI><a href="#[d8]">&gt;&gt;</a>&nbsp;&nbsp;&nbsp;HAL_PCD_ISOINIncompleteCallback
<LI><a href="#[b2]">&gt;&gt;</a>&nbsp;&nbsp;&nbsp;HAL_PCD_DisconnectCallback
<LI><a href="#[ae]">&gt;&gt;</a>&nbsp;&nbsp;&nbsp;HAL_PCD_DataInStageCallback
<LI><a href="#[ac]">&gt;&gt;</a>&nbsp;&nbsp;&nbsp;HAL_PCD_ConnectCallback
</UL>
<BR>[Called By]<UL><LI><a href="#[69]">&gt;&gt;</a>&nbsp;&nbsp;&nbsp;OTG_FS_IRQHandler
</UL>

<P><STRONG><a name="[d8]"></a>HAL_PCD_ISOINIncompleteCallback</STRONG> (Thumb, 18 bytes, Stack size 16 bytes, usbd_conf.o(i.HAL_PCD_ISOINIncompleteCallback))
<BR><BR>[Stack]<UL><LI>Max Depth = 16<LI>Call Chain = HAL_PCD_ISOINIncompleteCallback
</UL>
<BR>[Calls]<UL><LI><a href="#[da]">&gt;&gt;</a>&nbsp;&nbsp;&nbsp;USBD_LL_IsoINIncomplete
</UL>
<BR>[Called By]<UL><LI><a href="#[c4]">&gt;&gt;</a>&nbsp;&nbsp;&nbsp;HAL_PCD_IRQHandler
</UL>

<P><STRONG><a name="[d9]"></a>HAL_PCD_ISOOUTIncompleteCallback</STRONG> (Thumb, 18 bytes, Stack size 16 bytes, usbd_conf.o(i.HAL_PCD_ISOOUTIncompleteCallback))
<BR><BR>[Stack]<UL><LI>Max Depth = 16<LI>Call Chain = HAL_PCD_ISOOUTIncompleteCallback
</UL>
<BR>[Calls]<UL><LI><a href="#[db]">&gt;&gt;</a>&nbsp;&nbsp;&nbsp;USBD_LL_IsoOUTIncomplete
</UL>
<BR>[Called By]<UL><LI><a href="#[c4]">&gt;&gt;</a>&nbsp;&nbsp;&nbsp;HAL_PCD_IRQHandler
</UL>

<P><STRONG><a name="[dc]"></a>HAL_PCD_Init</STRONG> (Thumb, 358 bytes, Stack size 56 bytes, stm32f4xx_hal_pcd.o(i.HAL_PCD_Init))
<BR><BR>[Stack]<UL><LI>Max Depth = 136<LI>Call Chain = HAL_PCD_Init &rArr; HAL_PCD_MspInit &rArr; HAL_NVIC_SetPriority &rArr; __NVIC_SetPriority
</UL>
<BR>[Calls]<UL><LI><a href="#[e1]">&gt;&gt;</a>&nbsp;&nbsp;&nbsp;USB_SetCurrentMode
<LI><a href="#[de]">&gt;&gt;</a>&nbsp;&nbsp;&nbsp;USB_DisableGlobalInt
<LI><a href="#[e2]">&gt;&gt;</a>&nbsp;&nbsp;&nbsp;USB_DevInit
<LI><a href="#[e3]">&gt;&gt;</a>&nbsp;&nbsp;&nbsp;USB_DevDisconnect
<LI><a href="#[e0]">&gt;&gt;</a>&nbsp;&nbsp;&nbsp;USB_CoreInit
<LI><a href="#[dd]">&gt;&gt;</a>&nbsp;&nbsp;&nbsp;HAL_PCD_MspInit
<LI><a href="#[df]">&gt;&gt;</a>&nbsp;&nbsp;&nbsp;__aeabi_memcpy4
</UL>
<BR>[Called By]<UL><LI><a href="#[144]">&gt;&gt;</a>&nbsp;&nbsp;&nbsp;USBD_LL_Init
</UL>

<P><STRONG><a name="[dd]"></a>HAL_PCD_MspInit</STRONG> (Thumb, 160 bytes, Stack size 32 bytes, usbd_conf.o(i.HAL_PCD_MspInit))
<BR><BR>[Stack]<UL><LI>Max Depth = 80<LI>Call Chain = HAL_PCD_MspInit &rArr; HAL_NVIC_SetPriority &rArr; __NVIC_SetPriority
</UL>
<BR>[Calls]<UL><LI><a href="#[e5]">&gt;&gt;</a>&nbsp;&nbsp;&nbsp;HAL_GPIO_Init
<LI><a href="#[a9]">&gt;&gt;</a>&nbsp;&nbsp;&nbsp;HAL_NVIC_SetPriority
<LI><a href="#[e6]">&gt;&gt;</a>&nbsp;&nbsp;&nbsp;HAL_NVIC_EnableIRQ
<LI><a href="#[e4]">&gt;&gt;</a>&nbsp;&nbsp;&nbsp;__aeabi_memclr4
</UL>
<BR>[Called By]<UL><LI><a href="#[dc]">&gt;&gt;</a>&nbsp;&nbsp;&nbsp;HAL_PCD_Init
</UL>

<P><STRONG><a name="[d6]"></a>HAL_PCD_ResetCallback</STRONG> (Thumb, 48 bytes, Stack size 16 bytes, usbd_conf.o(i.HAL_PCD_ResetCallback))
<BR><BR>[Stack]<UL><LI>Max Depth = 104<LI>Call Chain = HAL_PCD_ResetCallback &rArr; USBD_LL_Reset &rArr; USBD_LL_OpenEP &rArr; HAL_PCD_EP_Open &rArr; USB_ActivateEndpoint
</UL>
<BR>[Calls]<UL><LI><a href="#[e7]">&gt;&gt;</a>&nbsp;&nbsp;&nbsp;Error_Handler
<LI><a href="#[e8]">&gt;&gt;</a>&nbsp;&nbsp;&nbsp;USBD_LL_SetSpeed
<LI><a href="#[e9]">&gt;&gt;</a>&nbsp;&nbsp;&nbsp;USBD_LL_Reset
</UL>
<BR>[Called By]<UL><LI><a href="#[c4]">&gt;&gt;</a>&nbsp;&nbsp;&nbsp;HAL_PCD_IRQHandler
</UL>

<P><STRONG><a name="[d0]"></a>HAL_PCD_ResumeCallback</STRONG> (Thumb, 14 bytes, Stack size 8 bytes, usbd_conf.o(i.HAL_PCD_ResumeCallback))
<BR><BR>[Stack]<UL><LI>Max Depth = 8<LI>Call Chain = HAL_PCD_ResumeCallback
</UL>
<BR>[Calls]<UL><LI><a href="#[ea]">&gt;&gt;</a>&nbsp;&nbsp;&nbsp;USBD_LL_Resume
</UL>
<BR>[Called By]<UL><LI><a href="#[c4]">&gt;&gt;</a>&nbsp;&nbsp;&nbsp;HAL_PCD_IRQHandler
</UL>

<P><STRONG><a name="[d7]"></a>HAL_PCD_SOFCallback</STRONG> (Thumb, 14 bytes, Stack size 8 bytes, usbd_conf.o(i.HAL_PCD_SOFCallback))
<BR><BR>[Stack]<UL><LI>Max Depth = 16<LI>Call Chain = HAL_PCD_SOFCallback &rArr; USBD_LL_SOF
</UL>
<BR>[Calls]<UL><LI><a href="#[eb]">&gt;&gt;</a>&nbsp;&nbsp;&nbsp;USBD_LL_SOF
</UL>
<BR>[Called By]<UL><LI><a href="#[c4]">&gt;&gt;</a>&nbsp;&nbsp;&nbsp;HAL_PCD_IRQHandler
</UL>

<P><STRONG><a name="[ec]"></a>HAL_PCD_SetAddress</STRONG> (Thumb, 54 bytes, Stack size 16 bytes, stm32f4xx_hal_pcd.o(i.HAL_PCD_SetAddress))
<BR><BR>[Stack]<UL><LI>Max Depth = 24<LI>Call Chain = HAL_PCD_SetAddress &rArr; USB_SetDevAddress
</UL>
<BR>[Calls]<UL><LI><a href="#[ed]">&gt;&gt;</a>&nbsp;&nbsp;&nbsp;USB_SetDevAddress
</UL>
<BR>[Called By]<UL><LI><a href="#[14d]">&gt;&gt;</a>&nbsp;&nbsp;&nbsp;USBD_LL_SetUSBAddress
</UL>

<P><STRONG><a name="[ee]"></a>HAL_PCD_SetupStageCallback</STRONG> (Thumb, 18 bytes, Stack size 8 bytes, usbd_conf.o(i.HAL_PCD_SetupStageCallback))
<BR><BR>[Stack]<UL><LI>Max Depth = 196<LI>Call Chain = HAL_PCD_SetupStageCallback &rArr; USBD_LL_SetupStage &rArr; USBD_StdDevReq &rArr; USBD_GetDescriptor &rArr; USBD_CtlSendData &rArr; USBD_LL_Transmit &rArr; HAL_PCD_EP_Transmit &rArr; USB_EPStartXfer &rArr; USB_WritePacket
</UL>
<BR>[Calls]<UL><LI><a href="#[ef]">&gt;&gt;</a>&nbsp;&nbsp;&nbsp;USBD_LL_SetupStage
</UL>
<BR>[Called By]<UL><LI><a href="#[cb]">&gt;&gt;</a>&nbsp;&nbsp;&nbsp;PCD_EP_OutSetupPacket_int
</UL>

<P><STRONG><a name="[f0]"></a>HAL_PCD_Start</STRONG> (Thumb, 74 bytes, Stack size 16 bytes, stm32f4xx_hal_pcd.o(i.HAL_PCD_Start))
<BR><BR>[Stack]<UL><LI>Max Depth = 16<LI>Call Chain = HAL_PCD_Start
</UL>
<BR>[Calls]<UL><LI><a href="#[f1]">&gt;&gt;</a>&nbsp;&nbsp;&nbsp;USB_EnableGlobalInt
<LI><a href="#[f2]">&gt;&gt;</a>&nbsp;&nbsp;&nbsp;USB_DevConnect
</UL>
<BR>[Called By]<UL><LI><a href="#[152]">&gt;&gt;</a>&nbsp;&nbsp;&nbsp;USBD_LL_Start
</UL>

<P><STRONG><a name="[d1]"></a>HAL_PCD_SuspendCallback</STRONG> (Thumb, 46 bytes, Stack size 8 bytes, usbd_conf.o(i.HAL_PCD_SuspendCallback))
<BR><BR>[Stack]<UL><LI>Max Depth = 8<LI>Call Chain = HAL_PCD_SuspendCallback
</UL>
<BR>[Calls]<UL><LI><a href="#[f3]">&gt;&gt;</a>&nbsp;&nbsp;&nbsp;USBD_LL_Suspend
</UL>
<BR>[Called By]<UL><LI><a href="#[c4]">&gt;&gt;</a>&nbsp;&nbsp;&nbsp;HAL_PCD_IRQHandler
</UL>

<P><STRONG><a name="[f4]"></a>HAL_RCC_ClockConfig</STRONG> (Thumb, 368 bytes, Stack size 16 bytes, stm32f4xx_hal_rcc.o(i.HAL_RCC_ClockConfig))
<BR><BR>[Stack]<UL><LI>Max Depth = 88<LI>Call Chain = HAL_RCC_ClockConfig &rArr; HAL_RCC_GetSysClockFreq &rArr; __aeabi_uldivmod
</UL>
<BR>[Calls]<UL><LI><a href="#[f5]">&gt;&gt;</a>&nbsp;&nbsp;&nbsp;HAL_RCC_GetSysClockFreq
<LI><a href="#[a6]">&gt;&gt;</a>&nbsp;&nbsp;&nbsp;HAL_InitTick
<LI><a href="#[98]">&gt;&gt;</a>&nbsp;&nbsp;&nbsp;HAL_GetTick
</UL>
<BR>[Called By]<UL><LI><a href="#[137]">&gt;&gt;</a>&nbsp;&nbsp;&nbsp;SystemClock_Config
</UL>

<P><STRONG><a name="[d4]"></a>HAL_RCC_GetHCLKFreq</STRONG> (Thumb, 6 bytes, Stack size 0 bytes, stm32f4xx_hal_rcc.o(i.HAL_RCC_GetHCLKFreq))
<BR><BR>[Called By]<UL><LI><a href="#[c4]">&gt;&gt;</a>&nbsp;&nbsp;&nbsp;HAL_PCD_IRQHandler
</UL>

<P><STRONG><a name="[f5]"></a>HAL_RCC_GetSysClockFreq</STRONG> (Thumb, 162 bytes, Stack size 32 bytes, stm32f4xx_hal_rcc.o(i.HAL_RCC_GetSysClockFreq))
<BR><BR>[Stack]<UL><LI>Max Depth = 72<LI>Call Chain = HAL_RCC_GetSysClockFreq &rArr; __aeabi_uldivmod
</UL>
<BR>[Calls]<UL><LI><a href="#[7e]">&gt;&gt;</a>&nbsp;&nbsp;&nbsp;__aeabi_uldivmod
</UL>
<BR>[Called By]<UL><LI><a href="#[f4]">&gt;&gt;</a>&nbsp;&nbsp;&nbsp;HAL_RCC_ClockConfig
</UL>

<P><STRONG><a name="[f6]"></a>HAL_RCC_OscConfig</STRONG> (Thumb, 1152 bytes, Stack size 24 bytes, stm32f4xx_hal_rcc.o(i.HAL_RCC_OscConfig))
<BR><BR>[Stack]<UL><LI>Max Depth = 24<LI>Call Chain = HAL_RCC_OscConfig
</UL>
<BR>[Calls]<UL><LI><a href="#[98]">&gt;&gt;</a>&nbsp;&nbsp;&nbsp;HAL_GetTick
</UL>
<BR>[Called By]<UL><LI><a href="#[137]">&gt;&gt;</a>&nbsp;&nbsp;&nbsp;SystemClock_Config
</UL>

<P><STRONG><a name="[a8]"></a>HAL_SYSTICK_Config</STRONG> (Thumb, 52 bytes, Stack size 16 bytes, stm32f4xx_hal_cortex.o(i.HAL_SYSTICK_Config))
<BR><BR>[Stack]<UL><LI>Max Depth = 24<LI>Call Chain = HAL_SYSTICK_Config &rArr; __NVIC_SetPriority
</UL>
<BR>[Calls]<UL><LI><a href="#[ab]">&gt;&gt;</a>&nbsp;&nbsp;&nbsp;__NVIC_SetPriority
</UL>
<BR>[Called By]<UL><LI><a href="#[a6]">&gt;&gt;</a>&nbsp;&nbsp;&nbsp;HAL_InitTick
</UL>

<P><STRONG><a name="[1e]"></a>HardFault_Handler</STRONG> (Thumb, 4 bytes, Stack size 0 bytes, stm32f4xx_it.o(i.HardFault_Handler))
<BR>[Address Reference Count : 1]<UL><LI> startup_stm32f407xx.o(RESET)
</UL>
<P><STRONG><a name="[115]"></a>LL_GPIO_Init</STRONG> (Thumb, 312 bytes, Stack size 20 bytes, stm32f4xx_ll_gpio.o(i.LL_GPIO_Init))
<BR><BR>[Stack]<UL><LI>Max Depth = 20<LI>Call Chain = LL_GPIO_Init
</UL>
<BR>[Called By]<UL><LI><a href="#[118]">&gt;&gt;</a>&nbsp;&nbsp;&nbsp;MX_USART2_UART_Init
<LI><a href="#[113]">&gt;&gt;</a>&nbsp;&nbsp;&nbsp;MX_USART1_UART_Init
</UL>

<P><STRONG><a name="[f7]"></a>LL_RCC_GetSystemClocksFreq</STRONG> (Thumb, 36 bytes, Stack size 8 bytes, stm32f4xx_ll_rcc.o(i.LL_RCC_GetSystemClocksFreq))
<BR><BR>[Stack]<UL><LI>Max Depth = 40<LI>Call Chain = LL_RCC_GetSystemClocksFreq &rArr; RCC_GetSystemClockFreq &rArr; RCC_PLL_GetFreqDomain_SYS
</UL>
<BR>[Calls]<UL><LI><a href="#[f8]">&gt;&gt;</a>&nbsp;&nbsp;&nbsp;RCC_GetSystemClockFreq
<LI><a href="#[fb]">&gt;&gt;</a>&nbsp;&nbsp;&nbsp;RCC_GetPCLK2ClockFreq
<LI><a href="#[fa]">&gt;&gt;</a>&nbsp;&nbsp;&nbsp;RCC_GetPCLK1ClockFreq
<LI><a href="#[f9]">&gt;&gt;</a>&nbsp;&nbsp;&nbsp;RCC_GetHCLKClockFreq
</UL>
<BR>[Called By]<UL><LI><a href="#[fc]">&gt;&gt;</a>&nbsp;&nbsp;&nbsp;LL_USART_Init
</UL>

<P><STRONG><a name="[fc]"></a>LL_USART_Init</STRONG> (Thumb, 170 bytes, Stack size 40 bytes, stm32f4xx_ll_usart.o(i.LL_USART_Init))
<BR><BR>[Stack]<UL><LI>Max Depth = 128<LI>Call Chain = LL_USART_Init &rArr; LL_USART_SetBaudRate &rArr; __aeabi_uldivmod
</UL>
<BR>[Calls]<UL><LI><a href="#[fe]">&gt;&gt;</a>&nbsp;&nbsp;&nbsp;LL_USART_SetBaudRate
<LI><a href="#[fd]">&gt;&gt;</a>&nbsp;&nbsp;&nbsp;LL_USART_IsEnabled
<LI><a href="#[f7]">&gt;&gt;</a>&nbsp;&nbsp;&nbsp;LL_RCC_GetSystemClocksFreq
</UL>
<BR>[Called By]<UL><LI><a href="#[118]">&gt;&gt;</a>&nbsp;&nbsp;&nbsp;MX_USART2_UART_Init
<LI><a href="#[113]">&gt;&gt;</a>&nbsp;&nbsp;&nbsp;MX_USART1_UART_Init
</UL>

<P><STRONG><a name="[107]"></a>MSC_BOT_CplClrFeature</STRONG> (Thumb, 64 bytes, Stack size 16 bytes, usbd_msc_bot.o(i.MSC_BOT_CplClrFeature))
<BR><BR>[Stack]<UL><LI>Max Depth = 148<LI>Call Chain = MSC_BOT_CplClrFeature &rArr; MSC_BOT_SendCSW &rArr; USBD_LL_Transmit &rArr; HAL_PCD_EP_Transmit &rArr; USB_EPStartXfer &rArr; USB_WritePacket
</UL>
<BR>[Calls]<UL><LI><a href="#[100]">&gt;&gt;</a>&nbsp;&nbsp;&nbsp;USBD_LL_StallEP
<LI><a href="#[105]">&gt;&gt;</a>&nbsp;&nbsp;&nbsp;MSC_BOT_SendCSW
</UL>
<BR>[Called By]<UL><LI><a href="#[10]">&gt;&gt;</a>&nbsp;&nbsp;&nbsp;USBD_MSC_Setup
</UL>

<P><STRONG><a name="[108]"></a>MSC_BOT_DataIn</STRONG> (Thumb, 74 bytes, Stack size 16 bytes, usbd_msc_bot.o(i.MSC_BOT_DataIn))
<BR><BR>[Stack]<UL><LI>Max Depth = 220<LI>Call Chain = MSC_BOT_DataIn &rArr; SCSI_ProcessCmd &rArr; SCSI_Write12 &rArr; SCSI_ProcessWrite &rArr; MSC_BOT_SendCSW &rArr; USBD_LL_Transmit &rArr; HAL_PCD_EP_Transmit &rArr; USB_EPStartXfer &rArr; USB_WritePacket
</UL>
<BR>[Calls]<UL><LI><a href="#[104]">&gt;&gt;</a>&nbsp;&nbsp;&nbsp;SCSI_ProcessCmd
<LI><a href="#[105]">&gt;&gt;</a>&nbsp;&nbsp;&nbsp;MSC_BOT_SendCSW
</UL>
<BR>[Called By]<UL><LI><a href="#[11]">&gt;&gt;</a>&nbsp;&nbsp;&nbsp;USBD_MSC_DataIn
</UL>

<P><STRONG><a name="[109]"></a>MSC_BOT_DataOut</STRONG> (Thumb, 64 bytes, Stack size 16 bytes, usbd_msc_bot.o(i.MSC_BOT_DataOut))
<BR><BR>[Stack]<UL><LI>Max Depth = 236<LI>Call Chain = MSC_BOT_DataOut &rArr; MSC_BOT_CBW_Decode &rArr; SCSI_ProcessCmd &rArr; SCSI_Write12 &rArr; SCSI_ProcessWrite &rArr; MSC_BOT_SendCSW &rArr; USBD_LL_Transmit &rArr; HAL_PCD_EP_Transmit &rArr; USB_EPStartXfer &rArr; USB_WritePacket
</UL>
<BR>[Calls]<UL><LI><a href="#[104]">&gt;&gt;</a>&nbsp;&nbsp;&nbsp;SCSI_ProcessCmd
<LI><a href="#[105]">&gt;&gt;</a>&nbsp;&nbsp;&nbsp;MSC_BOT_SendCSW
<LI><a href="#[101]">&gt;&gt;</a>&nbsp;&nbsp;&nbsp;MSC_BOT_CBW_Decode
</UL>
<BR>[Called By]<UL><LI><a href="#[12]">&gt;&gt;</a>&nbsp;&nbsp;&nbsp;USBD_MSC_DataOut
</UL>

<P><STRONG><a name="[153]"></a>MSC_BOT_DeInit</STRONG> (Thumb, 10 bytes, Stack size 0 bytes, usbd_msc_bot.o(i.MSC_BOT_DeInit))
<BR><BR>[Called By]<UL><LI><a href="#[f]">&gt;&gt;</a>&nbsp;&nbsp;&nbsp;USBD_MSC_DeInit
</UL>

<P><STRONG><a name="[10a]"></a>MSC_BOT_Init</STRONG> (Thumb, 68 bytes, Stack size 16 bytes, usbd_msc_bot.o(i.MSC_BOT_Init))
<BR><BR>[Stack]<UL><LI>Max Depth = 132<LI>Call Chain = MSC_BOT_Init &rArr; USBD_LL_PrepareReceive &rArr; HAL_PCD_EP_Receive &rArr; USB_EPStartXfer &rArr; USB_WritePacket
</UL>
<BR>[Calls]<UL><LI><a href="#[10c]">&gt;&gt;</a>&nbsp;&nbsp;&nbsp;USBD_LL_PrepareReceive
<LI><a href="#[10b]">&gt;&gt;</a>&nbsp;&nbsp;&nbsp;USBD_LL_FlushEP
</UL>
<BR>[Called By]<UL><LI><a href="#[e]">&gt;&gt;</a>&nbsp;&nbsp;&nbsp;USBD_MSC_Init
</UL>

<P><STRONG><a name="[10d]"></a>MSC_BOT_Reset</STRONG> (Thumb, 48 bytes, Stack size 16 bytes, usbd_msc_bot.o(i.MSC_BOT_Reset))
<BR><BR>[Stack]<UL><LI>Max Depth = 132<LI>Call Chain = MSC_BOT_Reset &rArr; USBD_LL_PrepareReceive &rArr; HAL_PCD_EP_Receive &rArr; USB_EPStartXfer &rArr; USB_WritePacket
</UL>
<BR>[Calls]<UL><LI><a href="#[10c]">&gt;&gt;</a>&nbsp;&nbsp;&nbsp;USBD_LL_PrepareReceive
<LI><a href="#[10e]">&gt;&gt;</a>&nbsp;&nbsp;&nbsp;USBD_LL_ClearStallEP
</UL>
<BR>[Called By]<UL><LI><a href="#[10]">&gt;&gt;</a>&nbsp;&nbsp;&nbsp;USBD_MSC_Setup
</UL>

<P><STRONG><a name="[105]"></a>MSC_BOT_SendCSW</STRONG> (Thumb, 56 bytes, Stack size 16 bytes, usbd_msc_bot.o(i.MSC_BOT_SendCSW))
<BR><BR>[Stack]<UL><LI>Max Depth = 132<LI>Call Chain = MSC_BOT_SendCSW &rArr; USBD_LL_Transmit &rArr; HAL_PCD_EP_Transmit &rArr; USB_EPStartXfer &rArr; USB_WritePacket
</UL>
<BR>[Calls]<UL><LI><a href="#[10f]">&gt;&gt;</a>&nbsp;&nbsp;&nbsp;USBD_LL_Transmit
<LI><a href="#[10c]">&gt;&gt;</a>&nbsp;&nbsp;&nbsp;USBD_LL_PrepareReceive
</UL>
<BR>[Called By]<UL><LI><a href="#[133]">&gt;&gt;</a>&nbsp;&nbsp;&nbsp;SCSI_ProcessWrite
<LI><a href="#[101]">&gt;&gt;</a>&nbsp;&nbsp;&nbsp;MSC_BOT_CBW_Decode
<LI><a href="#[109]">&gt;&gt;</a>&nbsp;&nbsp;&nbsp;MSC_BOT_DataOut
<LI><a href="#[108]">&gt;&gt;</a>&nbsp;&nbsp;&nbsp;MSC_BOT_DataIn
<LI><a href="#[107]">&gt;&gt;</a>&nbsp;&nbsp;&nbsp;MSC_BOT_CplClrFeature
</UL>

<P><STRONG><a name="[110]"></a>MX_FATFS_Init</STRONG> (Thumb, 16 bytes, Stack size 8 bytes, fatfs.o(i.MX_FATFS_Init))
<BR><BR>[Stack]<UL><LI>Max Depth = 40<LI>Call Chain = MX_FATFS_Init &rArr; FATFS_LinkDriver &rArr; FATFS_LinkDriverEx
</UL>
<BR>[Calls]<UL><LI><a href="#[8e]">&gt;&gt;</a>&nbsp;&nbsp;&nbsp;FATFS_LinkDriver
</UL>
<BR>[Called By]<UL><LI><a href="#[77]">&gt;&gt;</a>&nbsp;&nbsp;&nbsp;main
</UL>

<P><STRONG><a name="[111]"></a>MX_GPIO_Init</STRONG> (Thumb, 170 bytes, Stack size 32 bytes, gpio.o(i.MX_GPIO_Init))
<BR><BR>[Stack]<UL><LI>Max Depth = 56<LI>Call Chain = MX_GPIO_Init &rArr; HAL_GPIO_Init
</UL>
<BR>[Calls]<UL><LI><a href="#[112]">&gt;&gt;</a>&nbsp;&nbsp;&nbsp;HAL_GPIO_WritePin
<LI><a href="#[e5]">&gt;&gt;</a>&nbsp;&nbsp;&nbsp;HAL_GPIO_Init
<LI><a href="#[e4]">&gt;&gt;</a>&nbsp;&nbsp;&nbsp;__aeabi_memclr4
</UL>
<BR>[Called By]<UL><LI><a href="#[77]">&gt;&gt;</a>&nbsp;&nbsp;&nbsp;main
</UL>

<P><STRONG><a name="[113]"></a>MX_USART1_UART_Init</STRONG> (Thumb, 296 bytes, Stack size 80 bytes, usart.o(i.MX_USART1_UART_Init))
<BR><BR>[Stack]<UL><LI>Max Depth = 208<LI>Call Chain = MX_USART1_UART_Init &rArr; LL_USART_Init &rArr; LL_USART_SetBaudRate &rArr; __aeabi_uldivmod
</UL>
<BR>[Calls]<UL><LI><a href="#[fc]">&gt;&gt;</a>&nbsp;&nbsp;&nbsp;LL_USART_Init
<LI><a href="#[115]">&gt;&gt;</a>&nbsp;&nbsp;&nbsp;LL_GPIO_Init
<LI><a href="#[117]">&gt;&gt;</a>&nbsp;&nbsp;&nbsp;LL_USART_Enable
<LI><a href="#[116]">&gt;&gt;</a>&nbsp;&nbsp;&nbsp;LL_USART_ConfigAsyncMode
<LI><a href="#[114]">&gt;&gt;</a>&nbsp;&nbsp;&nbsp;LL_AHB1_GRP1_EnableClock
<LI><a href="#[e4]">&gt;&gt;</a>&nbsp;&nbsp;&nbsp;__aeabi_memclr4
</UL>
<BR>[Called By]<UL><LI><a href="#[77]">&gt;&gt;</a>&nbsp;&nbsp;&nbsp;main
</UL>

<P><STRONG><a name="[118]"></a>MX_USART2_UART_Init</STRONG> (Thumb, 130 bytes, Stack size 64 bytes, usart.o(i.MX_USART2_UART_Init))
<BR><BR>[Stack]<UL><LI>Max Depth = 192<LI>Call Chain = MX_USART2_UART_Init &rArr; LL_USART_Init &rArr; LL_USART_SetBaudRate &rArr; __aeabi_uldivmod
</UL>
<BR>[Calls]<UL><LI><a href="#[fc]">&gt;&gt;</a>&nbsp;&nbsp;&nbsp;LL_USART_Init
<LI><a href="#[115]">&gt;&gt;</a>&nbsp;&nbsp;&nbsp;LL_GPIO_Init
<LI><a href="#[117]">&gt;&gt;</a>&nbsp;&nbsp;&nbsp;LL_USART_Enable
<LI><a href="#[116]">&gt;&gt;</a>&nbsp;&nbsp;&nbsp;LL_USART_ConfigAsyncMode
<LI><a href="#[114]">&gt;&gt;</a>&nbsp;&nbsp;&nbsp;LL_AHB1_GRP1_EnableClock
<LI><a href="#[e4]">&gt;&gt;</a>&nbsp;&nbsp;&nbsp;__aeabi_memclr4
</UL>
<BR>[Called By]<UL><LI><a href="#[77]">&gt;&gt;</a>&nbsp;&nbsp;&nbsp;main
</UL>

<P><STRONG><a name="[119]"></a>MX_USB_DEVICE_Init</STRONG> (Thumb, 60 bytes, Stack size 8 bytes, usb_device.o(i.MX_USB_DEVICE_Init))
<BR><BR>[Stack]<UL><LI>Max Depth = 176<LI>Call Chain = MX_USB_DEVICE_Init &rArr; USBD_Init &rArr; USBD_LL_Init &rArr; HAL_PCD_Init &rArr; HAL_PCD_MspInit &rArr; HAL_NVIC_SetPriority &rArr; __NVIC_SetPriority
</UL>
<BR>[Calls]<UL><LI><a href="#[e7]">&gt;&gt;</a>&nbsp;&nbsp;&nbsp;Error_Handler
<LI><a href="#[11d]">&gt;&gt;</a>&nbsp;&nbsp;&nbsp;USBD_Start
<LI><a href="#[11b]">&gt;&gt;</a>&nbsp;&nbsp;&nbsp;USBD_RegisterClass
<LI><a href="#[11c]">&gt;&gt;</a>&nbsp;&nbsp;&nbsp;USBD_MSC_RegisterStorage
<LI><a href="#[11a]">&gt;&gt;</a>&nbsp;&nbsp;&nbsp;USBD_Init
</UL>
<BR>[Called By]<UL><LI><a href="#[77]">&gt;&gt;</a>&nbsp;&nbsp;&nbsp;main
</UL>

<P><STRONG><a name="[1f]"></a>MemManage_Handler</STRONG> (Thumb, 4 bytes, Stack size 0 bytes, stm32f4xx_it.o(i.MemManage_Handler))
<BR>[Address Reference Count : 1]<UL><LI> startup_stm32f407xx.o(RESET)
</UL>
<P><STRONG><a name="[1d]"></a>NMI_Handler</STRONG> (Thumb, 2 bytes, Stack size 0 bytes, stm32f4xx_it.o(i.NMI_Handler))
<BR>[Address Reference Count : 1]<UL><LI> startup_stm32f407xx.o(RESET)
</UL>
<P><STRONG><a name="[69]"></a>OTG_FS_IRQHandler</STRONG> (Thumb, 10 bytes, Stack size 8 bytes, stm32f4xx_it.o(i.OTG_FS_IRQHandler))
<BR><BR>[Stack]<UL><LI>Max Depth = 284<LI>Call Chain = OTG_FS_IRQHandler &rArr; HAL_PCD_IRQHandler &rArr; PCD_EP_OutSetupPacket_int &rArr; HAL_PCD_SetupStageCallback &rArr; USBD_LL_SetupStage &rArr; USBD_StdDevReq &rArr; USBD_GetDescriptor &rArr; USBD_CtlSendData &rArr; USBD_LL_Transmit &rArr; HAL_PCD_EP_Transmit &rArr; USB_EPStartXfer &rArr; USB_WritePacket
</UL>
<BR>[Calls]<UL><LI><a href="#[c4]">&gt;&gt;</a>&nbsp;&nbsp;&nbsp;HAL_PCD_IRQHandler
</UL>
<BR>[Address Reference Count : 1]<UL><LI> startup_stm32f407xx.o(RESET)
</UL>
[...]
<BR><BR>[Stack]<UL><LI>Max Depth = 180<LI>Call Chain = SCSI_Write10 &rArr; SCSI_ProcessWrite &rArr; MSC_BOT_SendCSW &rArr; USBD_LL_Transmit &rArr; HAL_PCD_EP_Transmit &rArr; USB_EPStartXfer &rArr; USB_WritePacket
</UL>
<BR>[Calls]<UL><LI><a href="#[10c]">&gt;&gt;</a>&nbsp;&nbsp;&nbsp;USBD_LL_PrepareReceive
<LI><a href="#[133]">&gt;&gt;</a>&nbsp;&nbsp;&nbsp;SCSI_ProcessWrite
<LI><a href="#[121]">&gt;&gt;</a>&nbsp;&nbsp;&nbsp;SCSI_CheckAddressRange
<LI><a href="#[103]">&gt;&gt;</a>&nbsp;&nbsp;&nbsp;SCSI_SenseCode
</UL>
<BR>[Called By]<UL><LI><a href="#[104]">&gt;&gt;</a>&nbsp;&nbsp;&nbsp;SCSI_ProcessCmd
</UL>

<P><STRONG><a name="[130]"></a>SCSI_Write12</STRONG> (Thumb, 320 bytes, Stack size 24 bytes, usbd_msc_scsi.o(i.SCSI_Write12))
<BR><BR>[Stack]<UL><LI>Max Depth = 180<LI>Call Chain = SCSI_Write12 &rArr; SCSI_ProcessWrite &rArr; MSC_BOT_SendCSW &rArr; USBD_LL_Transmit &rArr; HAL_PCD_EP_Transmit &rArr; USB_EPStartXfer &rArr; USB_WritePacket
</UL>
<BR>[Calls]<UL><LI><a href="#[10c]">&gt;&gt;</a>&nbsp;&nbsp;&nbsp;USBD_LL_PrepareReceive
<LI><a href="#[133]">&gt;&gt;</a>&nbsp;&nbsp;&nbsp;SCSI_ProcessWrite
<LI><a href="#[121]">&gt;&gt;</a>&nbsp;&nbsp;&nbsp;SCSI_CheckAddressRange
<LI><a href="#[103]">&gt;&gt;</a>&nbsp;&nbsp;&nbsp;SCSI_SenseCode
</UL>
<BR>[Called By]<UL><LI><a href="#[104]">&gt;&gt;</a>&nbsp;&nbsp;&nbsp;SCSI_ProcessCmd
</UL>

<P><STRONG><a name="[166]"></a>check_fs</STRONG> (Thumb, 116 bytes, Stack size 16 bytes, ff.o(i.check_fs))
<BR><BR>[Stack]<UL><LI>Max Depth = 80<LI>Call Chain = check_fs &rArr; move_window &rArr; sync_window &rArr; disk_write
</UL>
<BR>[Calls]<UL><LI><a href="#[167]">&gt;&gt;</a>&nbsp;&nbsp;&nbsp;move_window
<LI><a href="#[168]">&gt;&gt;</a>&nbsp;&nbsp;&nbsp;ld_word
<LI><a href="#[169]">&gt;&gt;</a>&nbsp;&nbsp;&nbsp;ld_dword
</UL>
<BR>[Called By]<UL><LI><a href="#[18e]">&gt;&gt;</a>&nbsp;&nbsp;&nbsp;find_volume
</UL>

<P><STRONG><a name="[16f]"></a>chk_chr</STRONG> (Thumb, 20 bytes, Stack size 0 bytes, ff.o(i.chk_chr))
<BR><BR>[Called By]<UL><LI><a href="#[16d]">&gt;&gt;</a>&nbsp;&nbsp;&nbsp;create_name
</UL>

<P><STRONG><a name="[191]"></a>chk_lock</STRONG> (Thumb, 120 bytes, Stack size 12 bytes, ff.o(i.chk_lock))
<BR><BR>[Stack]<UL><LI>Max Depth = 12<LI>Call Chain = chk_lock
</UL>
<BR>[Called By]<UL><LI><a href="#[18f]">&gt;&gt;</a>&nbsp;&nbsp;&nbsp;f_open
</UL>

<P><STRONG><a name="[18d]"></a>clear_lock</STRONG> (Thumb, 36 bytes, Stack size 0 bytes, ff.o(i.clear_lock))
<BR><BR>[Called By]<UL><LI><a href="#[18c]">&gt;&gt;</a>&nbsp;&nbsp;&nbsp;f_mount
<LI><a href="#[18e]">&gt;&gt;</a>&nbsp;&nbsp;&nbsp;find_volume
</UL>

<P><STRONG><a name="[199]"></a>clmt_clust</STRONG> (Thumb, 50 bytes, Stack size 20 bytes, ff.o(i.clmt_clust))
<BR><BR>[Stack]<UL><LI>Max Depth = 20<LI>Call Chain = clmt_clust
</UL>
<BR>[Called By]<UL><LI><a href="#[198]">&gt;&gt;</a>&nbsp;&nbsp;&nbsp;f_read
</UL>

<P><STRONG><a name="[17c]"></a>clust2sect</STRONG> (Thumb, 26 bytes, Stack size 0 bytes, ff.o(i.clust2sect))
<BR><BR>[Called By]<UL><LI><a href="#[198]">&gt;&gt;</a>&nbsp;&nbsp;&nbsp;f_read
<LI><a href="#[18f]">&gt;&gt;</a>&nbsp;&nbsp;&nbsp;f_open
<LI><a href="#[177]">&gt;&gt;</a>&nbsp;&nbsp;&nbsp;dir_sdi
<LI><a href="#[178]">&gt;&gt;</a>&nbsp;&nbsp;&nbsp;dir_next
</UL>

<P><STRONG><a name="[16a]"></a>create_chain</STRONG> (Thumb, 222 bytes, Stack size 32 bytes, ff.o(i.create_chain))
<BR><BR>[Stack]<UL><LI>Max Depth = 128<LI>Call Chain = create_chain &rArr; put_fat &rArr; move_window &rArr; sync_window &rArr; disk_write
</UL>
<BR>[Calls]<UL><LI><a href="#[16c]">&gt;&gt;</a>&nbsp;&nbsp;&nbsp;put_fat
<LI><a href="#[16b]">&gt;&gt;</a>&nbsp;&nbsp;&nbsp;get_fat
</UL>
<BR>[Called By]<UL><LI><a href="#[178]">&gt;&gt;</a>&nbsp;&nbsp;&nbsp;dir_next
</UL>

<P><STRONG><a name="[16d]"></a>create_name</STRONG> (Thumb, 204 bytes, Stack size 40 bytes, ff.o(i.create_name))
<BR><BR>[Stack]<UL><LI>Max Depth = 48<LI>Call Chain = create_name &rArr; mem_set
</UL>
<BR>[Calls]<UL><LI><a href="#[16e]">&gt;&gt;</a>&nbsp;&nbsp;&nbsp;mem_set
<LI><a href="#[16f]">&gt;&gt;</a>&nbsp;&nbsp;&nbsp;chk_chr
</UL>
<BR>[Called By]<UL><LI><a href="#[190]">&gt;&gt;</a>&nbsp;&nbsp;&nbsp;follow_path
</UL>

<P><STRONG><a name="[183]"></a>dec_lock</STRONG> (Thumb, 64 bytes, Stack size 8 bytes, ff.o(i.dec_lock))
<BR><BR>[Stack]<UL><LI>Max Depth = 8<LI>Call Chain = dec_lock
</UL>
<BR>[Called By]<UL><LI><a href="#[180]">&gt;&gt;</a>&nbsp;&nbsp;&nbsp;f_close
</UL>

<P><STRONG><a name="[176]"></a>dir_alloc</STRONG> (Thumb, 96 bytes, Stack size 24 bytes, ff.o(i.dir_alloc))
<BR><BR>[Stack]<UL><LI>Max Depth = 184<LI>Call Chain = dir_alloc &rArr; dir_next &rArr; create_chain &rArr; put_fat &rArr; move_window &rArr; sync_window &rArr; disk_write
</UL>
<BR>[Calls]<UL><LI><a href="#[167]">&gt;&gt;</a>&nbsp;&nbsp;&nbsp;move_window
<LI><a href="#[177]">&gt;&gt;</a>&nbsp;&nbsp;&nbsp;dir_sdi
<LI><a href="#[178]">&gt;&gt;</a>&nbsp;&nbsp;&nbsp;dir_next
</UL>
<BR>[Called By]<UL><LI><a href="#[17d]">&gt;&gt;</a>&nbsp;&nbsp;&nbsp;dir_register
</UL>

<P><STRONG><a name="[179]"></a>dir_find</STRONG> (Thumb, 108 bytes, Stack size 24 bytes, ff.o(i.dir_find))
<BR><BR>[Stack]<UL><LI>Max Depth = 184<LI>Call Chain = dir_find &rArr; dir_next &rArr; create_chain &rArr; put_fat &rArr; move_window &rArr; sync_window &rArr; disk_write
</UL>
<BR>[Calls]<UL><LI><a href="#[167]">&gt;&gt;</a>&nbsp;&nbsp;&nbsp;move_window
<LI><a href="#[17a]">&gt;&gt;</a>&nbsp;&nbsp;&nbsp;mem_cmp
<LI><a href="#[177]">&gt;&gt;</a>&nbsp;&nbsp;&nbsp;dir_sdi
<LI><a href="#[178]">&gt;&gt;</a>&nbsp;&nbsp;&nbsp;dir_next
</UL>
<BR>[Called By]<UL><LI><a href="#[190]">&gt;&gt;</a>&nbsp;&nbsp;&nbsp;follow_path
</UL>

<P><STRONG><a name="[178]"></a>dir_next</STRONG> (Thumb, 268 bytes, Stack size 32 bytes, ff.o(i.dir_next))
<BR><BR>[Stack]<UL><LI>Max Depth = 160<LI>Call Chain = dir_next &rArr; create_chain &rArr; put_fat &rArr; move_window &rArr; sync_window &rArr; disk_write
</UL>
<BR>[Calls]<UL><LI><a href="#[17b]">&gt;&gt;</a>&nbsp;&nbsp;&nbsp;sync_window
<LI><a href="#[16e]">&gt;&gt;</a>&nbsp;&nbsp;&nbsp;mem_set
<LI><a href="#[16b]">&gt;&gt;</a>&nbsp;&nbsp;&nbsp;get_fat
<LI><a href="#[16a]">&gt;&gt;</a>&nbsp;&nbsp;&nbsp;create_chain
<LI><a href="#[17c]">&gt;&gt;</a>&nbsp;&nbsp;&nbsp;clust2sect
</UL>
<BR>[Called By]<UL><LI><a href="#[179]">&gt;&gt;</a>&nbsp;&nbsp;&nbsp;dir_find
<LI><a href="#[176]">&gt;&gt;</a>&nbsp;&nbsp;&nbsp;dir_alloc
</UL>

<P><STRONG><a name="[17d]"></a>dir_register</STRONG> (Thumb, 60 bytes, Stack size 16 bytes, ff.o(i.dir_register))
<BR><BR>[Stack]<UL><LI>Max Depth = 200<LI>Call Chain = dir_register &rArr; dir_alloc &rArr; dir_next &rArr; create_chain &rArr; put_fat &rArr; move_window &rArr; sync_window &rArr; disk_write
</UL>
<BR>[Calls]<UL><LI><a href="#[167]">&gt;&gt;</a>&nbsp;&nbsp;&nbsp;move_window
<LI><a href="#[16e]">&gt;&gt;</a>&nbsp;&nbsp;&nbsp;mem_set
<LI><a href="#[17e]">&gt;&gt;</a>&nbsp;&nbsp;&nbsp;mem_cpy
<LI><a href="#[176]">&gt;&gt;</a>&nbsp;&nbsp;&nbsp;dir_alloc
</UL>
<BR>[Called By]<UL><LI><a href="#[18f]">&gt;&gt;</a>&nbsp;&nbsp;&nbsp;f_open
</UL>

<P><STRONG><a name="[177]"></a>dir_sdi</STRONG> (Thumb, 154 bytes, Stack size 24 bytes, ff.o(i.dir_sdi))
<BR><BR>[Stack]<UL><LI>Max Depth = 120<LI>Call Chain = dir_sdi &rArr; get_fat &rArr; move_window &rArr; sync_window &rArr; disk_write
</UL>
<BR>[Calls]<UL><LI><a href="#[16b]">&gt;&gt;</a>&nbsp;&nbsp;&nbsp;get_fat
<LI><a href="#[17c]">&gt;&gt;</a>&nbsp;&nbsp;&nbsp;clust2sect
</UL>
<BR>[Called By]<UL><LI><a href="#[190]">&gt;&gt;</a>&nbsp;&nbsp;&nbsp;follow_path
<LI><a href="#[179]">&gt;&gt;</a>&nbsp;&nbsp;&nbsp;dir_find
<LI><a href="#[176]">&gt;&gt;</a>&nbsp;&nbsp;&nbsp;dir_alloc
</UL>

<P><STRONG><a name="[192]"></a>enq_lock</STRONG> (Thumb, 34 bytes, Stack size 0 bytes, ff.o(i.enq_lock))
<BR><BR>[Called By]<UL><LI><a href="#[18f]">&gt;&gt;</a>&nbsp;&nbsp;&nbsp;f_open
</UL>

<P><STRONG><a name="[18e]"></a>find_volume</STRONG> (Thumb, 750 bytes, Stack size 88 bytes, ff.o(i.find_volume))
<BR><BR>[Stack]<UL><LI>Max Depth = 168<LI>Call Chain = find_volume &rArr; check_fs &rArr; move_window &rArr; sync_window &rArr; disk_write
</UL>
<BR>[Calls]<UL><LI><a href="#[167]">&gt;&gt;</a>&nbsp;&nbsp;&nbsp;move_window
<LI><a href="#[168]">&gt;&gt;</a>&nbsp;&nbsp;&nbsp;ld_word
<LI><a href="#[169]">&gt;&gt;</a>&nbsp;&nbsp;&nbsp;ld_dword
<LI><a href="#[185]">&gt;&gt;</a>&nbsp;&nbsp;&nbsp;get_ldnumber
<LI><a href="#[18d]">&gt;&gt;</a>&nbsp;&nbsp;&nbsp;clear_lock
<LI><a href="#[166]">&gt;&gt;</a>&nbsp;&nbsp;&nbsp;check_fs
<LI><a href="#[19c]">&gt;&gt;</a>&nbsp;&nbsp;&nbsp;disk_status
<LI><a href="#[186]">&gt;&gt;</a>&nbsp;&nbsp;&nbsp;disk_initialize
</UL>
<BR>[Called By]<UL><LI><a href="#[18f]">&gt;&gt;</a>&nbsp;&nbsp;&nbsp;f_open
<LI><a href="#[18c]">&gt;&gt;</a>&nbsp;&nbsp;&nbsp;f_mount
</UL>

<P><STRONG><a name="[190]"></a>follow_path</STRONG> (Thumb, 162 bytes, Stack size 32 bytes, ff.o(i.follow_path))
<BR><BR>[Stack]<UL><LI>Max Depth = 216<LI>Call Chain = follow_path &rArr; dir_find &rArr; dir_next &rArr; create_chain &rArr; put_fat &rArr; move_window &rArr; sync_window &rArr; disk_write
</UL>
<BR>[Calls]<UL><LI><a href="#[193]">&gt;&gt;</a>&nbsp;&nbsp;&nbsp;ld_clust
<LI><a href="#[177]">&gt;&gt;</a>&nbsp;&nbsp;&nbsp;dir_sdi
<LI><a href="#[179]">&gt;&gt;</a>&nbsp;&nbsp;&nbsp;dir_find
<LI><a href="#[16d]">&gt;&gt;</a>&nbsp;&nbsp;&nbsp;create_name
</UL>
<BR>[Called By]<UL><LI><a href="#[18f]">&gt;&gt;</a>&nbsp;&nbsp;&nbsp;f_open
</UL>

<P><STRONG><a name="[16b]"></a>get_fat</STRONG> (Thumb, 224 bytes, Stack size 32 bytes, ff.o(i.get_fat))
<BR><BR>[Stack]<UL><LI>Max Depth = 96<LI>Call Chain = get_fat &rArr; move_window &rArr; sync_window &rArr; disk_write
</UL>
<BR>[Calls]<UL><LI><a href="#[167]">&gt;&gt;</a>&nbsp;&nbsp;&nbsp;move_window
<LI><a href="#[168]">&gt;&gt;</a>&nbsp;&nbsp;&nbsp;ld_word
<LI><a href="#[169]">&gt;&gt;</a>&nbsp;&nbsp;&nbsp;ld_dword
</UL>
<BR>[Called By]<UL><LI><a href="#[198]">&gt;&gt;</a>&nbsp;&nbsp;&nbsp;f_read
<LI><a href="#[18f]">&gt;&gt;</a>&nbsp;&nbsp;&nbsp;f_open
<LI><a href="#[195]">&gt;&gt;</a>&nbsp;&nbsp;&nbsp;remove_chain
<LI><a href="#[177]">&gt;&gt;</a>&nbsp;&nbsp;&nbsp;dir_sdi
<LI><a href="#[178]">&gt;&gt;</a>&nbsp;&nbsp;&nbsp;dir_next
<LI><a href="#[16a]">&gt;&gt;</a>&nbsp;&nbsp;&nbsp;create_chain
</UL>

<P><STRONG><a name="[185]"></a>get_ldnumber</STRONG> (Thumb, 72 bytes, Stack size 16 bytes, ff.o(i.get_ldnumber))
<BR><BR>[Stack]<UL><LI>Max Depth = 16<LI>Call Chain = get_ldnumber
</UL>
<BR>[Called By]<UL><LI><a href="#[18c]">&gt;&gt;</a>&nbsp;&nbsp;&nbsp;f_mount
<LI><a href="#[184]">&gt;&gt;</a>&nbsp;&nbsp;&nbsp;f_mkfs
<LI><a href="#[18e]">&gt;&gt;</a>&nbsp;&nbsp;&nbsp;find_volume
</UL>

<P><STRONG><a name="[196]"></a>inc_lock</STRONG> (Thumb, 182 bytes, Stack size 8 bytes, ff.o(i.inc_lock))
<BR><BR>[Stack]<UL><LI>Max Depth = 8<LI>Call Chain = inc_lock
</UL>
<BR>[Called By]<UL><LI><a href="#[18f]">&gt;&gt;</a>&nbsp;&nbsp;&nbsp;f_open
</UL>

<P><STRONG><a name="[193]"></a>ld_clust</STRONG> (Thumb, 38 bytes, Stack size 16 bytes, ff.o(i.ld_clust))
<BR><BR>[Stack]<UL><LI>Max Depth = 16<LI>Call Chain = ld_clust
</UL>
<BR>[Calls]<UL><LI><a href="#[168]">&gt;&gt;</a>&nbsp;&nbsp;&nbsp;ld_word
</UL>
<BR>[Called By]<UL><LI><a href="#[18f]">&gt;&gt;</a>&nbsp;&nbsp;&nbsp;f_open
<LI><a href="#[190]">&gt;&gt;</a>&nbsp;&nbsp;&nbsp;follow_path
</UL>

<P><STRONG><a name="[169]"></a>ld_dword</STRONG> (Thumb, 24 bytes, Stack size 0 bytes, ff.o(i.ld_dword))
<BR><BR>[Called By]<UL><LI><a href="#[18f]">&gt;&gt;</a>&nbsp;&nbsp;&nbsp;f_open
<LI><a href="#[16c]">&gt;&gt;</a>&nbsp;&nbsp;&nbsp;put_fat
<LI><a href="#[16b]">&gt;&gt;</a>&nbsp;&nbsp;&nbsp;get_fat
<LI><a href="#[18e]">&gt;&gt;</a>&nbsp;&nbsp;&nbsp;find_volume
<LI><a href="#[166]">&gt;&gt;</a>&nbsp;&nbsp;&nbsp;check_fs
</UL>

<P><STRONG><a name="[168]"></a>ld_word</STRONG> (Thumb, 12 bytes, Stack size 0 bytes, ff.o(i.ld_word))
<BR><BR>[Called By]<UL><LI><a href="#[193]">&gt;&gt;</a>&nbsp;&nbsp;&nbsp;ld_clust
<LI><a href="#[16b]">&gt;&gt;</a>&nbsp;&nbsp;&nbsp;get_fat
<LI><a href="#[18e]">&gt;&gt;</a>&nbsp;&nbsp;&nbsp;find_volume
<LI><a href="#[166]">&gt;&gt;</a>&nbsp;&nbsp;&nbsp;check_fs
</UL>

<P><STRONG><a name="[17a]"></a>mem_cmp</STRONG> (Thumb, 36 bytes, Stack size 20 bytes, ff.o(i.mem_cmp))
<BR><BR>[Stack]<UL><LI>Max Depth = 20<LI>Call Chain = mem_cmp
</UL>
<BR>[Called By]<UL><LI><a href="#[179]">&gt;&gt;</a>&nbsp;&nbsp;&nbsp;dir_find
</UL>

<P><STRONG><a name="[17e]"></a>mem_cpy</STRONG> (Thumb, 26 bytes, Stack size 12 bytes, ff.o(i.mem_cpy))
<BR><BR>[Stack]<UL><LI>Max Depth = 12<LI>Call Chain = mem_cpy
</UL>
<BR>[Called By]<UL><LI><a href="#[198]">&gt;&gt;</a>&nbsp;&nbsp;&nbsp;f_read
<LI><a href="#[184]">&gt;&gt;</a>&nbsp;&nbsp;&nbsp;f_mkfs
<LI><a href="#[17d]">&gt;&gt;</a>&nbsp;&nbsp;&nbsp;dir_register
</UL>

<P><STRONG><a name="[16e]"></a>mem_set</STRONG> (Thumb, 18 bytes, Stack size 8 bytes, ff.o(i.mem_set))
<BR><BR>[Stack]<UL><LI>Max Depth = 8<LI>Call Chain = mem_set
</UL>
<BR>[Called By]<UL><LI><a href="#[18f]">&gt;&gt;</a>&nbsp;&nbsp;&nbsp;f_open
<LI><a href="#[184]">&gt;&gt;</a>&nbsp;&nbsp;&nbsp;f_mkfs
<LI><a href="#[19a]">&gt;&gt;</a>&nbsp;&nbsp;&nbsp;sync_fs
<LI><a href="#[17d]">&gt;&gt;</a>&nbsp;&nbsp;&nbsp;dir_register
<LI><a href="#[178]">&gt;&gt;</a>&nbsp;&nbsp;&nbsp;dir_next
<LI><a href="#[16d]">&gt;&gt;</a>&nbsp;&nbsp;&nbsp;create_name
</UL>

<P><STRONG><a name="[167]"></a>move_window</STRONG> (Thumb, 52 bytes, Stack size 16 bytes, ff.o(i.move_window))
<BR><BR>[Stack]<UL><LI>Max Depth = 64<LI>Call Chain = move_window &rArr; sync_window &rArr; disk_write
</UL>
<BR>[Calls]<UL><LI><a href="#[17b]">&gt;&gt;</a>&nbsp;&nbsp;&nbsp;sync_window
<LI><a href="#[197]">&gt;&gt;</a>&nbsp;&nbsp;&nbsp;disk_read
</UL>
<BR>[Called By]<UL><LI><a href="#[18f]">&gt;&gt;</a>&nbsp;&nbsp;&nbsp;f_open
<LI><a href="#[181]">&gt;&gt;</a>&nbsp;&nbsp;&nbsp;f_sync
<LI><a href="#[16c]">&gt;&gt;</a>&nbsp;&nbsp;&nbsp;put_fat
<LI><a href="#[16b]">&gt;&gt;</a>&nbsp;&nbsp;&nbsp;get_fat
<LI><a href="#[18e]">&gt;&gt;</a>&nbsp;&nbsp;&nbsp;find_volume
<LI><a href="#[17d]">&gt;&gt;</a>&nbsp;&nbsp;&nbsp;dir_register
<LI><a href="#[179]">&gt;&gt;</a>&nbsp;&nbsp;&nbsp;dir_find
<LI><a href="#[176]">&gt;&gt;</a>&nbsp;&nbsp;&nbsp;dir_alloc
<LI><a href="#[166]">&gt;&gt;</a>&nbsp;&nbsp;&nbsp;check_fs
</UL>

<P><STRONG><a name="[16c]"></a>put_fat</STRONG> (Thumb, 312 bytes, Stack size 32 bytes, ff.o(i.put_fat))
<BR><BR>[Stack]<UL><LI>Max Depth = 96<LI>Call Chain = put_fat &rArr; move_window &rArr; sync_window &rArr; disk_write
</UL>
<BR>[Calls]<UL><LI><a href="#[188]">&gt;&gt;</a>&nbsp;&nbsp;&nbsp;st_word
<LI><a href="#[189]">&gt;&gt;</a>&nbsp;&nbsp;&nbsp;st_dword
<LI><a href="#[167]">&gt;&gt;</a>&nbsp;&nbsp;&nbsp;move_window
<LI><a href="#[169]">&gt;&gt;</a>&nbsp;&nbsp;&nbsp;ld_dword
</UL>
<BR>[Called By]<UL><LI><a href="#[195]">&gt;&gt;</a>&nbsp;&nbsp;&nbsp;remove_chain
<LI><a href="#[16a]">&gt;&gt;</a>&nbsp;&nbsp;&nbsp;create_chain
</UL>

<P><STRONG><a name="[195]"></a>remove_chain</STRONG> (Thumb, 154 bytes, Stack size 32 bytes, ff.o(i.remove_chain))
<BR><BR>[Stack]<UL><LI>Max Depth = 128<LI>Call Chain = remove_chain &rArr; put_fat &rArr; move_window &rArr; sync_window &rArr; disk_write
</UL>
<BR>[Calls]<UL><LI><a href="#[16c]">&gt;&gt;</a>&nbsp;&nbsp;&nbsp;put_fat
<LI><a href="#[16b]">&gt;&gt;</a>&nbsp;&nbsp;&nbsp;get_fat
</UL>
<BR>[Called By]<UL><LI><a href="#[18f]">&gt;&gt;</a>&nbsp;&nbsp;&nbsp;f_open
</UL>

<P><STRONG><a name="[194]"></a>st_clust</STRONG> (Thumb, 36 bytes, Stack size 16 bytes, ff.o(i.st_clust))
<BR><BR>[Stack]<UL><LI>Max Depth = 16<LI>Call Chain = st_clust
</UL>
<BR>[Calls]<UL><LI><a href="#[188]">&gt;&gt;</a>&nbsp;&nbsp;&nbsp;st_word
</UL>
<BR>[Called By]<UL><LI><a href="#[18f]">&gt;&gt;</a>&nbsp;&nbsp;&nbsp;f_open
<LI><a href="#[181]">&gt;&gt;</a>&nbsp;&nbsp;&nbsp;f_sync
</UL>

<P><STRONG><a name="[189]"></a>st_dword</STRONG> (Thumb, 24 bytes, Stack size 0 bytes, ff.o(i.st_dword))
<BR><BR>[Called By]<UL><LI><a href="#[18f]">&gt;&gt;</a>&nbsp;&nbsp;&nbsp;f_open
<LI><a href="#[184]">&gt;&gt;</a>&nbsp;&nbsp;&nbsp;f_mkfs
<LI><a href="#[181]">&gt;&gt;</a>&nbsp;&nbsp;&nbsp;f_sync
<LI><a href="#[19a]">&gt;&gt;</a>&nbsp;&nbsp;&nbsp;sync_fs
<LI><a href="#[16c]">&gt;&gt;</a>&nbsp;&nbsp;&nbsp;put_fat
</UL>

<P><STRONG><a name="[188]"></a>st_word</STRONG> (Thumb, 12 bytes, Stack size 0 bytes, ff.o(i.st_word))
<BR><BR>[Called By]<UL><LI><a href="#[184]">&gt;&gt;</a>&nbsp;&nbsp;&nbsp;f_mkfs
<LI><a href="#[181]">&gt;&gt;</a>&nbsp;&nbsp;&nbsp;f_sync
<LI><a href="#[19a]">&gt;&gt;</a>&nbsp;&nbsp;&nbsp;sync_fs
<LI><a href="#[194]">&gt;&gt;</a>&nbsp;&nbsp;&nbsp;st_clust
<LI><a href="#[16c]">&gt;&gt;</a>&nbsp;&nbsp;&nbsp;put_fat
</UL>

<P><STRONG><a name="[19a]"></a>sync_fs</STRONG> (Thumb, 134 bytes, Stack size 16 bytes, ff.o(i.sync_fs))
<BR><BR>[Stack]<UL><LI>Max Depth = 64<LI>Call Chain = sync_fs &rArr; sync_window &rArr; disk_write
</UL>
<BR>[Calls]<UL><LI><a href="#[17b]">&gt;&gt;</a>&nbsp;&nbsp;&nbsp;sync_window
<LI><a href="#[188]">&gt;&gt;</a>&nbsp;&nbsp;&nbsp;st_word
<LI><a href="#[189]">&gt;&gt;</a>&nbsp;&nbsp;&nbsp;st_dword
<LI><a href="#[16e]">&gt;&gt;</a>&nbsp;&nbsp;&nbsp;mem_set
<LI><a href="#[18b]">&gt;&gt;</a>&nbsp;&nbsp;&nbsp;disk_write
<LI><a href="#[187]">&gt;&gt;</a>&nbsp;&nbsp;&nbsp;disk_ioctl
</UL>
<BR>[Called By]<UL><LI><a href="#[181]">&gt;&gt;</a>&nbsp;&nbsp;&nbsp;f_sync
</UL>

<P><STRONG><a name="[17b]"></a>sync_window</STRONG> (Thumb, 82 bytes, Stack size 24 bytes, ff.o(i.sync_window))
<BR><BR>[Stack]<UL><LI>Max Depth = 48<LI>Call Chain = sync_window &rArr; disk_write
</UL>
<BR>[Calls]<UL><LI><a href="#[18b]">&gt;&gt;</a>&nbsp;&nbsp;&nbsp;disk_write
</UL>
<BR>[Called By]<UL><LI><a href="#[19a]">&gt;&gt;</a>&nbsp;&nbsp;&nbsp;sync_fs
<LI><a href="#[167]">&gt;&gt;</a>&nbsp;&nbsp;&nbsp;move_window
<LI><a href="#[178]">&gt;&gt;</a>&nbsp;&nbsp;&nbsp;dir_next
</UL>

<P><STRONG><a name="[182]"></a>validate</STRONG> (Thumb, 60 bytes, Stack size 16 bytes, ff.o(i.validate))
<BR><BR>[Stack]<UL><LI>Max Depth = 32<LI>Call Chain = validate &rArr; disk_status
</UL>
<BR>[Calls]<UL><LI><a href="#[19c]">&gt;&gt;</a>&nbsp;&nbsp;&nbsp;disk_status
</UL>
<BR>[Called By]<UL><LI><a href="#[198]">&gt;&gt;</a>&nbsp;&nbsp;&nbsp;f_read
<LI><a href="#[180]">&gt;&gt;</a>&nbsp;&nbsp;&nbsp;f_close
<LI><a href="#[181]">&gt;&gt;</a>&nbsp;&nbsp;&nbsp;f_sync
</UL>

<P><STRONG><a name="[161]"></a>_fp_digits</STRONG> (Thumb, 366 bytes, Stack size 64 bytes, printfa.o(i._fp_digits), UNUSED)
<BR><BR>[Calls]<UL><LI><a href="#[8a]">&gt;&gt;</a>&nbsp;&nbsp;&nbsp;__aeabi_dmul
<LI><a href="#[8b]">&gt;&gt;</a>&nbsp;&nbsp;&nbsp;__aeabi_ddiv
<LI><a href="#[84]">&gt;&gt;</a>&nbsp;&nbsp;&nbsp;__aeabi_dadd
<LI><a href="#[8c]">&gt;&gt;</a>&nbsp;&nbsp;&nbsp;__aeabi_d2ulz
<LI><a href="#[162]">&gt;&gt;</a>&nbsp;&nbsp;&nbsp;__aeabi_cdrcmple
<LI><a href="#[7e]">&gt;&gt;</a>&nbsp;&nbsp;&nbsp;__aeabi_uldivmod
</UL>
<BR>[Called By]<UL><LI><a href="#[160]">&gt;&gt;</a>&nbsp;&nbsp;&nbsp;_printf_core
</UL>

<P><STRONG><a name="[160]"></a>_printf_core</STRONG> (Thumb, 1744 bytes, Stack size 136 bytes, printfa.o(i._printf_core), UNUSED)
<BR><BR>[Calls]<UL><LI><a href="#[163]">&gt;&gt;</a>&nbsp;&nbsp;&nbsp;_printf_pre_padding
<LI><a href="#[164]">&gt;&gt;</a>&nbsp;&nbsp;&nbsp;_printf_post_padding
<LI><a href="#[161]">&gt;&gt;</a>&nbsp;&nbsp;&nbsp;_fp_digits
<LI><a href="#[7e]">&gt;&gt;</a>&nbsp;&nbsp;&nbsp;__aeabi_uldivmod
<LI><a href="#[165]">&gt;&gt;</a>&nbsp;&nbsp;&nbsp;__aeabi_uidivmod
</UL>
<BR>[Called By]<UL><LI><a href="#[15f]">&gt;&gt;</a>&nbsp;&nbsp;&nbsp;__0printf
</UL>

<P><STRONG><a name="[164]"></a>_printf_post_padding</STRONG> (Thumb, 36 bytes, Stack size 24 bytes, printfa.o(i._printf_post_padding), UNUSED)
<BR><BR>[Called By]<UL><LI><a href="#[160]">&gt;&gt;</a>&nbsp;&nbsp;&nbsp;_printf_core
</UL>

<P><STRONG><a name="[163]"></a>_printf_pre_padding</STRONG> (Thumb, 46 bytes, Stack size 24 bytes, printfa.o(i._printf_pre_padding), UNUSED)
<BR><BR>[Called By]<UL><LI><a href="#[160]">&gt;&gt;</a>&nbsp;&nbsp;&nbsp;_printf_core
</UL>
<P>
<H3>
Undefined Global Symbols
</H3><HR></body></html>
